nohup: ignoring input
Vocabulary Size:  30522
[BertClassifier] use visible_matrix: True
[KnowledgeGraph] Loading spo from brain/kgs/none.spo
Start training.
Loading sentences from ./datasets/suicidio/train.tsv
There are 1000 sentence in total. We use 1 processes to inject knowledge into sentences.
Progress of process 0: 0/1000
Shuffling dataset
Trans data to tensor.
input_ids
label_ids
mask_ids
pos_ids
vms
Batch size:  32
The number of training instances: 1000
Start evaluation on dev dataset.
Loading sentences from ./datasets/suicidio/dev.tsv
There are 1366 sentence in total. We use 1 processes to inject knowledge into sentences.
Progress of process 0: 0/1366
Progress of process 0: 1000/1366
Label 0: 0.844, 0.971, 0.903
Label 1: 0.955, 0.770, 0.852
Acc. (Correct/Total): 0.8829 (1206/1366) 
Start evaluation on test dataset.
Loading sentences from ./datasets/suicidio/test.tsv
There are 1367 sentence in total. We use 1 processes to inject knowledge into sentences.
Progress of process 0: 0/1367
Progress of process 0: 1000/1367
The number of evaluation instances:  1367
Confusion matrix:
tensor([[738, 130],
        [ 29, 470]])
Report precision, recall, and f1:
Label 0: 0.850, 0.962, 0.903
Label 1: 0.942, 0.783, 0.855
Acc. (Correct/Total): 0.8837 (1208/1367) 
Start evaluation on dev dataset.
Loading sentences from ./datasets/suicidio/dev.tsv
There are 1366 sentence in total. We use 1 processes to inject knowledge into sentences.
Progress of process 0: 0/1366
Progress of process 0: 1000/1366
Label 0: 0.910, 0.949, 0.929
Label 1: 0.931, 0.880, 0.905
Acc. (Correct/Total): 0.9187 (1255/1366) 
Start evaluation on test dataset.
Loading sentences from ./datasets/suicidio/test.tsv
There are 1367 sentence in total. We use 1 processes to inject knowledge into sentences.
Progress of process 0: 0/1367
Progress of process 0: 1000/1367
The number of evaluation instances:  1367
Confusion matrix:
tensor([[718,  75],
        [ 49, 525]])
Report precision, recall, and f1:
Label 0: 0.905, 0.936, 0.921
Label 1: 0.915, 0.875, 0.894
Acc. (Correct/Total): 0.9093 (1243/1367) 
Start evaluation on dev dataset.
Loading sentences from ./datasets/suicidio/dev.tsv
There are 1366 sentence in total. We use 1 processes to inject knowledge into sentences.
Progress of process 0: 0/1366
Progress of process 0: 1000/1366
Label 0: 0.948, 0.909, 0.928
Label 1: 0.889, 0.937, 0.912
Acc. (Correct/Total): 0.9209 (1258/1366) 
Start evaluation on test dataset.
Loading sentences from ./datasets/suicidio/test.tsv
There are 1367 sentence in total. We use 1 processes to inject knowledge into sentences.
Progress of process 0: 0/1367
Progress of process 0: 1000/1367
The number of evaluation instances:  1367
Confusion matrix:
tensor([[672,  43],
        [ 95, 557]])
Report precision, recall, and f1:
Label 0: 0.940, 0.876, 0.907
Label 1: 0.854, 0.928, 0.890
Acc. (Correct/Total): 0.8990 (1229/1367) 
Start evaluation on dev dataset.
Loading sentences from ./datasets/suicidio/dev.tsv
There are 1366 sentence in total. We use 1 processes to inject knowledge into sentences.
Progress of process 0: 0/1366
Progress of process 0: 1000/1366
Label 0: 0.927, 0.930, 0.928
Label 1: 0.910, 0.907, 0.908
Acc. (Correct/Total): 0.9195 (1256/1366) 
Start evaluation on dev dataset.
Loading sentences from ./datasets/suicidio/dev.tsv
There are 1366 sentence in total. We use 1 processes to inject knowledge into sentences.
Progress of process 0: 0/1366
Progress of process 0: 1000/1366
Label 0: 0.937, 0.928, 0.932
Label 1: 0.909, 0.920, 0.915
Acc. (Correct/Total): 0.9246 (1263/1366) 
Start evaluation on test dataset.
Loading sentences from ./datasets/suicidio/test.tsv
There are 1367 sentence in total. We use 1 processes to inject knowledge into sentences.
Progress of process 0: 0/1367
Progress of process 0: 1000/1367
The number of evaluation instances:  1367
Confusion matrix:
tensor([[690,  48],
        [ 77, 552]])
Report precision, recall, and f1:
Label 0: 0.935, 0.900, 0.917
Label 1: 0.878, 0.920, 0.898
Acc. (Correct/Total): 0.9086 (1242/1367) 
Final evaluation on the test dataset.
Loading sentences from ./datasets/suicidio/test.tsv
There are 1367 sentence in total. We use 1 processes to inject knowledge into sentences.
Progress of process 0: 0/1367
Progress of process 0: 1000/1367
The number of evaluation instances:  1367
Confusion matrix:
tensor([[690,  48],
        [ 77, 552]])
Report precision, recall, and f1:
Label 0: 0.935, 0.900, 0.917
Label 1: 0.878, 0.920, 0.898
Acc. (Correct/Total): 0.9086 (1242/1367) 
Tiempo total de ejecución: 1214.32 segundos.
