nohup: ignoring input
Vocabulary Size:  30522
[BertClassifier] use visible_matrix: True
[KnowledgeGraph] Loading spo from brain/kgs/none.spo
Start training.
Loading sentences from ./datasets/suicidio/train.tsv
There are 1000 sentence in total. We use 1 processes to inject knowledge into sentences.
Progress of process 0: 0/1000
Shuffling dataset
Trans data to tensor.
input_ids
label_ids
mask_ids
pos_ids
vms
Batch size:  32
The number of training instances: 1000
Start evaluation on dev dataset.
Loading sentences from ./datasets/suicidio/dev.tsv
There are 1366 sentence in total. We use 1 processes to inject knowledge into sentences.
Progress of process 0: 0/1366
Progress of process 0: 1000/1366
Label 0: 0.896, 0.764, 0.825
Label 1: 0.746, 0.887, 0.810
Acc. (Correct/Total): 0.8177 (1117/1366) 
Start evaluation on test dataset.
Loading sentences from ./datasets/suicidio/test.tsv
There are 1367 sentence in total. We use 1 processes to inject knowledge into sentences.
Progress of process 0: 0/1367
Progress of process 0: 1000/1367
The number of evaluation instances:  1367
Confusion matrix:
tensor([[546,  54],
        [221, 546]])
Report precision, recall, and f1:
Label 0: 0.910, 0.712, 0.799
Label 1: 0.712, 0.910, 0.799
Acc. (Correct/Total): 0.7988 (1092/1367) 
Start evaluation on dev dataset.
Loading sentences from ./datasets/suicidio/dev.tsv
There are 1366 sentence in total. We use 1 processes to inject knowledge into sentences.
Progress of process 0: 0/1366
Progress of process 0: 1000/1366
Label 0: 0.908, 0.963, 0.935
Label 1: 0.949, 0.875, 0.911
Acc. (Correct/Total): 0.9246 (1263/1366) 
Start evaluation on test dataset.
Loading sentences from ./datasets/suicidio/test.tsv
There are 1367 sentence in total. We use 1 processes to inject knowledge into sentences.
Progress of process 0: 0/1367
Progress of process 0: 1000/1367
The number of evaluation instances:  1367
Confusion matrix:
tensor([[723,  91],
        [ 44, 509]])
Report precision, recall, and f1:
Label 0: 0.888, 0.943, 0.915
Label 1: 0.920, 0.848, 0.883
Acc. (Correct/Total): 0.9012 (1232/1367) 
Start evaluation on dev dataset.
Loading sentences from ./datasets/suicidio/dev.tsv
There are 1366 sentence in total. We use 1 processes to inject knowledge into sentences.
Progress of process 0: 0/1366
Progress of process 0: 1000/1366
Label 0: 0.938, 0.923, 0.930
Label 1: 0.904, 0.922, 0.913
Acc. (Correct/Total): 0.9224 (1260/1366) 
Start evaluation on dev dataset.
Loading sentences from ./datasets/suicidio/dev.tsv
There are 1366 sentence in total. We use 1 processes to inject knowledge into sentences.
Progress of process 0: 0/1366
Progress of process 0: 1000/1366
Label 0: 0.924, 0.943, 0.933
Label 1: 0.925, 0.902, 0.913
Acc. (Correct/Total): 0.9246 (1263/1366) 
Start evaluation on dev dataset.
Loading sentences from ./datasets/suicidio/dev.tsv
There are 1366 sentence in total. We use 1 processes to inject knowledge into sentences.
Progress of process 0: 0/1366
Progress of process 0: 1000/1366
Label 0: 0.928, 0.945, 0.937
Label 1: 0.928, 0.907, 0.917
Acc. (Correct/Total): 0.9283 (1268/1366) 
Start evaluation on test dataset.
Loading sentences from ./datasets/suicidio/test.tsv
There are 1367 sentence in total. We use 1 processes to inject knowledge into sentences.
Progress of process 0: 0/1367
Progress of process 0: 1000/1367
The number of evaluation instances:  1367
Confusion matrix:
tensor([[704,  63],
        [ 63, 537]])
Report precision, recall, and f1:
Label 0: 0.918, 0.918, 0.918
Label 1: 0.895, 0.895, 0.895
Acc. (Correct/Total): 0.9078 (1241/1367) 
Final evaluation on the test dataset.
Loading sentences from ./datasets/suicidio/test.tsv
There are 1367 sentence in total. We use 1 processes to inject knowledge into sentences.
Progress of process 0: 0/1367
Progress of process 0: 1000/1367
The number of evaluation instances:  1367
Confusion matrix:
tensor([[704,  63],
        [ 63, 537]])
Report precision, recall, and f1:
Label 0: 0.918, 0.918, 0.918
Label 1: 0.895, 0.895, 0.895
Acc. (Correct/Total): 0.9078 (1241/1367) 
Tiempo total de ejecución: 1142.46 segundos.
