nohup: ignoring input
Vocabulary Size:  30522
[BertClassifier] use visible_matrix: True
[KnowledgeGraph] Loading spo from brain/kgs/none.spo
Start training.
Loading sentences from ./datasets/suicidio/train.tsv
There are 1000 sentence in total. We use 1 processes to inject knowledge into sentences.
Progress of process 0: 0/1000
Shuffling dataset
Trans data to tensor.
input_ids
label_ids
mask_ids
pos_ids
vms
Batch size:  32
The number of training instances: 1000
Start evaluation on dev dataset.
Loading sentences from ./datasets/suicidio/dev.tsv
There are 1366 sentence in total. We use 1 processes to inject knowledge into sentences.
Progress of process 0: 0/1366
Progress of process 0: 1000/1366
Label 0: 0.882, 0.802, 0.840
Label 1: 0.773, 0.863, 0.816
Acc. (Correct/Total): 0.8287 (1132/1366) 
Start evaluation on test dataset.
Loading sentences from ./datasets/suicidio/test.tsv
There are 1367 sentence in total. We use 1 processes to inject knowledge into sentences.
Progress of process 0: 0/1367
Progress of process 0: 1000/1367
The number of evaluation instances:  1367
Confusion matrix:
tensor([[614,  76],
        [153, 524]])
Report precision, recall, and f1:
Label 0: 0.890, 0.801, 0.843
Label 1: 0.774, 0.873, 0.821
Acc. (Correct/Total): 0.8325 (1138/1367) 
Start evaluation on dev dataset.
Loading sentences from ./datasets/suicidio/dev.tsv
There are 1366 sentence in total. We use 1 processes to inject knowledge into sentences.
Progress of process 0: 0/1366
Progress of process 0: 1000/1366
Label 0: 0.878, 0.966, 0.920
Label 1: 0.950, 0.828, 0.885
Acc. (Correct/Total): 0.9056 (1237/1366) 
Start evaluation on test dataset.
Loading sentences from ./datasets/suicidio/test.tsv
There are 1367 sentence in total. We use 1 processes to inject knowledge into sentences.
Progress of process 0: 0/1367
Progress of process 0: 1000/1367
The number of evaluation instances:  1367
Confusion matrix:
tensor([[740, 101],
        [ 27, 499]])
Report precision, recall, and f1:
Label 0: 0.880, 0.965, 0.920
Label 1: 0.949, 0.832, 0.886
Acc. (Correct/Total): 0.9064 (1239/1367) 
Start evaluation on dev dataset.
Loading sentences from ./datasets/suicidio/dev.tsv
There are 1366 sentence in total. We use 1 processes to inject knowledge into sentences.
Progress of process 0: 0/1366
Progress of process 0: 1000/1366
Label 0: 0.949, 0.852, 0.898
Label 1: 0.833, 0.942, 0.884
Acc. (Correct/Total): 0.8917 (1218/1366) 
Start evaluation on dev dataset.
Loading sentences from ./datasets/suicidio/dev.tsv
There are 1366 sentence in total. We use 1 processes to inject knowledge into sentences.
Progress of process 0: 0/1366
Progress of process 0: 1000/1366
Label 0: 0.948, 0.873, 0.909
Label 1: 0.853, 0.938, 0.894
Acc. (Correct/Total): 0.9019 (1232/1366) 
Start evaluation on dev dataset.
Loading sentences from ./datasets/suicidio/dev.tsv
There are 1366 sentence in total. We use 1 processes to inject knowledge into sentences.
Progress of process 0: 0/1366
Progress of process 0: 1000/1366
Label 0: 0.948, 0.875, 0.910
Label 1: 0.854, 0.938, 0.894
Acc. (Correct/Total): 0.9026 (1233/1366) 
Final evaluation on the test dataset.
Loading sentences from ./datasets/suicidio/test.tsv
There are 1367 sentence in total. We use 1 processes to inject knowledge into sentences.
Progress of process 0: 0/1367
Progress of process 0: 1000/1367
The number of evaluation instances:  1367
Confusion matrix:
tensor([[740, 101],
        [ 27, 499]])
Report precision, recall, and f1:
Label 0: 0.880, 0.965, 0.920
Label 1: 0.949, 0.832, 0.886
Acc. (Correct/Total): 0.9064 (1239/1367) 
Tiempo total de ejecución: 1031.99 segundos.
