nohup: ignoring input
Vocabulary Size:  30522
[BertClassifier] use visible_matrix: True
[KnowledgeGraph] Loading spo from brain/kgs/none.spo
Start training.
Loading sentences from ./datasets/suicidio/train.tsv
There are 1000 sentence in total. We use 1 processes to inject knowledge into sentences.
Progress of process 0: 0/1000
Shuffling dataset
Trans data to tensor.
input_ids
label_ids
mask_ids
pos_ids
vms
Batch size:  32
The number of training instances: 1000
Start evaluation on dev dataset.
Loading sentences from ./datasets/suicidio/dev.tsv
There are 1366 sentence in total. We use 1 processes to inject knowledge into sentences.
Progress of process 0: 0/1366
Progress of process 0: 1000/1366
Label 0: 0.782, 1.000, 0.877
Label 1: 1.000, 0.643, 0.783
Acc. (Correct/Total): 0.8433 (1152/1366) 
Start evaluation on test dataset.
Loading sentences from ./datasets/suicidio/test.tsv
There are 1367 sentence in total. We use 1 processes to inject knowledge into sentences.
Progress of process 0: 0/1367
Progress of process 0: 1000/1367
The number of evaluation instances:  1367
Confusion matrix:
tensor([[764, 201],
        [  3, 399]])
Report precision, recall, and f1:
Label 0: 0.792, 0.996, 0.882
Label 1: 0.993, 0.665, 0.796
Acc. (Correct/Total): 0.8508 (1163/1367) 
Start evaluation on dev dataset.
Loading sentences from ./datasets/suicidio/dev.tsv
There are 1366 sentence in total. We use 1 processes to inject knowledge into sentences.
Progress of process 0: 0/1366
Progress of process 0: 1000/1366
Label 0: 0.923, 0.886, 0.904
Label 1: 0.862, 0.905, 0.883
Acc. (Correct/Total): 0.8946 (1222/1366) 
Start evaluation on test dataset.
Loading sentences from ./datasets/suicidio/test.tsv
There are 1367 sentence in total. We use 1 processes to inject knowledge into sentences.
Progress of process 0: 0/1367
Progress of process 0: 1000/1367
The number of evaluation instances:  1367
Confusion matrix:
tensor([[673,  61],
        [ 94, 539]])
Report precision, recall, and f1:
Label 0: 0.917, 0.877, 0.897
Label 1: 0.852, 0.898, 0.874
Acc. (Correct/Total): 0.8866 (1212/1367) 
Start evaluation on dev dataset.
Loading sentences from ./datasets/suicidio/dev.tsv
There are 1366 sentence in total. We use 1 processes to inject knowledge into sentences.
Progress of process 0: 0/1366
Progress of process 0: 1000/1366
Label 0: 0.891, 0.961, 0.925
Label 1: 0.944, 0.850, 0.895
Acc. (Correct/Total): 0.9122 (1246/1366) 
Start evaluation on test dataset.
Loading sentences from ./datasets/suicidio/test.tsv
There are 1367 sentence in total. We use 1 processes to inject knowledge into sentences.
Progress of process 0: 0/1367
Progress of process 0: 1000/1367
The number of evaluation instances:  1367
Confusion matrix:
tensor([[727,  92],
        [ 40, 508]])
Report precision, recall, and f1:
Label 0: 0.888, 0.948, 0.917
Label 1: 0.927, 0.847, 0.885
Acc. (Correct/Total): 0.9034 (1235/1367) 
Start evaluation on dev dataset.
Loading sentences from ./datasets/suicidio/dev.tsv
There are 1366 sentence in total. We use 1 processes to inject knowledge into sentences.
Progress of process 0: 0/1366
Progress of process 0: 1000/1366
Label 0: 0.923, 0.920, 0.922
Label 1: 0.899, 0.902, 0.900
Acc. (Correct/Total): 0.9122 (1246/1366) 
Start evaluation on dev dataset.
Loading sentences from ./datasets/suicidio/dev.tsv
There are 1366 sentence in total. We use 1 processes to inject knowledge into sentences.
Progress of process 0: 0/1366
Progress of process 0: 1000/1366
Label 0: 0.946, 0.894, 0.919
Label 1: 0.874, 0.935, 0.903
Acc. (Correct/Total): 0.9122 (1246/1366) 
Final evaluation on the test dataset.
Loading sentences from ./datasets/suicidio/test.tsv
There are 1367 sentence in total. We use 1 processes to inject knowledge into sentences.
Progress of process 0: 0/1367
Progress of process 0: 1000/1367
The number of evaluation instances:  1367
Confusion matrix:
tensor([[727,  92],
        [ 40, 508]])
Report precision, recall, and f1:
Label 0: 0.888, 0.948, 0.917
Label 1: 0.927, 0.847, 0.885
Acc. (Correct/Total): 0.9034 (1235/1367) 
Tiempo total de ejecución: 1125.10 segundos.
