nohup: ignoring input
Vocabulary Size:  30522
[BertClassifier] use visible_matrix: True
[KnowledgeGraph] Loading spo from brain/kgs/none.spo
Start training.
Loading sentences from ./datasets/suicidio/train.tsv
There are 1000 sentence in total. We use 1 processes to inject knowledge into sentences.
Progress of process 0: 0/1000
Shuffling dataset
Trans data to tensor.
input_ids
label_ids
mask_ids
pos_ids
vms
Batch size:  32
The number of training instances: 1000
Start evaluation on dev dataset.
Loading sentences from ./datasets/suicidio/dev.tsv
There are 1366 sentence in total. We use 1 processes to inject knowledge into sentences.
Progress of process 0: 0/1366
Progress of process 0: 1000/1366
Label 0: 0.752, 1.000, 0.859
Label 1: 1.000, 0.580, 0.734
Acc. (Correct/Total): 0.8155 (1114/1366) 
Start evaluation on test dataset.
Loading sentences from ./datasets/suicidio/test.tsv
There are 1367 sentence in total. We use 1 processes to inject knowledge into sentences.
Progress of process 0: 0/1367
Progress of process 0: 1000/1367
The number of evaluation instances:  1367
Confusion matrix:
tensor([[767, 240],
        [  0, 360]])
Report precision, recall, and f1:
Label 0: 0.762, 1.000, 0.865
Label 1: 1.000, 0.600, 0.750
Acc. (Correct/Total): 0.8244 (1127/1367) 
Start evaluation on dev dataset.
Loading sentences from ./datasets/suicidio/dev.tsv
There are 1366 sentence in total. We use 1 processes to inject knowledge into sentences.
Progress of process 0: 0/1366
Progress of process 0: 1000/1366
Label 0: 0.833, 0.975, 0.898
Label 1: 0.959, 0.750, 0.842
Acc. (Correct/Total): 0.8763 (1197/1366) 
Start evaluation on test dataset.
Loading sentences from ./datasets/suicidio/test.tsv
There are 1367 sentence in total. We use 1 processes to inject knowledge into sentences.
Progress of process 0: 0/1367
Progress of process 0: 1000/1367
The number of evaluation instances:  1367
Confusion matrix:
tensor([[746, 142],
        [ 21, 458]])
Report precision, recall, and f1:
Label 0: 0.840, 0.973, 0.902
Label 1: 0.956, 0.763, 0.849
Acc. (Correct/Total): 0.8808 (1204/1367) 
Start evaluation on dev dataset.
Loading sentences from ./datasets/suicidio/dev.tsv
There are 1366 sentence in total. We use 1 processes to inject knowledge into sentences.
Progress of process 0: 0/1366
Progress of process 0: 1000/1366
Label 0: 0.925, 0.930, 0.927
Label 1: 0.909, 0.903, 0.906
Acc. (Correct/Total): 0.9180 (1254/1366) 
Start evaluation on test dataset.
Loading sentences from ./datasets/suicidio/test.tsv
There are 1367 sentence in total. We use 1 processes to inject knowledge into sentences.
Progress of process 0: 0/1367
Progress of process 0: 1000/1367
The number of evaluation instances:  1367
Confusion matrix:
tensor([[711,  67],
        [ 56, 533]])
Report precision, recall, and f1:
Label 0: 0.914, 0.927, 0.920
Label 1: 0.905, 0.888, 0.897
Acc. (Correct/Total): 0.9100 (1244/1367) 
Start evaluation on dev dataset.
Loading sentences from ./datasets/suicidio/dev.tsv
There are 1366 sentence in total. We use 1 processes to inject knowledge into sentences.
Progress of process 0: 0/1366
Progress of process 0: 1000/1366
Label 0: 0.909, 0.950, 0.929
Label 1: 0.933, 0.878, 0.905
Acc. (Correct/Total): 0.9187 (1255/1366) 
Start evaluation on test dataset.
Loading sentences from ./datasets/suicidio/test.tsv
There are 1367 sentence in total. We use 1 processes to inject knowledge into sentences.
Progress of process 0: 0/1367
Progress of process 0: 1000/1367
The number of evaluation instances:  1367
Confusion matrix:
tensor([[718,  77],
        [ 49, 523]])
Report precision, recall, and f1:
Label 0: 0.903, 0.936, 0.919
Label 1: 0.914, 0.872, 0.892
Acc. (Correct/Total): 0.9078 (1241/1367) 
Start evaluation on dev dataset.
Loading sentences from ./datasets/suicidio/dev.tsv
There are 1366 sentence in total. We use 1 processes to inject knowledge into sentences.
Progress of process 0: 0/1366
Progress of process 0: 1000/1366
Label 0: 0.942, 0.910, 0.926
Label 1: 0.890, 0.928, 0.909
Acc. (Correct/Total): 0.9180 (1254/1366) 
Final evaluation on the test dataset.
Loading sentences from ./datasets/suicidio/test.tsv
There are 1367 sentence in total. We use 1 processes to inject knowledge into sentences.
Progress of process 0: 0/1367
Progress of process 0: 1000/1367
The number of evaluation instances:  1367
Confusion matrix:
tensor([[718,  77],
        [ 49, 523]])
Report precision, recall, and f1:
Label 0: 0.903, 0.936, 0.919
Label 1: 0.914, 0.872, 0.892
Acc. (Correct/Total): 0.9078 (1241/1367) 
Tiempo total de ejecución: 1220.75 segundos.
