nohup: ignoring input
Vocabulary Size:  30522
[BertClassifier] use visible_matrix: True
[KnowledgeGraph] Loading spo from brain/kgs/none.spo
Start training.
Loading sentences from ./datasets/suicidio/train.tsv
There are 1000 sentence in total. We use 1 processes to inject knowledge into sentences.
Progress of process 0: 0/1000
Shuffling dataset
Trans data to tensor.
input_ids
label_ids
mask_ids
pos_ids
vms
Batch size:  32
The number of training instances: 1000
Start evaluation on dev dataset.
Loading sentences from ./datasets/suicidio/dev.tsv
There are 1366 sentence in total. We use 1 processes to inject knowledge into sentences.
Progress of process 0: 0/1366
Progress of process 0: 1000/1366
Label 0: 0.884, 0.928, 0.906
Label 1: 0.902, 0.845, 0.873
Acc. (Correct/Total): 0.8917 (1218/1366) 
Start evaluation on test dataset.
Loading sentences from ./datasets/suicidio/test.tsv
There are 1367 sentence in total. We use 1 processes to inject knowledge into sentences.
Progress of process 0: 0/1367
Progress of process 0: 1000/1367
The number of evaluation instances:  1367
Confusion matrix:
tensor([[700,  91],
        [ 67, 509]])
Report precision, recall, and f1:
Label 0: 0.885, 0.913, 0.899
Label 1: 0.884, 0.848, 0.866
Acc. (Correct/Total): 0.8844 (1209/1367) 
Start evaluation on dev dataset.
Loading sentences from ./datasets/suicidio/dev.tsv
There are 1366 sentence in total. We use 1 processes to inject knowledge into sentences.
Progress of process 0: 0/1366
Progress of process 0: 1000/1366
Label 0: 0.916, 0.952, 0.933
Label 1: 0.935, 0.888, 0.911
Acc. (Correct/Total): 0.9239 (1262/1366) 
Start evaluation on test dataset.
Loading sentences from ./datasets/suicidio/test.tsv
There are 1367 sentence in total. We use 1 processes to inject knowledge into sentences.
Progress of process 0: 0/1367
Progress of process 0: 1000/1367
The number of evaluation instances:  1367
Confusion matrix:
tensor([[715,  67],
        [ 52, 533]])
Report precision, recall, and f1:
Label 0: 0.914, 0.932, 0.923
Label 1: 0.911, 0.888, 0.900
Acc. (Correct/Total): 0.9129 (1248/1367) 
Start evaluation on dev dataset.
Loading sentences from ./datasets/suicidio/dev.tsv
There are 1366 sentence in total. We use 1 processes to inject knowledge into sentences.
Progress of process 0: 0/1366
Progress of process 0: 1000/1366
Label 0: 0.915, 0.945, 0.930
Label 1: 0.927, 0.888, 0.907
Acc. (Correct/Total): 0.9202 (1257/1366) 
Start evaluation on dev dataset.
Loading sentences from ./datasets/suicidio/dev.tsv
There are 1366 sentence in total. We use 1 processes to inject knowledge into sentences.
Progress of process 0: 0/1366
Progress of process 0: 1000/1366
Label 0: 0.930, 0.937, 0.934
Label 1: 0.919, 0.910, 0.915
Acc. (Correct/Total): 0.9253 (1264/1366) 
Start evaluation on test dataset.
Loading sentences from ./datasets/suicidio/test.tsv
There are 1367 sentence in total. We use 1 processes to inject knowledge into sentences.
Progress of process 0: 0/1367
Progress of process 0: 1000/1367
The number of evaluation instances:  1367
Confusion matrix:
tensor([[708,  55],
        [ 59, 545]])
Report precision, recall, and f1:
Label 0: 0.928, 0.923, 0.925
Label 1: 0.902, 0.908, 0.905
Acc. (Correct/Total): 0.9166 (1253/1367) 
Start evaluation on dev dataset.
Loading sentences from ./datasets/suicidio/dev.tsv
There are 1366 sentence in total. We use 1 processes to inject knowledge into sentences.
Progress of process 0: 0/1366
Progress of process 0: 1000/1366
Label 0: 0.924, 0.948, 0.936
Label 1: 0.931, 0.900, 0.915
Acc. (Correct/Total): 0.9268 (1266/1366) 
Start evaluation on test dataset.
Loading sentences from ./datasets/suicidio/test.tsv
There are 1367 sentence in total. We use 1 processes to inject knowledge into sentences.
Progress of process 0: 0/1367
Progress of process 0: 1000/1367
The number of evaluation instances:  1367
Confusion matrix:
tensor([[713,  62],
        [ 54, 538]])
Report precision, recall, and f1:
Label 0: 0.920, 0.930, 0.925
Label 1: 0.909, 0.897, 0.903
Acc. (Correct/Total): 0.9151 (1251/1367) 
Final evaluation on the test dataset.
Loading sentences from ./datasets/suicidio/test.tsv
There are 1367 sentence in total. We use 1 processes to inject knowledge into sentences.
Progress of process 0: 0/1367
Progress of process 0: 1000/1367
The number of evaluation instances:  1367
Confusion matrix:
tensor([[713,  62],
        [ 54, 538]])
Report precision, recall, and f1:
Label 0: 0.920, 0.930, 0.925
Label 1: 0.909, 0.897, 0.903
Acc. (Correct/Total): 0.9151 (1251/1367) 
Tiempo total de ejecución: 1216.47 segundos.
