nohup: ignoring input
Vocabulary Size:  30522
[BertClassifier] use visible_matrix: True
[KnowledgeGraph] Loading spo from brain/kgs/none.spo
Start training.
Loading sentences from ./datasets/suicidio/train.tsv
There are 1000 sentence in total. We use 1 processes to inject knowledge into sentences.
Progress of process 0: 0/1000
Shuffling dataset
Trans data to tensor.
input_ids
label_ids
mask_ids
pos_ids
vms
Batch size:  32
The number of training instances: 1000
Start evaluation on dev dataset.
Loading sentences from ./datasets/suicidio/dev.tsv
There are 1366 sentence in total. We use 1 processes to inject knowledge into sentences.
Progress of process 0: 0/1366
Progress of process 0: 1000/1366
Label 0: 0.897, 0.816, 0.854
Label 1: 0.789, 0.880, 0.832
Acc. (Correct/Total): 0.8441 (1153/1366) 
Start evaluation on test dataset.
Loading sentences from ./datasets/suicidio/test.tsv
There are 1367 sentence in total. We use 1 processes to inject knowledge into sentences.
Progress of process 0: 0/1367
Progress of process 0: 1000/1367
The number of evaluation instances:  1367
Confusion matrix:
tensor([[619,  72],
        [148, 528]])
Report precision, recall, and f1:
Label 0: 0.896, 0.807, 0.849
Label 1: 0.781, 0.880, 0.828
Acc. (Correct/Total): 0.8391 (1147/1367) 
Start evaluation on dev dataset.
Loading sentences from ./datasets/suicidio/dev.tsv
There are 1366 sentence in total. We use 1 processes to inject knowledge into sentences.
Progress of process 0: 0/1366
Progress of process 0: 1000/1366
Label 0: 0.952, 0.574, 0.717
Label 1: 0.639, 0.963, 0.769
Acc. (Correct/Total): 0.7452 (1018/1366) 
Start evaluation on dev dataset.
Loading sentences from ./datasets/suicidio/dev.tsv
There are 1366 sentence in total. We use 1 processes to inject knowledge into sentences.
Progress of process 0: 0/1366
Progress of process 0: 1000/1366
Label 0: 0.920, 0.846, 0.882
Label 1: 0.822, 0.907, 0.862
Acc. (Correct/Total): 0.8726 (1192/1366) 
Start evaluation on test dataset.
Loading sentences from ./datasets/suicidio/test.tsv
There are 1367 sentence in total. We use 1 processes to inject knowledge into sentences.
Progress of process 0: 0/1367
Progress of process 0: 1000/1367
The number of evaluation instances:  1367
Confusion matrix:
tensor([[631,  49],
        [136, 551]])
Report precision, recall, and f1:
Label 0: 0.928, 0.823, 0.872
Label 1: 0.802, 0.918, 0.856
Acc. (Correct/Total): 0.8647 (1182/1367) 
Start evaluation on dev dataset.
Loading sentences from ./datasets/suicidio/dev.tsv
There are 1366 sentence in total. We use 1 processes to inject knowledge into sentences.
Progress of process 0: 0/1366
Progress of process 0: 1000/1366
Label 0: 0.921, 0.923, 0.922
Label 1: 0.901, 0.898, 0.900
Acc. (Correct/Total): 0.9122 (1246/1366) 
Start evaluation on test dataset.
Loading sentences from ./datasets/suicidio/test.tsv
There are 1367 sentence in total. We use 1 processes to inject knowledge into sentences.
Progress of process 0: 0/1367
Progress of process 0: 1000/1367
The number of evaluation instances:  1367
Confusion matrix:
tensor([[701,  64],
        [ 66, 536]])
Report precision, recall, and f1:
Label 0: 0.916, 0.914, 0.915
Label 1: 0.890, 0.893, 0.892
Acc. (Correct/Total): 0.9049 (1237/1367) 
Start evaluation on dev dataset.
Loading sentences from ./datasets/suicidio/dev.tsv
There are 1366 sentence in total. We use 1 processes to inject knowledge into sentences.
Progress of process 0: 0/1366
Progress of process 0: 1000/1366
Label 0: 0.931, 0.901, 0.916
Label 1: 0.878, 0.915, 0.896
Acc. (Correct/Total): 0.9070 (1239/1366) 
Final evaluation on the test dataset.
Loading sentences from ./datasets/suicidio/test.tsv
There are 1367 sentence in total. We use 1 processes to inject knowledge into sentences.
Progress of process 0: 0/1367
Progress of process 0: 1000/1367
The number of evaluation instances:  1367
Confusion matrix:
tensor([[701,  64],
        [ 66, 536]])
Report precision, recall, and f1:
Label 0: 0.916, 0.914, 0.915
Label 1: 0.890, 0.893, 0.892
Acc. (Correct/Total): 0.9049 (1237/1367) 
Tiempo total de ejecución: 1135.09 segundos.
