nohup: ignoring input
Vocabulary Size:  30522
[BertClassifier] use visible_matrix: True
[KnowledgeGraph] Loading spo from brain/kgs/none.spo
Start training.
Loading sentences from ./datasets/suicidio/train.tsv
There are 1000 sentence in total. We use 1 processes to inject knowledge into sentences.
Progress of process 0: 0/1000
Shuffling dataset
Trans data to tensor.
input_ids
label_ids
mask_ids
pos_ids
vms
Batch size:  32
The number of training instances: 1000
Start evaluation on dev dataset.
Loading sentences from ./datasets/suicidio/dev.tsv
There are 1366 sentence in total. We use 1 processes to inject knowledge into sentences.
Progress of process 0: 0/1366
Progress of process 0: 1000/1366
Label 0: 0.809, 0.999, 0.894
Label 1: 0.998, 0.698, 0.822
Acc. (Correct/Total): 0.8668 (1184/1366) 
Start evaluation on test dataset.
Loading sentences from ./datasets/suicidio/test.tsv
There are 1367 sentence in total. We use 1 processes to inject knowledge into sentences.
Progress of process 0: 0/1367
Progress of process 0: 1000/1367
The number of evaluation instances:  1367
Confusion matrix:
tensor([[761, 170],
        [  6, 430]])
Report precision, recall, and f1:
Label 0: 0.817, 0.992, 0.896
Label 1: 0.986, 0.717, 0.830
Acc. (Correct/Total): 0.8713 (1191/1367) 
Start evaluation on dev dataset.
Loading sentences from ./datasets/suicidio/dev.tsv
There are 1366 sentence in total. We use 1 processes to inject knowledge into sentences.
Progress of process 0: 0/1366
Progress of process 0: 1000/1366
Label 0: 0.913, 0.928, 0.920
Label 1: 0.906, 0.887, 0.896
Acc. (Correct/Total): 0.9100 (1243/1366) 
Start evaluation on test dataset.
Loading sentences from ./datasets/suicidio/test.tsv
There are 1367 sentence in total. We use 1 processes to inject knowledge into sentences.
Progress of process 0: 0/1367
Progress of process 0: 1000/1367
The number of evaluation instances:  1367
Confusion matrix:
tensor([[697,  65],
        [ 70, 535]])
Report precision, recall, and f1:
Label 0: 0.915, 0.909, 0.912
Label 1: 0.884, 0.892, 0.888
Acc. (Correct/Total): 0.9012 (1232/1367) 
Start evaluation on dev dataset.
Loading sentences from ./datasets/suicidio/dev.tsv
There are 1366 sentence in total. We use 1 processes to inject knowledge into sentences.
Progress of process 0: 0/1366
Progress of process 0: 1000/1366
Label 0: 0.933, 0.903, 0.918
Label 1: 0.881, 0.917, 0.899
Acc. (Correct/Total): 0.9092 (1242/1366) 
Start evaluation on dev dataset.
Loading sentences from ./datasets/suicidio/dev.tsv
There are 1366 sentence in total. We use 1 processes to inject knowledge into sentences.
Progress of process 0: 0/1366
Progress of process 0: 1000/1366
Label 0: 0.945, 0.868, 0.905
Label 1: 0.847, 0.935, 0.889
Acc. (Correct/Total): 0.8975 (1226/1366) 
Start evaluation on dev dataset.
Loading sentences from ./datasets/suicidio/dev.tsv
There are 1366 sentence in total. We use 1 processes to inject knowledge into sentences.
Progress of process 0: 0/1366
Progress of process 0: 1000/1366
Label 0: 0.936, 0.894, 0.915
Label 1: 0.872, 0.922, 0.896
Acc. (Correct/Total): 0.9063 (1238/1366) 
Final evaluation on the test dataset.
Loading sentences from ./datasets/suicidio/test.tsv
There are 1367 sentence in total. We use 1 processes to inject knowledge into sentences.
Progress of process 0: 0/1367
Progress of process 0: 1000/1367
The number of evaluation instances:  1367
Confusion matrix:
tensor([[697,  65],
        [ 70, 535]])
Report precision, recall, and f1:
Label 0: 0.915, 0.909, 0.912
Label 1: 0.884, 0.892, 0.888
Acc. (Correct/Total): 0.9012 (1232/1367) 
Tiempo total de ejecución: 1035.71 segundos.
