nohup: ignoring input
Vocabulary Size:  30522
[BertClassifier] use visible_matrix: True
[KnowledgeGraph] Loading spo from brain/kgs/conceptnet_salud_mental.spo
Start training.
Loading sentences from ./datasets/salud_mental/train.tsv
There are 1000 sentence in total. We use 1 processes to inject knowledge into sentences.
Progress of process 0: 0/1000
Shuffling dataset
Trans data to tensor.
input_ids
label_ids
mask_ids
pos_ids
vms
Batch size:  32
The number of training instances: 1000
Start evaluation on dev dataset.
Loading sentences from ./datasets/salud_mental/dev.tsv
There are 1000 sentence in total. We use 1 processes to inject knowledge into sentences.
Progress of process 0: 0/1000
Label 0: 0.820, 0.900, 0.858
Label 1: 0.889, 0.802, 0.843
Acc. (Correct/Total): 0.8510 (851/1000) 
Start evaluation on test dataset.
Loading sentences from ./datasets/salud_mental/test.tsv
There are 1000 sentence in total. We use 1 processes to inject knowledge into sentences.
Progress of process 0: 0/1000
The number of evaluation instances:  1000
Confusion matrix:
tensor([[451, 109],
        [ 49, 391]])
Report precision, recall, and f1:
Label 0: 0.805, 0.902, 0.851
Label 1: 0.889, 0.782, 0.832
Acc. (Correct/Total): 0.8420 (842/1000) 
Start evaluation on dev dataset.
Loading sentences from ./datasets/salud_mental/dev.tsv
There are 1000 sentence in total. We use 1 processes to inject knowledge into sentences.
Progress of process 0: 0/1000
Label 0: 0.925, 0.812, 0.865
Label 1: 0.832, 0.934, 0.880
Acc. (Correct/Total): 0.8730 (873/1000) 
Start evaluation on test dataset.
Loading sentences from ./datasets/salud_mental/test.tsv
There are 1000 sentence in total. We use 1 processes to inject knowledge into sentences.
Progress of process 0: 0/1000
The number of evaluation instances:  1000
Confusion matrix:
tensor([[401,  25],
        [ 99, 475]])
Report precision, recall, and f1:
Label 0: 0.941, 0.802, 0.866
Label 1: 0.828, 0.950, 0.885
Acc. (Correct/Total): 0.8760 (876/1000) 
Start evaluation on dev dataset.
Loading sentences from ./datasets/salud_mental/dev.tsv
There are 1000 sentence in total. We use 1 processes to inject knowledge into sentences.
Progress of process 0: 0/1000
Label 0: 0.911, 0.838, 0.873
Label 1: 0.850, 0.918, 0.883
Acc. (Correct/Total): 0.8780 (878/1000) 
Start evaluation on test dataset.
Loading sentences from ./datasets/salud_mental/test.tsv
There are 1000 sentence in total. We use 1 processes to inject knowledge into sentences.
Progress of process 0: 0/1000
The number of evaluation instances:  1000
Confusion matrix:
tensor([[414,  37],
        [ 86, 463]])
Report precision, recall, and f1:
Label 0: 0.918, 0.828, 0.871
Label 1: 0.843, 0.926, 0.883
Acc. (Correct/Total): 0.8770 (877/1000) 
Start evaluation on dev dataset.
Loading sentences from ./datasets/salud_mental/dev.tsv
There are 1000 sentence in total. We use 1 processes to inject knowledge into sentences.
Progress of process 0: 0/1000
Label 0: 0.878, 0.908, 0.893
Label 1: 0.905, 0.874, 0.889
Acc. (Correct/Total): 0.8910 (891/1000) 
Start evaluation on test dataset.
Loading sentences from ./datasets/salud_mental/test.tsv
There are 1000 sentence in total. We use 1 processes to inject knowledge into sentences.
Progress of process 0: 0/1000
The number of evaluation instances:  1000
Confusion matrix:
tensor([[445,  57],
        [ 55, 443]])
Report precision, recall, and f1:
Label 0: 0.886, 0.890, 0.888
Label 1: 0.890, 0.886, 0.888
Acc. (Correct/Total): 0.8880 (888/1000) 
Start evaluation on dev dataset.
Loading sentences from ./datasets/salud_mental/dev.tsv
There are 1000 sentence in total. We use 1 processes to inject knowledge into sentences.
Progress of process 0: 0/1000
Label 0: 0.886, 0.882, 0.884
Label 1: 0.882, 0.886, 0.884
Acc. (Correct/Total): 0.8840 (884/1000) 
Final evaluation on the test dataset.
Loading sentences from ./datasets/salud_mental/test.tsv
There are 1000 sentence in total. We use 1 processes to inject knowledge into sentences.
Progress of process 0: 0/1000
The number of evaluation instances:  1000
Confusion matrix:
tensor([[445,  57],
        [ 55, 443]])
Report precision, recall, and f1:
Label 0: 0.886, 0.890, 0.888
Label 1: 0.890, 0.886, 0.888
Acc. (Correct/Total): 0.8880 (888/1000) 
Tiempo total de ejecución: 823.85 segundos.
