nohup: ignoring input
Vocabulary Size:  30522
[BertClassifier] use visible_matrix: True
[KnowledgeGraph] Loading spo from brain/kgs/conceptnet_salud_mental.spo
Start training.
Loading sentences from ./datasets/salud_mental/train.tsv
There are 1000 sentence in total. We use 1 processes to inject knowledge into sentences.
Progress of process 0: 0/1000
Shuffling dataset
Trans data to tensor.
input_ids
label_ids
mask_ids
pos_ids
vms
Batch size:  32
The number of training instances: 1000
Start evaluation on dev dataset.
Loading sentences from ./datasets/salud_mental/dev.tsv
There are 1000 sentence in total. We use 1 processes to inject knowledge into sentences.
Progress of process 0: 0/1000
Label 0: 0.896, 0.844, 0.869
Label 1: 0.853, 0.902, 0.877
Acc. (Correct/Total): 0.8730 (873/1000) 
Start evaluation on test dataset.
Loading sentences from ./datasets/salud_mental/test.tsv
There are 1000 sentence in total. We use 1 processes to inject knowledge into sentences.
Progress of process 0: 0/1000
The number of evaluation instances:  1000
Confusion matrix:
tensor([[406,  49],
        [ 94, 451]])
Report precision, recall, and f1:
Label 0: 0.892, 0.812, 0.850
Label 1: 0.828, 0.902, 0.863
Acc. (Correct/Total): 0.8570 (857/1000) 
Start evaluation on dev dataset.
Loading sentences from ./datasets/salud_mental/dev.tsv
There are 1000 sentence in total. We use 1 processes to inject knowledge into sentences.
Progress of process 0: 0/1000
Label 0: 0.843, 0.948, 0.893
Label 1: 0.941, 0.824, 0.878
Acc. (Correct/Total): 0.8860 (886/1000) 
Start evaluation on test dataset.
Loading sentences from ./datasets/salud_mental/test.tsv
There are 1000 sentence in total. We use 1 processes to inject knowledge into sentences.
Progress of process 0: 0/1000
The number of evaluation instances:  1000
Confusion matrix:
tensor([[472,  90],
        [ 28, 410]])
Report precision, recall, and f1:
Label 0: 0.840, 0.944, 0.889
Label 1: 0.936, 0.820, 0.874
Acc. (Correct/Total): 0.8820 (882/1000) 
Start evaluation on dev dataset.
Loading sentences from ./datasets/salud_mental/dev.tsv
There are 1000 sentence in total. We use 1 processes to inject knowledge into sentences.
Progress of process 0: 0/1000
Label 0: 0.897, 0.888, 0.892
Label 1: 0.889, 0.898, 0.894
Acc. (Correct/Total): 0.8930 (893/1000) 
Start evaluation on test dataset.
Loading sentences from ./datasets/salud_mental/test.tsv
There are 1000 sentence in total. We use 1 processes to inject knowledge into sentences.
Progress of process 0: 0/1000
The number of evaluation instances:  1000
Confusion matrix:
tensor([[440,  49],
        [ 60, 451]])
Report precision, recall, and f1:
Label 0: 0.900, 0.880, 0.890
Label 1: 0.883, 0.902, 0.892
Acc. (Correct/Total): 0.8910 (891/1000) 
Start evaluation on dev dataset.
Loading sentences from ./datasets/salud_mental/dev.tsv
There are 1000 sentence in total. We use 1 processes to inject knowledge into sentences.
Progress of process 0: 0/1000
Label 0: 0.910, 0.872, 0.891
Label 1: 0.877, 0.914, 0.895
Acc. (Correct/Total): 0.8930 (893/1000) 
Start evaluation on dev dataset.
Loading sentences from ./datasets/salud_mental/dev.tsv
There are 1000 sentence in total. We use 1 processes to inject knowledge into sentences.
Progress of process 0: 0/1000
Label 0: 0.900, 0.896, 0.898
Label 1: 0.896, 0.900, 0.898
Acc. (Correct/Total): 0.8980 (898/1000) 
Start evaluation on test dataset.
Loading sentences from ./datasets/salud_mental/test.tsv
There are 1000 sentence in total. We use 1 processes to inject knowledge into sentences.
Progress of process 0: 0/1000
The number of evaluation instances:  1000
Confusion matrix:
tensor([[447,  46],
        [ 53, 454]])
Report precision, recall, and f1:
Label 0: 0.907, 0.894, 0.900
Label 1: 0.895, 0.908, 0.902
Acc. (Correct/Total): 0.9010 (901/1000) 
Final evaluation on the test dataset.
Loading sentences from ./datasets/salud_mental/test.tsv
There are 1000 sentence in total. We use 1 processes to inject knowledge into sentences.
Progress of process 0: 0/1000
The number of evaluation instances:  1000
Confusion matrix:
tensor([[447,  46],
        [ 53, 454]])
Report precision, recall, and f1:
Label 0: 0.907, 0.894, 0.900
Label 1: 0.895, 0.908, 0.902
Acc. (Correct/Total): 0.9010 (901/1000) 
Tiempo total de ejecución: 820.90 segundos.
