nohup: ignoring input
Vocabulary Size:  30522
[BertClassifier] use visible_matrix: True
[KnowledgeGraph] Loading spo from brain/kgs/conceptnet_salud_mental.spo
Start training.
Loading sentences from ./datasets/salud_mental/train.tsv
There are 1000 sentence in total. We use 1 processes to inject knowledge into sentences.
Progress of process 0: 0/1000
Shuffling dataset
Trans data to tensor.
input_ids
label_ids
mask_ids
pos_ids
vms
Batch size:  32
The number of training instances: 1000
Start evaluation on dev dataset.
Loading sentences from ./datasets/salud_mental/dev.tsv
There are 1000 sentence in total. We use 1 processes to inject knowledge into sentences.
Progress of process 0: 0/1000
Label 0: 0.941, 0.700, 0.803
Label 1: 0.761, 0.956, 0.848
Acc. (Correct/Total): 0.8280 (828/1000) 
Start evaluation on test dataset.
Loading sentences from ./datasets/salud_mental/test.tsv
There are 1000 sentence in total. We use 1 processes to inject knowledge into sentences.
Progress of process 0: 0/1000
The number of evaluation instances:  1000
Confusion matrix:
tensor([[337,  22],
        [163, 478]])
Report precision, recall, and f1:
Label 0: 0.939, 0.674, 0.785
Label 1: 0.746, 0.956, 0.838
Acc. (Correct/Total): 0.8150 (815/1000) 
Start evaluation on dev dataset.
Loading sentences from ./datasets/salud_mental/dev.tsv
There are 1000 sentence in total. We use 1 processes to inject knowledge into sentences.
Progress of process 0: 0/1000
Label 0: 0.908, 0.844, 0.875
Label 1: 0.854, 0.914, 0.883
Acc. (Correct/Total): 0.8790 (879/1000) 
Start evaluation on test dataset.
Loading sentences from ./datasets/salud_mental/test.tsv
There are 1000 sentence in total. We use 1 processes to inject knowledge into sentences.
Progress of process 0: 0/1000
The number of evaluation instances:  1000
Confusion matrix:
tensor([[419,  45],
        [ 81, 455]])
Report precision, recall, and f1:
Label 0: 0.903, 0.838, 0.869
Label 1: 0.849, 0.910, 0.878
Acc. (Correct/Total): 0.8740 (874/1000) 
Start evaluation on dev dataset.
Loading sentences from ./datasets/salud_mental/dev.tsv
There are 1000 sentence in total. We use 1 processes to inject knowledge into sentences.
Progress of process 0: 0/1000
Label 0: 0.891, 0.900, 0.896
Label 1: 0.899, 0.890, 0.894
Acc. (Correct/Total): 0.8950 (895/1000) 
Start evaluation on test dataset.
Loading sentences from ./datasets/salud_mental/test.tsv
There are 1000 sentence in total. We use 1 processes to inject knowledge into sentences.
Progress of process 0: 0/1000
The number of evaluation instances:  1000
Confusion matrix:
tensor([[451,  57],
        [ 49, 443]])
Report precision, recall, and f1:
Label 0: 0.888, 0.902, 0.895
Label 1: 0.900, 0.886, 0.893
Acc. (Correct/Total): 0.8940 (894/1000) 
Start evaluation on dev dataset.
Loading sentences from ./datasets/salud_mental/dev.tsv
There are 1000 sentence in total. We use 1 processes to inject knowledge into sentences.
Progress of process 0: 0/1000
Label 0: 0.901, 0.878, 0.890
Label 1: 0.881, 0.904, 0.892
Acc. (Correct/Total): 0.8910 (891/1000) 
Start evaluation on dev dataset.
Loading sentences from ./datasets/salud_mental/dev.tsv
There are 1000 sentence in total. We use 1 processes to inject knowledge into sentences.
Progress of process 0: 0/1000
Label 0: 0.886, 0.904, 0.895
Label 1: 0.902, 0.884, 0.893
Acc. (Correct/Total): 0.8940 (894/1000) 
Final evaluation on the test dataset.
Loading sentences from ./datasets/salud_mental/test.tsv
There are 1000 sentence in total. We use 1 processes to inject knowledge into sentences.
Progress of process 0: 0/1000
The number of evaluation instances:  1000
Confusion matrix:
tensor([[451,  57],
        [ 49, 443]])
Report precision, recall, and f1:
Label 0: 0.888, 0.902, 0.895
Label 1: 0.900, 0.886, 0.893
Acc. (Correct/Total): 0.8940 (894/1000) 
Tiempo total de ejecución: 762.98 segundos.
