nohup: ignoring input
Vocabulary Size:  30522
[BertClassifier] use visible_matrix: True
[KnowledgeGraph] Loading spo from brain/kgs/none.spo
Start training.
Loading sentences from ./datasets/toxicidad/train.tsv
There are 1000 sentence in total. We use 1 processes to inject knowledge into sentences.
Progress of process 0: 0/1000
Shuffling dataset
Trans data to tensor.
input_ids
label_ids
mask_ids
pos_ids
vms
Batch size:  32
The number of training instances: 1000
Start evaluation on dev dataset.
Loading sentences from ./datasets/toxicidad/dev.tsv
There are 1000 sentence in total. We use 1 processes to inject knowledge into sentences.
Progress of process 0: 0/1000
Label 0: 0.697, 0.918, 0.792
Label 1: 0.880, 0.600, 0.713
Acc. (Correct/Total): 0.7590 (759/1000) 
Start evaluation on test dataset.
Loading sentences from ./datasets/toxicidad/test.tsv
There are 1000 sentence in total. We use 1 processes to inject knowledge into sentences.
Progress of process 0: 0/1000
The number of evaluation instances:  1000
Confusion matrix:
tensor([[457, 176],
        [ 43, 324]])
Report precision, recall, and f1:
Label 0: 0.722, 0.914, 0.807
Label 1: 0.883, 0.648, 0.747
Acc. (Correct/Total): 0.7810 (781/1000) 
Start evaluation on dev dataset.
Loading sentences from ./datasets/toxicidad/dev.tsv
There are 1000 sentence in total. We use 1 processes to inject knowledge into sentences.
Progress of process 0: 0/1000
Label 0: 0.823, 0.882, 0.851
Label 1: 0.873, 0.810, 0.840
Acc. (Correct/Total): 0.8460 (846/1000) 
Start evaluation on test dataset.
Loading sentences from ./datasets/toxicidad/test.tsv
There are 1000 sentence in total. We use 1 processes to inject knowledge into sentences.
Progress of process 0: 0/1000
The number of evaluation instances:  1000
Confusion matrix:
tensor([[432,  78],
        [ 68, 422]])
Report precision, recall, and f1:
Label 0: 0.847, 0.864, 0.855
Label 1: 0.861, 0.844, 0.853
Acc. (Correct/Total): 0.8540 (854/1000) 
Start evaluation on dev dataset.
Loading sentences from ./datasets/toxicidad/dev.tsv
There are 1000 sentence in total. We use 1 processes to inject knowledge into sentences.
Progress of process 0: 0/1000
Label 0: 0.796, 0.984, 0.880
Label 1: 0.979, 0.748, 0.848
Acc. (Correct/Total): 0.8660 (866/1000) 
Start evaluation on test dataset.
Loading sentences from ./datasets/toxicidad/test.tsv
There are 1000 sentence in total. We use 1 processes to inject knowledge into sentences.
Progress of process 0: 0/1000
The number of evaluation instances:  1000
Confusion matrix:
tensor([[493, 107],
        [  7, 393]])
Report precision, recall, and f1:
Label 0: 0.822, 0.986, 0.896
Label 1: 0.983, 0.786, 0.873
Acc. (Correct/Total): 0.8860 (886/1000) 
Start evaluation on dev dataset.
Loading sentences from ./datasets/toxicidad/dev.tsv
There are 1000 sentence in total. We use 1 processes to inject knowledge into sentences.
Progress of process 0: 0/1000
Label 0: 0.865, 0.888, 0.877
Label 1: 0.885, 0.862, 0.873
Acc. (Correct/Total): 0.8750 (875/1000) 
Start evaluation on test dataset.
Loading sentences from ./datasets/toxicidad/test.tsv
There are 1000 sentence in total. We use 1 processes to inject knowledge into sentences.
Progress of process 0: 0/1000
The number of evaluation instances:  1000
Confusion matrix:
tensor([[446,  57],
        [ 54, 443]])
Report precision, recall, and f1:
Label 0: 0.887, 0.892, 0.889
Label 1: 0.891, 0.886, 0.889
Acc. (Correct/Total): 0.8890 (889/1000) 
Start evaluation on dev dataset.
Loading sentences from ./datasets/toxicidad/dev.tsv
There are 1000 sentence in total. We use 1 processes to inject knowledge into sentences.
Progress of process 0: 0/1000
Label 0: 0.871, 0.942, 0.905
Label 1: 0.937, 0.860, 0.897
Acc. (Correct/Total): 0.9010 (901/1000) 
Start evaluation on test dataset.
Loading sentences from ./datasets/toxicidad/test.tsv
There are 1000 sentence in total. We use 1 processes to inject knowledge into sentences.
Progress of process 0: 0/1000
The number of evaluation instances:  1000
Confusion matrix:
tensor([[472,  59],
        [ 28, 441]])
Report precision, recall, and f1:
Label 0: 0.889, 0.944, 0.916
Label 1: 0.940, 0.882, 0.910
Acc. (Correct/Total): 0.9130 (913/1000) 
Final evaluation on the test dataset.
Loading sentences from ./datasets/toxicidad/test.tsv
There are 1000 sentence in total. We use 1 processes to inject knowledge into sentences.
Progress of process 0: 0/1000
The number of evaluation instances:  1000
Confusion matrix:
tensor([[472,  59],
        [ 28, 441]])
Report precision, recall, and f1:
Label 0: 0.889, 0.944, 0.916
Label 1: 0.940, 0.882, 0.910
Acc. (Correct/Total): 0.9130 (913/1000) 
Tiempo total de ejecución: 791.58 segundos.
