nohup: ignoring input
Vocabulary Size:  30522
[BertClassifier] use visible_matrix: True
[KnowledgeGraph] Loading spo from brain/kgs/none.spo
Start training.
Loading sentences from ./datasets/toxicidad/train.tsv
There are 1000 sentence in total. We use 1 processes to inject knowledge into sentences.
Progress of process 0: 0/1000
Shuffling dataset
Trans data to tensor.
input_ids
label_ids
mask_ids
pos_ids
vms
Batch size:  32
The number of training instances: 1000
Start evaluation on dev dataset.
Loading sentences from ./datasets/toxicidad/dev.tsv
There are 1000 sentence in total. We use 1 processes to inject knowledge into sentences.
Progress of process 0: 0/1000
Label 0: 0.858, 0.242, 0.378
Label 1: 0.559, 0.960, 0.706
Acc. (Correct/Total): 0.6010 (601/1000) 
Start evaluation on test dataset.
Loading sentences from ./datasets/toxicidad/test.tsv
There are 1000 sentence in total. We use 1 processes to inject knowledge into sentences.
Progress of process 0: 0/1000
The number of evaluation instances:  1000
Confusion matrix:
tensor([[120,  12],
        [380, 488]])
Report precision, recall, and f1:
Label 0: 0.909, 0.240, 0.380
Label 1: 0.562, 0.976, 0.713
Acc. (Correct/Total): 0.6080 (608/1000) 
Start evaluation on dev dataset.
Loading sentences from ./datasets/toxicidad/dev.tsv
There are 1000 sentence in total. We use 1 processes to inject knowledge into sentences.
Progress of process 0: 0/1000
Label 0: 0.884, 0.730, 0.800
Label 1: 0.770, 0.904, 0.832
Acc. (Correct/Total): 0.8170 (817/1000) 
Start evaluation on test dataset.
Loading sentences from ./datasets/toxicidad/test.tsv
There are 1000 sentence in total. We use 1 processes to inject knowledge into sentences.
Progress of process 0: 0/1000
The number of evaluation instances:  1000
Confusion matrix:
tensor([[349,  39],
        [151, 461]])
Report precision, recall, and f1:
Label 0: 0.899, 0.698, 0.786
Label 1: 0.753, 0.922, 0.829
Acc. (Correct/Total): 0.8100 (810/1000) 
Start evaluation on dev dataset.
Loading sentences from ./datasets/toxicidad/dev.tsv
There are 1000 sentence in total. We use 1 processes to inject knowledge into sentences.
Progress of process 0: 0/1000
Label 0: 0.889, 0.834, 0.861
Label 1: 0.844, 0.896, 0.869
Acc. (Correct/Total): 0.8650 (865/1000) 
Start evaluation on test dataset.
Loading sentences from ./datasets/toxicidad/test.tsv
There are 1000 sentence in total. We use 1 processes to inject knowledge into sentences.
Progress of process 0: 0/1000
The number of evaluation instances:  1000
Confusion matrix:
tensor([[421,  47],
        [ 79, 453]])
Report precision, recall, and f1:
Label 0: 0.900, 0.842, 0.870
Label 1: 0.852, 0.906, 0.878
Acc. (Correct/Total): 0.8740 (874/1000) 
Start evaluation on dev dataset.
Loading sentences from ./datasets/toxicidad/dev.tsv
There are 1000 sentence in total. We use 1 processes to inject knowledge into sentences.
Progress of process 0: 0/1000
Label 0: 0.875, 0.956, 0.914
Label 1: 0.952, 0.864, 0.906
Acc. (Correct/Total): 0.9100 (910/1000) 
Start evaluation on test dataset.
Loading sentences from ./datasets/toxicidad/test.tsv
There are 1000 sentence in total. We use 1 processes to inject knowledge into sentences.
Progress of process 0: 0/1000
The number of evaluation instances:  1000
Confusion matrix:
tensor([[473,  56],
        [ 27, 444]])
Report precision, recall, and f1:
Label 0: 0.894, 0.946, 0.919
Label 1: 0.943, 0.888, 0.915
Acc. (Correct/Total): 0.9170 (917/1000) 
Start evaluation on dev dataset.
Loading sentences from ./datasets/toxicidad/dev.tsv
There are 1000 sentence in total. We use 1 processes to inject knowledge into sentences.
Progress of process 0: 0/1000
Label 0: 0.888, 0.940, 0.914
Label 1: 0.936, 0.882, 0.908
Acc. (Correct/Total): 0.9110 (911/1000) 
Start evaluation on test dataset.
Loading sentences from ./datasets/toxicidad/test.tsv
There are 1000 sentence in total. We use 1 processes to inject knowledge into sentences.
Progress of process 0: 0/1000
The number of evaluation instances:  1000
Confusion matrix:
tensor([[469,  51],
        [ 31, 449]])
Report precision, recall, and f1:
Label 0: 0.902, 0.938, 0.920
Label 1: 0.935, 0.898, 0.916
Acc. (Correct/Total): 0.9180 (918/1000) 
Final evaluation on the test dataset.
Loading sentences from ./datasets/toxicidad/test.tsv
There are 1000 sentence in total. We use 1 processes to inject knowledge into sentences.
Progress of process 0: 0/1000
The number of evaluation instances:  1000
Confusion matrix:
tensor([[469,  51],
        [ 31, 449]])
Report precision, recall, and f1:
Label 0: 0.902, 0.938, 0.920
Label 1: 0.935, 0.898, 0.916
Acc. (Correct/Total): 0.9180 (918/1000) 
Tiempo total de ejecución: 787.81 segundos.
