nohup: ignoring input
Vocabulary Size:  30522
[BertClassifier] use visible_matrix: True
[KnowledgeGraph] Loading spo from brain/kgs/none.spo
Start training.
Loading sentences from ./datasets/emociones/train.tsv
There are 1000 sentence in total. We use 1 processes to inject knowledge into sentences.
Progress of process 0: 0/1000
Shuffling dataset
Trans data to tensor.
input_ids
label_ids
mask_ids
pos_ids
vms
Batch size:  32
The number of training instances: 1000
Start evaluation on dev dataset.
Loading sentences from ./datasets/emociones/dev.tsv
There are 1000 sentence in total. We use 1 processes to inject knowledge into sentences.
Progress of process 0: 0/1000
Label 0: 0.705, 0.633, 0.667
Label 1: 0.731, 0.790, 0.760
Acc. (Correct/Total): 0.7210 (721/1000) 
Start evaluation on test dataset.
Loading sentences from ./datasets/emociones/test.tsv
There are 1000 sentence in total. We use 1 processes to inject knowledge into sentences.
Progress of process 0: 0/1000
The number of evaluation instances:  1000
Confusion matrix:
tensor([[272, 121],
        [170, 437]])
Report precision, recall, and f1:
Label 0: 0.692, 0.615, 0.651
Label 1: 0.720, 0.783, 0.750
Acc. (Correct/Total): 0.7090 (709/1000) 
Start evaluation on dev dataset.
Loading sentences from ./datasets/emociones/dev.tsv
There are 1000 sentence in total. We use 1 processes to inject knowledge into sentences.
Progress of process 0: 0/1000
Label 0: 0.673, 0.860, 0.755
Label 1: 0.857, 0.668, 0.751
Acc. (Correct/Total): 0.7530 (753/1000) 
Start evaluation on test dataset.
Loading sentences from ./datasets/emociones/test.tsv
There are 1000 sentence in total. We use 1 processes to inject knowledge into sentences.
Progress of process 0: 0/1000
The number of evaluation instances:  1000
Confusion matrix:
tensor([[384, 185],
        [ 58, 373]])
Report precision, recall, and f1:
Label 0: 0.675, 0.869, 0.760
Label 1: 0.865, 0.668, 0.754
Acc. (Correct/Total): 0.7570 (757/1000) 
Start evaluation on dev dataset.
Loading sentences from ./datasets/emociones/dev.tsv
There are 1000 sentence in total. We use 1 processes to inject knowledge into sentences.
Progress of process 0: 0/1000
Label 0: 0.723, 0.756, 0.739
Label 1: 0.799, 0.771, 0.785
Acc. (Correct/Total): 0.7640 (764/1000) 
Start evaluation on test dataset.
Loading sentences from ./datasets/emociones/test.tsv
There are 1000 sentence in total. We use 1 processes to inject knowledge into sentences.
Progress of process 0: 0/1000
The number of evaluation instances:  1000
Confusion matrix:
tensor([[328, 119],
        [114, 439]])
Report precision, recall, and f1:
Label 0: 0.734, 0.742, 0.738
Label 1: 0.794, 0.787, 0.790
Acc. (Correct/Total): 0.7670 (767/1000) 
Start evaluation on dev dataset.
Loading sentences from ./datasets/emociones/dev.tsv
There are 1000 sentence in total. We use 1 processes to inject knowledge into sentences.
Progress of process 0: 0/1000
Label 0: 0.724, 0.803, 0.762
Label 1: 0.829, 0.758, 0.792
Acc. (Correct/Total): 0.7780 (778/1000) 
Start evaluation on test dataset.
Loading sentences from ./datasets/emociones/test.tsv
There are 1000 sentence in total. We use 1 processes to inject knowledge into sentences.
Progress of process 0: 0/1000
The number of evaluation instances:  1000
Confusion matrix:
tensor([[351, 132],
        [ 91, 426]])
Report precision, recall, and f1:
Label 0: 0.727, 0.794, 0.759
Label 1: 0.824, 0.763, 0.793
Acc. (Correct/Total): 0.7770 (777/1000) 
Start evaluation on dev dataset.
Loading sentences from ./datasets/emociones/dev.tsv
There are 1000 sentence in total. We use 1 processes to inject knowledge into sentences.
Progress of process 0: 0/1000
Label 0: 0.724, 0.796, 0.759
Label 1: 0.825, 0.760, 0.791
Acc. (Correct/Total): 0.7760 (776/1000) 
Final evaluation on the test dataset.
Loading sentences from ./datasets/emociones/test.tsv
There are 1000 sentence in total. We use 1 processes to inject knowledge into sentences.
Progress of process 0: 0/1000
The number of evaluation instances:  1000
Confusion matrix:
tensor([[351, 132],
        [ 91, 426]])
Report precision, recall, and f1:
Label 0: 0.727, 0.794, 0.759
Label 1: 0.824, 0.763, 0.793
Acc. (Correct/Total): 0.7770 (777/1000) 
Tiempo total de ejecución: 735.56 segundos.
