nohup: ignoring input
Vocabulary Size:  30522
[BertClassifier] use visible_matrix: True
[KnowledgeGraph] Loading spo from brain/kgs/none.spo
Start training.
Loading sentences from ./datasets/emociones/train.tsv
There are 1000 sentence in total. We use 1 processes to inject knowledge into sentences.
Progress of process 0: 0/1000
Shuffling dataset
Trans data to tensor.
input_ids
label_ids
mask_ids
pos_ids
vms
Batch size:  32
The number of training instances: 1000
Start evaluation on dev dataset.
Loading sentences from ./datasets/emociones/dev.tsv
There are 1000 sentence in total. We use 1 processes to inject knowledge into sentences.
Progress of process 0: 0/1000
Label 0: 0.606, 0.889, 0.720
Label 1: 0.860, 0.541, 0.664
Acc. (Correct/Total): 0.6950 (695/1000) 
Start evaluation on test dataset.
Loading sentences from ./datasets/emociones/test.tsv
There are 1000 sentence in total. We use 1 processes to inject knowledge into sentences.
Progress of process 0: 0/1000
The number of evaluation instances:  1000
Confusion matrix:
tensor([[393, 240],
        [ 49, 318]])
Report precision, recall, and f1:
Label 0: 0.621, 0.889, 0.731
Label 1: 0.866, 0.570, 0.688
Acc. (Correct/Total): 0.7110 (711/1000) 
Start evaluation on dev dataset.
Loading sentences from ./datasets/emociones/dev.tsv
There are 1000 sentence in total. We use 1 processes to inject knowledge into sentences.
Progress of process 0: 0/1000
Label 0: 0.763, 0.654, 0.704
Label 1: 0.754, 0.839, 0.794
Acc. (Correct/Total): 0.7570 (757/1000) 
Start evaluation on test dataset.
Loading sentences from ./datasets/emociones/test.tsv
There are 1000 sentence in total. We use 1 processes to inject knowledge into sentences.
Progress of process 0: 0/1000
The number of evaluation instances:  1000
Confusion matrix:
tensor([[279,  85],
        [163, 473]])
Report precision, recall, and f1:
Label 0: 0.766, 0.631, 0.692
Label 1: 0.744, 0.848, 0.792
Acc. (Correct/Total): 0.7520 (752/1000) 
Start evaluation on dev dataset.
Loading sentences from ./datasets/emociones/dev.tsv
There are 1000 sentence in total. We use 1 processes to inject knowledge into sentences.
Progress of process 0: 0/1000
Label 0: 0.743, 0.738, 0.740
Label 1: 0.793, 0.797, 0.795
Acc. (Correct/Total): 0.7710 (771/1000) 
Start evaluation on test dataset.
Loading sentences from ./datasets/emociones/test.tsv
There are 1000 sentence in total. We use 1 processes to inject knowledge into sentences.
Progress of process 0: 0/1000
The number of evaluation instances:  1000
Confusion matrix:
tensor([[317, 115],
        [125, 443]])
Report precision, recall, and f1:
Label 0: 0.734, 0.717, 0.725
Label 1: 0.780, 0.794, 0.787
Acc. (Correct/Total): 0.7600 (760/1000) 
Start evaluation on dev dataset.
Loading sentences from ./datasets/emociones/dev.tsv
There are 1000 sentence in total. We use 1 processes to inject knowledge into sentences.
Progress of process 0: 0/1000
Label 0: 0.710, 0.726, 0.718
Label 1: 0.779, 0.765, 0.772
Acc. (Correct/Total): 0.7480 (748/1000) 
Start evaluation on dev dataset.
Loading sentences from ./datasets/emociones/dev.tsv
There are 1000 sentence in total. We use 1 processes to inject knowledge into sentences.
Progress of process 0: 0/1000
Label 0: 0.692, 0.817, 0.749
Label 1: 0.831, 0.711, 0.766
Acc. (Correct/Total): 0.7580 (758/1000) 
Final evaluation on the test dataset.
Loading sentences from ./datasets/emociones/test.tsv
There are 1000 sentence in total. We use 1 processes to inject knowledge into sentences.
Progress of process 0: 0/1000
The number of evaluation instances:  1000
Confusion matrix:
tensor([[317, 115],
        [125, 443]])
Report precision, recall, and f1:
Label 0: 0.734, 0.717, 0.725
Label 1: 0.780, 0.794, 0.787
Acc. (Correct/Total): 0.7600 (760/1000) 
Tiempo total de ejecución: 695.76 segundos.
