nohup: ignoring input
Vocabulary Size:  30522
[BertClassifier] use visible_matrix: True
[KnowledgeGraph] Loading spo from brain/kgs/none.spo
Start training.
Loading sentences from ./datasets/emociones/train.tsv
There are 1000 sentence in total. We use 1 processes to inject knowledge into sentences.
Progress of process 0: 0/1000
Shuffling dataset
Trans data to tensor.
input_ids
label_ids
mask_ids
pos_ids
vms
Batch size:  32
The number of training instances: 1000
Start evaluation on dev dataset.
Loading sentences from ./datasets/emociones/dev.tsv
There are 1000 sentence in total. We use 1 processes to inject knowledge into sentences.
Progress of process 0: 0/1000
Label 0: 0.614, 0.928, 0.739
Label 1: 0.904, 0.538, 0.674
Acc. (Correct/Total): 0.7100 (710/1000) 
Start evaluation on test dataset.
Loading sentences from ./datasets/emociones/test.tsv
There are 1000 sentence in total. We use 1 processes to inject knowledge into sentences.
Progress of process 0: 0/1000
The number of evaluation instances:  1000
Confusion matrix:
tensor([[420, 273],
        [ 22, 285]])
Report precision, recall, and f1:
Label 0: 0.606, 0.950, 0.740
Label 1: 0.928, 0.511, 0.659
Acc. (Correct/Total): 0.7050 (705/1000) 
Start evaluation on dev dataset.
Loading sentences from ./datasets/emociones/dev.tsv
There are 1000 sentence in total. We use 1 processes to inject knowledge into sentences.
Progress of process 0: 0/1000
Label 0: 0.693, 0.846, 0.762
Label 1: 0.852, 0.703, 0.770
Acc. (Correct/Total): 0.7660 (766/1000) 
Start evaluation on test dataset.
Loading sentences from ./datasets/emociones/test.tsv
There are 1000 sentence in total. We use 1 processes to inject knowledge into sentences.
Progress of process 0: 0/1000
The number of evaluation instances:  1000
Confusion matrix:
tensor([[372, 164],
        [ 70, 394]])
Report precision, recall, and f1:
Label 0: 0.694, 0.842, 0.761
Label 1: 0.849, 0.706, 0.771
Acc. (Correct/Total): 0.7660 (766/1000) 
Start evaluation on dev dataset.
Loading sentences from ./datasets/emociones/dev.tsv
There are 1000 sentence in total. We use 1 processes to inject knowledge into sentences.
Progress of process 0: 0/1000
Label 0: 0.697, 0.801, 0.745
Label 1: 0.821, 0.724, 0.770
Acc. (Correct/Total): 0.7580 (758/1000) 
Start evaluation on dev dataset.
Loading sentences from ./datasets/emociones/dev.tsv
There are 1000 sentence in total. We use 1 processes to inject knowledge into sentences.
Progress of process 0: 0/1000
Label 0: 0.718, 0.783, 0.749
Label 1: 0.815, 0.756, 0.784
Acc. (Correct/Total): 0.7680 (768/1000) 
Start evaluation on test dataset.
Loading sentences from ./datasets/emociones/test.tsv
There are 1000 sentence in total. We use 1 processes to inject knowledge into sentences.
Progress of process 0: 0/1000
The number of evaluation instances:  1000
Confusion matrix:
tensor([[345, 132],
        [ 97, 426]])
Report precision, recall, and f1:
Label 0: 0.723, 0.781, 0.751
Label 1: 0.815, 0.763, 0.788
Acc. (Correct/Total): 0.7710 (771/1000) 
Start evaluation on dev dataset.
Loading sentences from ./datasets/emociones/dev.tsv
There are 1000 sentence in total. We use 1 processes to inject knowledge into sentences.
Progress of process 0: 0/1000
Label 0: 0.728, 0.762, 0.745
Label 1: 0.804, 0.774, 0.789
Acc. (Correct/Total): 0.7690 (769/1000) 
Start evaluation on test dataset.
Loading sentences from ./datasets/emociones/test.tsv
There are 1000 sentence in total. We use 1 processes to inject knowledge into sentences.
Progress of process 0: 0/1000
The number of evaluation instances:  1000
Confusion matrix:
tensor([[336, 127],
        [106, 431]])
Report precision, recall, and f1:
Label 0: 0.726, 0.760, 0.743
Label 1: 0.803, 0.772, 0.787
Acc. (Correct/Total): 0.7670 (767/1000) 
Final evaluation on the test dataset.
Loading sentences from ./datasets/emociones/test.tsv
There are 1000 sentence in total. We use 1 processes to inject knowledge into sentences.
Progress of process 0: 0/1000
The number of evaluation instances:  1000
Confusion matrix:
tensor([[336, 127],
        [106, 431]])
Report precision, recall, and f1:
Label 0: 0.726, 0.760, 0.743
Label 1: 0.803, 0.772, 0.787
Acc. (Correct/Total): 0.7670 (767/1000) 
Tiempo total de ejecución: 735.87 segundos.
