nohup: ignoring input
Vocabulary Size:  30522
[BertClassifier] use visible_matrix: True
[KnowledgeGraph] Loading spo from brain/kgs/none.spo
Start training.
Loading sentences from ./datasets/emociones/train.tsv
There are 1000 sentence in total. We use 1 processes to inject knowledge into sentences.
Progress of process 0: 0/1000
Shuffling dataset
Trans data to tensor.
input_ids
label_ids
mask_ids
pos_ids
vms
Batch size:  32
The number of training instances: 1000
Start evaluation on dev dataset.
Loading sentences from ./datasets/emociones/dev.tsv
There are 1000 sentence in total. We use 1 processes to inject knowledge into sentences.
Progress of process 0: 0/1000
Label 0: 0.657, 0.799, 0.721
Label 1: 0.808, 0.670, 0.733
Acc. (Correct/Total): 0.7270 (727/1000) 
Start evaluation on test dataset.
Loading sentences from ./datasets/emociones/test.tsv
There are 1000 sentence in total. We use 1 processes to inject knowledge into sentences.
Progress of process 0: 0/1000
The number of evaluation instances:  1000
Confusion matrix:
tensor([[357, 188],
        [ 85, 370]])
Report precision, recall, and f1:
Label 0: 0.655, 0.808, 0.723
Label 1: 0.813, 0.663, 0.731
Acc. (Correct/Total): 0.7270 (727/1000) 
Start evaluation on dev dataset.
Loading sentences from ./datasets/emociones/dev.tsv
There are 1000 sentence in total. We use 1 processes to inject knowledge into sentences.
Progress of process 0: 0/1000
Label 0: 0.616, 0.948, 0.747
Label 1: 0.928, 0.532, 0.677
Acc. (Correct/Total): 0.7160 (716/1000) 
Start evaluation on dev dataset.
Loading sentences from ./datasets/emociones/dev.tsv
There are 1000 sentence in total. We use 1 processes to inject knowledge into sentences.
Progress of process 0: 0/1000
Label 0: 0.693, 0.760, 0.725
Label 1: 0.794, 0.733, 0.762
Acc. (Correct/Total): 0.7450 (745/1000) 
Start evaluation on test dataset.
Loading sentences from ./datasets/emociones/test.tsv
There are 1000 sentence in total. We use 1 processes to inject knowledge into sentences.
Progress of process 0: 0/1000
The number of evaluation instances:  1000
Confusion matrix:
tensor([[332, 131],
        [110, 427]])
Report precision, recall, and f1:
Label 0: 0.717, 0.751, 0.734
Label 1: 0.795, 0.765, 0.780
Acc. (Correct/Total): 0.7590 (759/1000) 
Start evaluation on dev dataset.
Loading sentences from ./datasets/emociones/dev.tsv
There are 1000 sentence in total. We use 1 processes to inject knowledge into sentences.
Progress of process 0: 0/1000
Label 0: 0.711, 0.812, 0.758
Label 1: 0.832, 0.738, 0.783
Acc. (Correct/Total): 0.7710 (771/1000) 
Start evaluation on test dataset.
Loading sentences from ./datasets/emociones/test.tsv
There are 1000 sentence in total. We use 1 processes to inject knowledge into sentences.
Progress of process 0: 0/1000
The number of evaluation instances:  1000
Confusion matrix:
tensor([[356, 142],
        [ 86, 416]])
Report precision, recall, and f1:
Label 0: 0.715, 0.805, 0.757
Label 1: 0.829, 0.746, 0.785
Acc. (Correct/Total): 0.7720 (772/1000) 
Start evaluation on dev dataset.
Loading sentences from ./datasets/emociones/dev.tsv
There are 1000 sentence in total. We use 1 processes to inject knowledge into sentences.
Progress of process 0: 0/1000
Label 0: 0.713, 0.785, 0.747
Label 1: 0.815, 0.749, 0.781
Acc. (Correct/Total): 0.7650 (765/1000) 
Final evaluation on the test dataset.
Loading sentences from ./datasets/emociones/test.tsv
There are 1000 sentence in total. We use 1 processes to inject knowledge into sentences.
Progress of process 0: 0/1000
The number of evaluation instances:  1000
Confusion matrix:
tensor([[356, 142],
        [ 86, 416]])
Report precision, recall, and f1:
Label 0: 0.715, 0.805, 0.757
Label 1: 0.829, 0.746, 0.785
Acc. (Correct/Total): 0.7720 (772/1000) 
Tiempo total de ejecución: 690.21 segundos.
