nohup: ignoring input
Vocabulary Size:  30522
[BertClassifier] use visible_matrix: True
[KnowledgeGraph] Loading spo from brain/kgs/none.spo
Start training.
Loading sentences from ./datasets/emociones/train.tsv
There are 1000 sentence in total. We use 1 processes to inject knowledge into sentences.
Progress of process 0: 0/1000
Shuffling dataset
Trans data to tensor.
input_ids
label_ids
mask_ids
pos_ids
vms
Batch size:  32
The number of training instances: 1000
Start evaluation on dev dataset.
Loading sentences from ./datasets/emociones/dev.tsv
There are 1000 sentence in total. We use 1 processes to inject knowledge into sentences.
Progress of process 0: 0/1000
Label 0: 0.769, 0.647, 0.703
Label 1: 0.752, 0.846, 0.796
Acc. (Correct/Total): 0.7580 (758/1000) 
Start evaluation on test dataset.
Loading sentences from ./datasets/emociones/test.tsv
There are 1000 sentence in total. We use 1 processes to inject knowledge into sentences.
Progress of process 0: 0/1000
The number of evaluation instances:  1000
Confusion matrix:
tensor([[269,  80],
        [173, 478]])
Report precision, recall, and f1:
Label 0: 0.771, 0.609, 0.680
Label 1: 0.734, 0.857, 0.791
Acc. (Correct/Total): 0.7470 (747/1000) 
Start evaluation on dev dataset.
Loading sentences from ./datasets/emociones/dev.tsv
There are 1000 sentence in total. We use 1 processes to inject knowledge into sentences.
Progress of process 0: 0/1000
Label 0: 0.659, 0.873, 0.751
Label 1: 0.865, 0.642, 0.737
Acc. (Correct/Total): 0.7440 (744/1000) 
Start evaluation on dev dataset.
Loading sentences from ./datasets/emociones/dev.tsv
There are 1000 sentence in total. We use 1 processes to inject knowledge into sentences.
Progress of process 0: 0/1000
Label 0: 0.684, 0.851, 0.758
Label 1: 0.853, 0.688, 0.762
Acc. (Correct/Total): 0.7600 (760/1000) 
Start evaluation on test dataset.
Loading sentences from ./datasets/emociones/test.tsv
There are 1000 sentence in total. We use 1 processes to inject knowledge into sentences.
Progress of process 0: 0/1000
The number of evaluation instances:  1000
Confusion matrix:
tensor([[380, 165],
        [ 62, 393]])
Report precision, recall, and f1:
Label 0: 0.697, 0.860, 0.770
Label 1: 0.864, 0.704, 0.776
Acc. (Correct/Total): 0.7730 (773/1000) 
Start evaluation on dev dataset.
Loading sentences from ./datasets/emociones/dev.tsv
There are 1000 sentence in total. We use 1 processes to inject knowledge into sentences.
Progress of process 0: 0/1000
Label 0: 0.758, 0.729, 0.743
Label 1: 0.791, 0.815, 0.803
Acc. (Correct/Total): 0.7770 (777/1000) 
Start evaluation on test dataset.
Loading sentences from ./datasets/emociones/test.tsv
There are 1000 sentence in total. We use 1 processes to inject knowledge into sentences.
Progress of process 0: 0/1000
The number of evaluation instances:  1000
Confusion matrix:
tensor([[308, 104],
        [134, 454]])
Report precision, recall, and f1:
Label 0: 0.748, 0.697, 0.721
Label 1: 0.772, 0.814, 0.792
Acc. (Correct/Total): 0.7620 (762/1000) 
Start evaluation on dev dataset.
Loading sentences from ./datasets/emociones/dev.tsv
There are 1000 sentence in total. We use 1 processes to inject knowledge into sentences.
Progress of process 0: 0/1000
Label 0: 0.707, 0.830, 0.764
Label 1: 0.844, 0.728, 0.782
Acc. (Correct/Total): 0.7730 (773/1000) 
Final evaluation on the test dataset.
Loading sentences from ./datasets/emociones/test.tsv
There are 1000 sentence in total. We use 1 processes to inject knowledge into sentences.
Progress of process 0: 0/1000
The number of evaluation instances:  1000
Confusion matrix:
tensor([[308, 104],
        [134, 454]])
Report precision, recall, and f1:
Label 0: 0.748, 0.697, 0.721
Label 1: 0.772, 0.814, 0.792
Acc. (Correct/Total): 0.7620 (762/1000) 
Tiempo total de ejecución: 703.21 segundos.
