nohup: ignoring input
Vocabulary Size:  30522
[BertClassifier] use visible_matrix: True
[KnowledgeGraph] Loading spo from brain/kgs/none.spo
Start training.
Loading sentences from ./datasets/emociones/train.tsv
There are 1000 sentence in total. We use 1 processes to inject knowledge into sentences.
Progress of process 0: 0/1000
Shuffling dataset
Trans data to tensor.
input_ids
label_ids
mask_ids
pos_ids
vms
Batch size:  32
The number of training instances: 1000
Start evaluation on dev dataset.
Loading sentences from ./datasets/emociones/dev.tsv
There are 1000 sentence in total. We use 1 processes to inject knowledge into sentences.
Progress of process 0: 0/1000
Label 0: 0.479, 0.412, 0.443
Label 1: 0.581, 0.645, 0.611
Acc. (Correct/Total): 0.5420 (542/1000) 
Start evaluation on test dataset.
Loading sentences from ./datasets/emociones/test.tsv
There are 1000 sentence in total. We use 1 processes to inject knowledge into sentences.
Progress of process 0: 0/1000
The number of evaluation instances:  1000
Confusion matrix:
tensor([[183, 186],
        [259, 372]])
Report precision, recall, and f1:
Label 0: 0.496, 0.414, 0.451
Label 1: 0.590, 0.667, 0.626
Acc. (Correct/Total): 0.5550 (555/1000) 
Start evaluation on dev dataset.
Loading sentences from ./datasets/emociones/dev.tsv
There are 1000 sentence in total. We use 1 processes to inject knowledge into sentences.
Progress of process 0: 0/1000
Label 0: 0.612, 0.814, 0.699
Label 1: 0.801, 0.591, 0.680
Acc. (Correct/Total): 0.6900 (690/1000) 
Start evaluation on test dataset.
Loading sentences from ./datasets/emociones/test.tsv
There are 1000 sentence in total. We use 1 processes to inject knowledge into sentences.
Progress of process 0: 0/1000
The number of evaluation instances:  1000
Confusion matrix:
tensor([[369, 229],
        [ 73, 329]])
Report precision, recall, and f1:
Label 0: 0.617, 0.835, 0.710
Label 1: 0.818, 0.590, 0.685
Acc. (Correct/Total): 0.6980 (698/1000) 
Start evaluation on dev dataset.
Loading sentences from ./datasets/emociones/dev.tsv
There are 1000 sentence in total. We use 1 processes to inject knowledge into sentences.
Progress of process 0: 0/1000
Label 0: 0.689, 0.661, 0.674
Label 1: 0.740, 0.763, 0.751
Acc. (Correct/Total): 0.7180 (718/1000) 
Start evaluation on test dataset.
Loading sentences from ./datasets/emociones/test.tsv
There are 1000 sentence in total. We use 1 processes to inject knowledge into sentences.
Progress of process 0: 0/1000
The number of evaluation instances:  1000
Confusion matrix:
tensor([[277, 104],
        [165, 454]])
Report precision, recall, and f1:
Label 0: 0.727, 0.627, 0.673
Label 1: 0.733, 0.814, 0.771
Acc. (Correct/Total): 0.7310 (731/1000) 
Start evaluation on dev dataset.
Loading sentences from ./datasets/emociones/dev.tsv
There are 1000 sentence in total. We use 1 processes to inject knowledge into sentences.
Progress of process 0: 0/1000
Label 0: 0.651, 0.851, 0.737
Label 1: 0.844, 0.638, 0.727
Acc. (Correct/Total): 0.7320 (732/1000) 
Start evaluation on test dataset.
Loading sentences from ./datasets/emociones/test.tsv
There are 1000 sentence in total. We use 1 processes to inject knowledge into sentences.
Progress of process 0: 0/1000
The number of evaluation instances:  1000
Confusion matrix:
tensor([[378, 192],
        [ 64, 366]])
Report precision, recall, and f1:
Label 0: 0.663, 0.855, 0.747
Label 1: 0.851, 0.656, 0.741
Acc. (Correct/Total): 0.7440 (744/1000) 
Start evaluation on dev dataset.
Loading sentences from ./datasets/emociones/dev.tsv
There are 1000 sentence in total. We use 1 processes to inject knowledge into sentences.
Progress of process 0: 0/1000
Label 0: 0.673, 0.814, 0.737
Label 1: 0.824, 0.686, 0.749
Acc. (Correct/Total): 0.7430 (743/1000) 
Start evaluation on test dataset.
Loading sentences from ./datasets/emociones/test.tsv
There are 1000 sentence in total. We use 1 processes to inject knowledge into sentences.
Progress of process 0: 0/1000
The number of evaluation instances:  1000
Confusion matrix:
tensor([[355, 160],
        [ 87, 398]])
Report precision, recall, and f1:
Label 0: 0.689, 0.803, 0.742
Label 1: 0.821, 0.713, 0.763
Acc. (Correct/Total): 0.7530 (753/1000) 
Final evaluation on the test dataset.
Loading sentences from ./datasets/emociones/test.tsv
There are 1000 sentence in total. We use 1 processes to inject knowledge into sentences.
Progress of process 0: 0/1000
The number of evaluation instances:  1000
Confusion matrix:
tensor([[355, 160],
        [ 87, 398]])
Report precision, recall, and f1:
Label 0: 0.689, 0.803, 0.742
Label 1: 0.821, 0.713, 0.763
Acc. (Correct/Total): 0.7530 (753/1000) 
Tiempo total de ejecución: 777.11 segundos.
