nohup: ignoring input
Vocabulary Size:  30522
[BertClassifier] use visible_matrix: True
[KnowledgeGraph] Loading spo from brain/kgs/conceptnet_suicidio.spo
Start training.
Loading sentences from ./datasets/suicidio/train.tsv
There are 1000 sentence in total. We use 1 processes to inject knowledge into sentences.
Progress of process 0: 0/1000
Shuffling dataset
Trans data to tensor.
input_ids
label_ids
mask_ids
pos_ids
vms
Batch size:  32
The number of training instances: 1000
Start evaluation on dev dataset.
Loading sentences from ./datasets/suicidio/dev.tsv
There are 1366 sentence in total. We use 1 processes to inject knowledge into sentences.
Progress of process 0: 0/1366
Progress of process 0: 1000/1366
Label 0: 0.823, 0.983, 0.896
Label 1: 0.971, 0.730, 0.833
Acc. (Correct/Total): 0.8719 (1191/1366) 
Start evaluation on test dataset.
Loading sentences from ./datasets/suicidio/test.tsv
There are 1367 sentence in total. We use 1 processes to inject knowledge into sentences.
Progress of process 0: 0/1367
Progress of process 0: 1000/1367
The number of evaluation instances:  1367
Confusion matrix:
tensor([[742, 148],
        [ 25, 452]])
Report precision, recall, and f1:
Label 0: 0.834, 0.967, 0.896
Label 1: 0.948, 0.753, 0.839
Acc. (Correct/Total): 0.8734 (1194/1367) 
Start evaluation on dev dataset.
Loading sentences from ./datasets/suicidio/dev.tsv
There are 1366 sentence in total. We use 1 processes to inject knowledge into sentences.
Progress of process 0: 0/1366
Progress of process 0: 1000/1366
Label 0: 0.844, 0.987, 0.910
Label 1: 0.979, 0.767, 0.860
Acc. (Correct/Total): 0.8902 (1216/1366) 
Start evaluation on test dataset.
Loading sentences from ./datasets/suicidio/test.tsv
There are 1367 sentence in total. We use 1 processes to inject knowledge into sentences.
Progress of process 0: 0/1367
Progress of process 0: 1000/1367
The number of evaluation instances:  1367
Confusion matrix:
tensor([[748, 129],
        [ 19, 471]])
Report precision, recall, and f1:
Label 0: 0.853, 0.975, 0.910
Label 1: 0.961, 0.785, 0.864
Acc. (Correct/Total): 0.8917 (1219/1367) 
Start evaluation on dev dataset.
Loading sentences from ./datasets/suicidio/dev.tsv
There are 1366 sentence in total. We use 1 processes to inject knowledge into sentences.
Progress of process 0: 0/1366
Progress of process 0: 1000/1366
Label 0: 0.928, 0.864, 0.895
Label 1: 0.841, 0.915, 0.876
Acc. (Correct/Total): 0.8865 (1211/1366) 
Start evaluation on dev dataset.
Loading sentences from ./datasets/suicidio/dev.tsv
There are 1366 sentence in total. We use 1 processes to inject knowledge into sentences.
Progress of process 0: 0/1366
Progress of process 0: 1000/1366
Label 0: 0.935, 0.896, 0.915
Label 1: 0.873, 0.920, 0.896
Acc. (Correct/Total): 0.9063 (1238/1366) 
Start evaluation on test dataset.
Loading sentences from ./datasets/suicidio/test.tsv
There are 1367 sentence in total. We use 1 processes to inject knowledge into sentences.
Progress of process 0: 0/1367
Progress of process 0: 1000/1367
The number of evaluation instances:  1367
Confusion matrix:
tensor([[671,  52],
        [ 96, 548]])
Report precision, recall, and f1:
Label 0: 0.928, 0.875, 0.901
Label 1: 0.851, 0.913, 0.881
Acc. (Correct/Total): 0.8917 (1219/1367) 
Start evaluation on dev dataset.
Loading sentences from ./datasets/suicidio/dev.tsv
There are 1366 sentence in total. We use 1 processes to inject knowledge into sentences.
Progress of process 0: 0/1366
Progress of process 0: 1000/1366
Label 0: 0.924, 0.916, 0.920
Label 1: 0.894, 0.903, 0.899
Acc. (Correct/Total): 0.9107 (1244/1366) 
Start evaluation on test dataset.
Loading sentences from ./datasets/suicidio/test.tsv
There are 1367 sentence in total. We use 1 processes to inject knowledge into sentences.
Progress of process 0: 0/1367
Progress of process 0: 1000/1367
The number of evaluation instances:  1367
Confusion matrix:
tensor([[690,  57],
        [ 77, 543]])
Report precision, recall, and f1:
Label 0: 0.924, 0.900, 0.911
Label 1: 0.876, 0.905, 0.890
Acc. (Correct/Total): 0.9020 (1233/1367) 
Final evaluation on the test dataset.
Loading sentences from ./datasets/suicidio/test.tsv
There are 1367 sentence in total. We use 1 processes to inject knowledge into sentences.
Progress of process 0: 0/1367
Progress of process 0: 1000/1367
The number of evaluation instances:  1367
Confusion matrix:
tensor([[690,  57],
        [ 77, 543]])
Report precision, recall, and f1:
Label 0: 0.924, 0.900, 0.911
Label 1: 0.876, 0.905, 0.890
Acc. (Correct/Total): 0.9020 (1233/1367) 
Tiempo total de ejecución: 1217.89 segundos.
