nohup: ignoring input
Vocabulary Size:  30522
[BertClassifier] use visible_matrix: True
[KnowledgeGraph] Loading spo from brain/kgs/conceptnet_suicidio.spo
Start training.
Loading sentences from ./datasets/suicidio/train.tsv
There are 1000 sentence in total. We use 1 processes to inject knowledge into sentences.
Progress of process 0: 0/1000
Shuffling dataset
Trans data to tensor.
input_ids
label_ids
mask_ids
pos_ids
vms
Batch size:  32
The number of training instances: 1000
Start evaluation on dev dataset.
Loading sentences from ./datasets/suicidio/dev.tsv
There are 1366 sentence in total. We use 1 processes to inject knowledge into sentences.
Progress of process 0: 0/1366
Progress of process 0: 1000/1366
Label 0: 0.764, 1.000, 0.866
Label 1: 1.000, 0.605, 0.754
Acc. (Correct/Total): 0.8265 (1129/1366) 
Start evaluation on test dataset.
Loading sentences from ./datasets/suicidio/test.tsv
There are 1367 sentence in total. We use 1 processes to inject knowledge into sentences.
Progress of process 0: 0/1367
Progress of process 0: 1000/1367
The number of evaluation instances:  1367
Confusion matrix:
tensor([[767, 227],
        [  0, 373]])
Report precision, recall, and f1:
Label 0: 0.772, 1.000, 0.871
Label 1: 1.000, 0.622, 0.767
Acc. (Correct/Total): 0.8339 (1140/1367) 
Start evaluation on dev dataset.
Loading sentences from ./datasets/suicidio/dev.tsv
There are 1366 sentence in total. We use 1 processes to inject knowledge into sentences.
Progress of process 0: 0/1366
Progress of process 0: 1000/1366
Label 0: 0.840, 0.988, 0.908
Label 1: 0.981, 0.760, 0.856
Acc. (Correct/Total): 0.8880 (1213/1366) 
Start evaluation on test dataset.
Loading sentences from ./datasets/suicidio/test.tsv
There are 1367 sentence in total. We use 1 processes to inject knowledge into sentences.
Progress of process 0: 0/1367
Progress of process 0: 1000/1367
The number of evaluation instances:  1367
Confusion matrix:
tensor([[757, 132],
        [ 10, 468]])
Report precision, recall, and f1:
Label 0: 0.852, 0.987, 0.914
Label 1: 0.979, 0.780, 0.868
Acc. (Correct/Total): 0.8961 (1225/1367) 
Start evaluation on dev dataset.
Loading sentences from ./datasets/suicidio/dev.tsv
There are 1366 sentence in total. We use 1 processes to inject knowledge into sentences.
Progress of process 0: 0/1366
Progress of process 0: 1000/1366
Label 0: 0.911, 0.936, 0.923
Label 1: 0.915, 0.883, 0.899
Acc. (Correct/Total): 0.9129 (1247/1366) 
Start evaluation on test dataset.
Loading sentences from ./datasets/suicidio/test.tsv
There are 1367 sentence in total. We use 1 processes to inject knowledge into sentences.
Progress of process 0: 0/1367
Progress of process 0: 1000/1367
The number of evaluation instances:  1367
Confusion matrix:
tensor([[703,  66],
        [ 64, 534]])
Report precision, recall, and f1:
Label 0: 0.914, 0.917, 0.915
Label 1: 0.893, 0.890, 0.891
Acc. (Correct/Total): 0.9049 (1237/1367) 
Start evaluation on dev dataset.
Loading sentences from ./datasets/suicidio/dev.tsv
There are 1366 sentence in total. We use 1 processes to inject knowledge into sentences.
Progress of process 0: 0/1366
Progress of process 0: 1000/1366
Label 0: 0.932, 0.915, 0.924
Label 1: 0.894, 0.915, 0.904
Acc. (Correct/Total): 0.9151 (1250/1366) 
Start evaluation on test dataset.
Loading sentences from ./datasets/suicidio/test.tsv
There are 1367 sentence in total. We use 1 processes to inject knowledge into sentences.
Progress of process 0: 0/1367
Progress of process 0: 1000/1367
The number of evaluation instances:  1367
Confusion matrix:
tensor([[691,  49],
        [ 76, 551]])
Report precision, recall, and f1:
Label 0: 0.934, 0.901, 0.917
Label 1: 0.879, 0.918, 0.898
Acc. (Correct/Total): 0.9086 (1242/1367) 
Start evaluation on dev dataset.
Loading sentences from ./datasets/suicidio/dev.tsv
There are 1366 sentence in total. We use 1 processes to inject knowledge into sentences.
Progress of process 0: 0/1366
Progress of process 0: 1000/1366
Label 0: 0.934, 0.918, 0.926
Label 1: 0.897, 0.917, 0.907
Acc. (Correct/Total): 0.9173 (1253/1366) 
Start evaluation on test dataset.
Loading sentences from ./datasets/suicidio/test.tsv
There are 1367 sentence in total. We use 1 processes to inject knowledge into sentences.
Progress of process 0: 0/1367
Progress of process 0: 1000/1367
The number of evaluation instances:  1367
Confusion matrix:
tensor([[690,  51],
        [ 77, 549]])
Report precision, recall, and f1:
Label 0: 0.931, 0.900, 0.915
Label 1: 0.877, 0.915, 0.896
Acc. (Correct/Total): 0.9064 (1239/1367) 
Final evaluation on the test dataset.
Loading sentences from ./datasets/suicidio/test.tsv
There are 1367 sentence in total. We use 1 processes to inject knowledge into sentences.
Progress of process 0: 0/1367
Progress of process 0: 1000/1367
The number of evaluation instances:  1367
Confusion matrix:
tensor([[690,  51],
        [ 77, 549]])
Report precision, recall, and f1:
Label 0: 0.931, 0.900, 0.915
Label 1: 0.877, 0.915, 0.896
Acc. (Correct/Total): 0.9064 (1239/1367) 
Tiempo total de ejecución: 1330.76 segundos.
