nohup: ignoring input
Vocabulary Size:  30522
[BertClassifier] use visible_matrix: True
[KnowledgeGraph] Loading spo from brain/kgs/conceptnet_suicidio.spo
Start training.
Loading sentences from ./datasets/suicidio/train.tsv
There are 1000 sentence in total. We use 1 processes to inject knowledge into sentences.
Progress of process 0: 0/1000
Shuffling dataset
Trans data to tensor.
input_ids
label_ids
mask_ids
pos_ids
vms
Batch size:  32
The number of training instances: 1000
Start evaluation on dev dataset.
Loading sentences from ./datasets/suicidio/dev.tsv
There are 1366 sentence in total. We use 1 processes to inject knowledge into sentences.
Progress of process 0: 0/1366
Progress of process 0: 1000/1366
Label 0: 0.862, 0.923, 0.892
Label 1: 0.892, 0.812, 0.850
Acc. (Correct/Total): 0.8741 (1194/1366) 
Start evaluation on test dataset.
Loading sentences from ./datasets/suicidio/test.tsv
There are 1367 sentence in total. We use 1 processes to inject knowledge into sentences.
Progress of process 0: 0/1367
Progress of process 0: 1000/1367
The number of evaluation instances:  1367
Confusion matrix:
tensor([[691, 111],
        [ 76, 489]])
Report precision, recall, and f1:
Label 0: 0.862, 0.901, 0.881
Label 1: 0.865, 0.815, 0.839
Acc. (Correct/Total): 0.8632 (1180/1367) 
Start evaluation on dev dataset.
Loading sentences from ./datasets/suicidio/dev.tsv
There are 1366 sentence in total. We use 1 processes to inject knowledge into sentences.
Progress of process 0: 0/1366
Progress of process 0: 1000/1366
Label 0: 0.916, 0.913, 0.914
Label 1: 0.889, 0.893, 0.891
Acc. (Correct/Total): 0.9041 (1235/1366) 
Start evaluation on test dataset.
Loading sentences from ./datasets/suicidio/test.tsv
There are 1367 sentence in total. We use 1 processes to inject knowledge into sentences.
Progress of process 0: 0/1367
Progress of process 0: 1000/1367
The number of evaluation instances:  1367
Confusion matrix:
tensor([[692,  67],
        [ 75, 533]])
Report precision, recall, and f1:
Label 0: 0.912, 0.902, 0.907
Label 1: 0.877, 0.888, 0.882
Acc. (Correct/Total): 0.8961 (1225/1367) 
Start evaluation on dev dataset.
Loading sentences from ./datasets/suicidio/dev.tsv
There are 1366 sentence in total. We use 1 processes to inject knowledge into sentences.
Progress of process 0: 0/1366
Progress of process 0: 1000/1366
Label 0: 0.941, 0.899, 0.920
Label 1: 0.879, 0.928, 0.903
Acc. (Correct/Total): 0.9122 (1246/1366) 
Start evaluation on test dataset.
Loading sentences from ./datasets/suicidio/test.tsv
There are 1367 sentence in total. We use 1 processes to inject knowledge into sentences.
Progress of process 0: 0/1367
Progress of process 0: 1000/1367
The number of evaluation instances:  1367
Confusion matrix:
tensor([[676,  48],
        [ 91, 552]])
Report precision, recall, and f1:
Label 0: 0.934, 0.881, 0.907
Label 1: 0.858, 0.920, 0.888
Acc. (Correct/Total): 0.8983 (1228/1367) 
Start evaluation on dev dataset.
Loading sentences from ./datasets/suicidio/dev.tsv
There are 1366 sentence in total. We use 1 processes to inject knowledge into sentences.
Progress of process 0: 0/1366
Progress of process 0: 1000/1366
Label 0: 0.936, 0.914, 0.925
Label 1: 0.893, 0.920, 0.906
Acc. (Correct/Total): 0.9165 (1252/1366) 
Start evaluation on test dataset.
Loading sentences from ./datasets/suicidio/test.tsv
There are 1367 sentence in total. We use 1 processes to inject knowledge into sentences.
Progress of process 0: 0/1367
Progress of process 0: 1000/1367
The number of evaluation instances:  1367
Confusion matrix:
tensor([[696,  55],
        [ 71, 545]])
Report precision, recall, and f1:
Label 0: 0.927, 0.907, 0.917
Label 1: 0.885, 0.908, 0.896
Acc. (Correct/Total): 0.9078 (1241/1367) 
Start evaluation on dev dataset.
Loading sentences from ./datasets/suicidio/dev.tsv
There are 1366 sentence in total. We use 1 processes to inject knowledge into sentences.
Progress of process 0: 0/1366
Progress of process 0: 1000/1366
Label 0: 0.935, 0.920, 0.928
Label 1: 0.900, 0.918, 0.909
Acc. (Correct/Total): 0.9195 (1256/1366) 
Start evaluation on test dataset.
Loading sentences from ./datasets/suicidio/test.tsv
There are 1367 sentence in total. We use 1 processes to inject knowledge into sentences.
Progress of process 0: 0/1367
Progress of process 0: 1000/1367
The number of evaluation instances:  1367
Confusion matrix:
tensor([[702,  58],
        [ 65, 542]])
Report precision, recall, and f1:
Label 0: 0.924, 0.915, 0.919
Label 1: 0.893, 0.903, 0.898
Acc. (Correct/Total): 0.9100 (1244/1367) 
Final evaluation on the test dataset.
Loading sentences from ./datasets/suicidio/test.tsv
There are 1367 sentence in total. We use 1 processes to inject knowledge into sentences.
Progress of process 0: 0/1367
Progress of process 0: 1000/1367
The number of evaluation instances:  1367
Confusion matrix:
tensor([[702,  58],
        [ 65, 542]])
Report precision, recall, and f1:
Label 0: 0.924, 0.915, 0.919
Label 1: 0.893, 0.903, 0.898
Acc. (Correct/Total): 0.9100 (1244/1367) 
Tiempo total de ejecución: 1316.19 segundos.
