nohup: ignoring input
Vocabulary Size:  30522
[BertClassifier] use visible_matrix: True
[KnowledgeGraph] Loading spo from brain/kgs/conceptnet_suicidio.spo
Start training.
Loading sentences from ./datasets/suicidio/train.tsv
There are 1000 sentence in total. We use 1 processes to inject knowledge into sentences.
Progress of process 0: 0/1000
Shuffling dataset
Trans data to tensor.
input_ids
label_ids
mask_ids
pos_ids
vms
Batch size:  32
The number of training instances: 1000
Start evaluation on dev dataset.
Loading sentences from ./datasets/suicidio/dev.tsv
There are 1366 sentence in total. We use 1 processes to inject knowledge into sentences.
Progress of process 0: 0/1366
Progress of process 0: 1000/1366
Label 0: 0.820, 0.996, 0.899
Label 1: 0.993, 0.720, 0.835
Acc. (Correct/Total): 0.8748 (1195/1366) 
Start evaluation on test dataset.
Loading sentences from ./datasets/suicidio/test.tsv
There are 1367 sentence in total. We use 1 processes to inject knowledge into sentences.
Progress of process 0: 0/1367
Progress of process 0: 1000/1367
The number of evaluation instances:  1367
Confusion matrix:
tensor([[761, 164],
        [  6, 436]])
Report precision, recall, and f1:
Label 0: 0.823, 0.992, 0.900
Label 1: 0.986, 0.727, 0.837
Acc. (Correct/Total): 0.8756 (1197/1367) 
Start evaluation on dev dataset.
Loading sentences from ./datasets/suicidio/dev.tsv
There are 1366 sentence in total. We use 1 processes to inject knowledge into sentences.
Progress of process 0: 0/1366
Progress of process 0: 1000/1366
Label 0: 0.907, 0.952, 0.929
Label 1: 0.934, 0.875, 0.904
Acc. (Correct/Total): 0.9180 (1254/1366) 
Start evaluation on test dataset.
Loading sentences from ./datasets/suicidio/test.tsv
There are 1367 sentence in total. We use 1 processes to inject knowledge into sentences.
Progress of process 0: 0/1367
Progress of process 0: 1000/1367
The number of evaluation instances:  1367
Confusion matrix:
tensor([[711,  82],
        [ 56, 518]])
Report precision, recall, and f1:
Label 0: 0.897, 0.927, 0.912
Label 1: 0.902, 0.863, 0.882
Acc. (Correct/Total): 0.8990 (1229/1367) 
Start evaluation on dev dataset.
Loading sentences from ./datasets/suicidio/dev.tsv
There are 1366 sentence in total. We use 1 processes to inject knowledge into sentences.
Progress of process 0: 0/1366
Progress of process 0: 1000/1366
Label 0: 0.921, 0.919, 0.920
Label 1: 0.897, 0.900, 0.899
Acc. (Correct/Total): 0.9107 (1244/1366) 
Start evaluation on dev dataset.
Loading sentences from ./datasets/suicidio/dev.tsv
There are 1366 sentence in total. We use 1 processes to inject knowledge into sentences.
Progress of process 0: 0/1366
Progress of process 0: 1000/1366
Label 0: 0.947, 0.901, 0.923
Label 1: 0.881, 0.935, 0.907
Acc. (Correct/Total): 0.9158 (1251/1366) 
Start evaluation on dev dataset.
Loading sentences from ./datasets/suicidio/dev.tsv
There are 1366 sentence in total. We use 1 processes to inject knowledge into sentences.
Progress of process 0: 0/1366
Progress of process 0: 1000/1366
Label 0: 0.922, 0.943, 0.932
Label 1: 0.925, 0.898, 0.911
Acc. (Correct/Total): 0.9231 (1261/1366) 
Start evaluation on test dataset.
Loading sentences from ./datasets/suicidio/test.tsv
There are 1367 sentence in total. We use 1 processes to inject knowledge into sentences.
Progress of process 0: 0/1367
Progress of process 0: 1000/1367
The number of evaluation instances:  1367
Confusion matrix:
tensor([[708,  63],
        [ 59, 537]])
Report precision, recall, and f1:
Label 0: 0.918, 0.923, 0.921
Label 1: 0.901, 0.895, 0.898
Acc. (Correct/Total): 0.9108 (1245/1367) 
Final evaluation on the test dataset.
Loading sentences from ./datasets/suicidio/test.tsv
There are 1367 sentence in total. We use 1 processes to inject knowledge into sentences.
Progress of process 0: 0/1367
Progress of process 0: 1000/1367
The number of evaluation instances:  1367
Confusion matrix:
tensor([[708,  63],
        [ 59, 537]])
Report precision, recall, and f1:
Label 0: 0.918, 0.923, 0.921
Label 1: 0.901, 0.895, 0.898
Acc. (Correct/Total): 0.9108 (1245/1367) 
Tiempo total de ejecución: 1135.97 segundos.
