nohup: ignoring input
Vocabulary Size:  30522
[BertClassifier] use visible_matrix: True
[KnowledgeGraph] Loading spo from brain/kgs/conceptnet_suicidio.spo
Start training.
Loading sentences from ./datasets/suicidio/train.tsv
There are 1000 sentence in total. We use 1 processes to inject knowledge into sentences.
Progress of process 0: 0/1000
Shuffling dataset
Trans data to tensor.
input_ids
label_ids
mask_ids
pos_ids
vms
Batch size:  32
The number of training instances: 1000
Start evaluation on dev dataset.
Loading sentences from ./datasets/suicidio/dev.tsv
There are 1366 sentence in total. We use 1 processes to inject knowledge into sentences.
Progress of process 0: 0/1366
Progress of process 0: 1000/1366
Label 0: 0.908, 0.709, 0.796
Label 1: 0.710, 0.908, 0.797
Acc. (Correct/Total): 0.7965 (1088/1366) 
Start evaluation on test dataset.
Loading sentences from ./datasets/suicidio/test.tsv
There are 1367 sentence in total. We use 1 processes to inject knowledge into sentences.
Progress of process 0: 0/1367
Progress of process 0: 1000/1367
The number of evaluation instances:  1367
Confusion matrix:
tensor([[556,  48],
        [211, 552]])
Report precision, recall, and f1:
Label 0: 0.921, 0.725, 0.811
Label 1: 0.723, 0.920, 0.810
Acc. (Correct/Total): 0.8105 (1108/1367) 
Start evaluation on dev dataset.
Loading sentences from ./datasets/suicidio/dev.tsv
There are 1366 sentence in total. We use 1 processes to inject knowledge into sentences.
Progress of process 0: 0/1366
Progress of process 0: 1000/1366
Label 0: 0.852, 0.987, 0.915
Label 1: 0.979, 0.782, 0.869
Acc. (Correct/Total): 0.8968 (1225/1366) 
Start evaluation on test dataset.
Loading sentences from ./datasets/suicidio/test.tsv
There are 1367 sentence in total. We use 1 processes to inject knowledge into sentences.
Progress of process 0: 0/1367
Progress of process 0: 1000/1367
The number of evaluation instances:  1367
Confusion matrix:
tensor([[754, 145],
        [ 13, 455]])
Report precision, recall, and f1:
Label 0: 0.839, 0.983, 0.905
Label 1: 0.972, 0.758, 0.852
Acc. (Correct/Total): 0.8844 (1209/1367) 
Start evaluation on dev dataset.
Loading sentences from ./datasets/suicidio/dev.tsv
There are 1366 sentence in total. We use 1 processes to inject knowledge into sentences.
Progress of process 0: 0/1366
Progress of process 0: 1000/1366
Label 0: 0.912, 0.928, 0.920
Label 1: 0.906, 0.885, 0.895
Acc. (Correct/Total): 0.9092 (1242/1366) 
Start evaluation on test dataset.
Loading sentences from ./datasets/suicidio/test.tsv
There are 1367 sentence in total. We use 1 processes to inject knowledge into sentences.
Progress of process 0: 0/1367
Progress of process 0: 1000/1367
The number of evaluation instances:  1367
Confusion matrix:
tensor([[709,  70],
        [ 58, 530]])
Report precision, recall, and f1:
Label 0: 0.910, 0.924, 0.917
Label 1: 0.901, 0.883, 0.892
Acc. (Correct/Total): 0.9064 (1239/1367) 
Start evaluation on dev dataset.
Loading sentences from ./datasets/suicidio/dev.tsv
There are 1366 sentence in total. We use 1 processes to inject knowledge into sentences.
Progress of process 0: 0/1366
Progress of process 0: 1000/1366
Label 0: 0.923, 0.922, 0.922
Label 1: 0.900, 0.902, 0.901
Acc. (Correct/Total): 0.9129 (1247/1366) 
Start evaluation on test dataset.
Loading sentences from ./datasets/suicidio/test.tsv
There are 1367 sentence in total. We use 1 processes to inject knowledge into sentences.
Progress of process 0: 0/1367
Progress of process 0: 1000/1367
The number of evaluation instances:  1367
Confusion matrix:
tensor([[706,  63],
        [ 61, 537]])
Report precision, recall, and f1:
Label 0: 0.918, 0.920, 0.919
Label 1: 0.898, 0.895, 0.896
Acc. (Correct/Total): 0.9093 (1243/1367) 
Start evaluation on dev dataset.
Loading sentences from ./datasets/suicidio/dev.tsv
There are 1366 sentence in total. We use 1 processes to inject knowledge into sentences.
Progress of process 0: 0/1366
Progress of process 0: 1000/1366
Label 0: 0.940, 0.897, 0.918
Label 1: 0.876, 0.927, 0.900
Acc. (Correct/Total): 0.9100 (1243/1366) 
Final evaluation on the test dataset.
Loading sentences from ./datasets/suicidio/test.tsv
There are 1367 sentence in total. We use 1 processes to inject knowledge into sentences.
Progress of process 0: 0/1367
Progress of process 0: 1000/1367
The number of evaluation instances:  1367
Confusion matrix:
tensor([[706,  63],
        [ 61, 537]])
Report precision, recall, and f1:
Label 0: 0.918, 0.920, 0.919
Label 1: 0.898, 0.895, 0.896
Acc. (Correct/Total): 0.9093 (1243/1367) 
Tiempo total de ejecución: 1220.21 segundos.
