nohup: ignoring input
Vocabulary Size:  30522
[BertClassifier] use visible_matrix: True
[KnowledgeGraph] Loading spo from brain/kgs/conceptnet_suicidio.spo
Start training.
Loading sentences from ./datasets/suicidio/train.tsv
There are 1000 sentence in total. We use 1 processes to inject knowledge into sentences.
Progress of process 0: 0/1000
Shuffling dataset
Trans data to tensor.
input_ids
label_ids
mask_ids
pos_ids
vms
Batch size:  32
The number of training instances: 1000
Start evaluation on dev dataset.
Loading sentences from ./datasets/suicidio/dev.tsv
There are 1366 sentence in total. We use 1 processes to inject knowledge into sentences.
Progress of process 0: 0/1366
Progress of process 0: 1000/1366
Label 0: 0.826, 0.988, 0.900
Label 1: 0.980, 0.735, 0.840
Acc. (Correct/Total): 0.8770 (1198/1366) 
Start evaluation on test dataset.
Loading sentences from ./datasets/suicidio/test.tsv
There are 1367 sentence in total. We use 1 processes to inject knowledge into sentences.
Progress of process 0: 0/1367
Progress of process 0: 1000/1367
The number of evaluation instances:  1367
Confusion matrix:
tensor([[754, 153],
        [ 13, 447]])
Report precision, recall, and f1:
Label 0: 0.831, 0.983, 0.901
Label 1: 0.972, 0.745, 0.843
Acc. (Correct/Total): 0.8786 (1201/1367) 
Start evaluation on dev dataset.
Loading sentences from ./datasets/suicidio/dev.tsv
There are 1366 sentence in total. We use 1 processes to inject knowledge into sentences.
Progress of process 0: 0/1366
Progress of process 0: 1000/1366
Label 0: 0.913, 0.936, 0.925
Label 1: 0.916, 0.887, 0.901
Acc. (Correct/Total): 0.9143 (1249/1366) 
Start evaluation on test dataset.
Loading sentences from ./datasets/suicidio/test.tsv
There are 1367 sentence in total. We use 1 processes to inject knowledge into sentences.
Progress of process 0: 0/1367
Progress of process 0: 1000/1367
The number of evaluation instances:  1367
Confusion matrix:
tensor([[705,  73],
        [ 62, 527]])
Report precision, recall, and f1:
Label 0: 0.906, 0.919, 0.913
Label 1: 0.895, 0.878, 0.886
Acc. (Correct/Total): 0.9012 (1232/1367) 
Start evaluation on dev dataset.
Loading sentences from ./datasets/suicidio/dev.tsv
There are 1366 sentence in total. We use 1 processes to inject knowledge into sentences.
Progress of process 0: 0/1366
Progress of process 0: 1000/1366
Label 0: 0.947, 0.889, 0.917
Label 1: 0.869, 0.937, 0.901
Acc. (Correct/Total): 0.9100 (1243/1366) 
Start evaluation on dev dataset.
Loading sentences from ./datasets/suicidio/dev.tsv
There are 1366 sentence in total. We use 1 processes to inject knowledge into sentences.
Progress of process 0: 0/1366
Progress of process 0: 1000/1366
Label 0: 0.944, 0.909, 0.926
Label 1: 0.889, 0.932, 0.910
Acc. (Correct/Total): 0.9187 (1255/1366) 
Start evaluation on test dataset.
Loading sentences from ./datasets/suicidio/test.tsv
There are 1367 sentence in total. We use 1 processes to inject knowledge into sentences.
Progress of process 0: 0/1367
Progress of process 0: 1000/1367
The number of evaluation instances:  1367
Confusion matrix:
tensor([[698,  52],
        [ 69, 548]])
Report precision, recall, and f1:
Label 0: 0.931, 0.910, 0.920
Label 1: 0.888, 0.913, 0.901
Acc. (Correct/Total): 0.9115 (1246/1367) 
Start evaluation on dev dataset.
Loading sentences from ./datasets/suicidio/dev.tsv
There are 1366 sentence in total. We use 1 processes to inject knowledge into sentences.
Progress of process 0: 0/1366
Progress of process 0: 1000/1366
Label 0: 0.920, 0.940, 0.930
Label 1: 0.921, 0.895, 0.908
Acc. (Correct/Total): 0.9202 (1257/1366) 
Start evaluation on test dataset.
Loading sentences from ./datasets/suicidio/test.tsv
There are 1367 sentence in total. We use 1 processes to inject knowledge into sentences.
Progress of process 0: 0/1367
Progress of process 0: 1000/1367
The number of evaluation instances:  1367
Confusion matrix:
tensor([[715,  72],
        [ 52, 528]])
Report precision, recall, and f1:
Label 0: 0.909, 0.932, 0.920
Label 1: 0.910, 0.880, 0.895
Acc. (Correct/Total): 0.9093 (1243/1367) 
Final evaluation on the test dataset.
Loading sentences from ./datasets/suicidio/test.tsv
There are 1367 sentence in total. We use 1 processes to inject knowledge into sentences.
Progress of process 0: 0/1367
Progress of process 0: 1000/1367
The number of evaluation instances:  1367
Confusion matrix:
tensor([[715,  72],
        [ 52, 528]])
Report precision, recall, and f1:
Label 0: 0.909, 0.932, 0.920
Label 1: 0.910, 0.880, 0.895
Acc. (Correct/Total): 0.9093 (1243/1367) 
Tiempo total de ejecución: 1219.24 segundos.
