nohup: ignoring input
Vocabulary Size:  30522
[BertClassifier] use visible_matrix: True
[KnowledgeGraph] Loading spo from brain/kgs/conceptnet_suicidio.spo
Start training.
Loading sentences from ./datasets/suicidio/train.tsv
There are 1000 sentence in total. We use 1 processes to inject knowledge into sentences.
Progress of process 0: 0/1000
Shuffling dataset
Trans data to tensor.
input_ids
label_ids
mask_ids
pos_ids
vms
Batch size:  32
The number of training instances: 1000
Start evaluation on dev dataset.
Loading sentences from ./datasets/suicidio/dev.tsv
There are 1366 sentence in total. We use 1 processes to inject knowledge into sentences.
Progress of process 0: 0/1366
Progress of process 0: 1000/1366
Label 0: 0.834, 0.974, 0.899
Label 1: 0.958, 0.753, 0.843
Acc. (Correct/Total): 0.8770 (1198/1366) 
Start evaluation on test dataset.
Loading sentences from ./datasets/suicidio/test.tsv
There are 1367 sentence in total. We use 1 processes to inject knowledge into sentences.
Progress of process 0: 0/1367
Progress of process 0: 1000/1367
The number of evaluation instances:  1367
Confusion matrix:
tensor([[739, 142],
        [ 28, 458]])
Report precision, recall, and f1:
Label 0: 0.839, 0.963, 0.897
Label 1: 0.942, 0.763, 0.843
Acc. (Correct/Total): 0.8756 (1197/1367) 
Start evaluation on dev dataset.
Loading sentences from ./datasets/suicidio/dev.tsv
There are 1366 sentence in total. We use 1 processes to inject knowledge into sentences.
Progress of process 0: 0/1366
Progress of process 0: 1000/1366
Label 0: 0.836, 0.995, 0.909
Label 1: 0.991, 0.752, 0.855
Acc. (Correct/Total): 0.8880 (1213/1366) 
Start evaluation on test dataset.
Loading sentences from ./datasets/suicidio/test.tsv
There are 1367 sentence in total. We use 1 processes to inject knowledge into sentences.
Progress of process 0: 0/1367
Progress of process 0: 1000/1367
The number of evaluation instances:  1367
Confusion matrix:
tensor([[760, 146],
        [  7, 454]])
Report precision, recall, and f1:
Label 0: 0.839, 0.991, 0.909
Label 1: 0.985, 0.757, 0.856
Acc. (Correct/Total): 0.8881 (1214/1367) 
Start evaluation on dev dataset.
Loading sentences from ./datasets/suicidio/dev.tsv
There are 1366 sentence in total. We use 1 processes to inject knowledge into sentences.
Progress of process 0: 0/1366
Progress of process 0: 1000/1366
Label 0: 0.922, 0.930, 0.926
Label 1: 0.909, 0.900, 0.905
Acc. (Correct/Total): 0.9165 (1252/1366) 
Start evaluation on test dataset.
Loading sentences from ./datasets/suicidio/test.tsv
There are 1367 sentence in total. We use 1 processes to inject knowledge into sentences.
Progress of process 0: 0/1367
Progress of process 0: 1000/1367
The number of evaluation instances:  1367
Confusion matrix:
tensor([[709,  65],
        [ 58, 535]])
Report precision, recall, and f1:
Label 0: 0.916, 0.924, 0.920
Label 1: 0.902, 0.892, 0.897
Acc. (Correct/Total): 0.9100 (1244/1367) 
Start evaluation on dev dataset.
Loading sentences from ./datasets/suicidio/dev.tsv
There are 1366 sentence in total. We use 1 processes to inject knowledge into sentences.
Progress of process 0: 0/1366
Progress of process 0: 1000/1366
Label 0: 0.913, 0.963, 0.938
Label 1: 0.950, 0.883, 0.915
Acc. (Correct/Total): 0.9283 (1268/1366) 
Start evaluation on test dataset.
Loading sentences from ./datasets/suicidio/test.tsv
There are 1367 sentence in total. We use 1 processes to inject knowledge into sentences.
Progress of process 0: 0/1367
Progress of process 0: 1000/1367
The number of evaluation instances:  1367
Confusion matrix:
tensor([[726,  78],
        [ 41, 522]])
Report precision, recall, and f1:
Label 0: 0.903, 0.947, 0.924
Label 1: 0.927, 0.870, 0.898
Acc. (Correct/Total): 0.9129 (1248/1367) 
Start evaluation on dev dataset.
Loading sentences from ./datasets/suicidio/dev.tsv
There are 1366 sentence in total. We use 1 processes to inject knowledge into sentences.
Progress of process 0: 0/1366
Progress of process 0: 1000/1366
Label 0: 0.929, 0.935, 0.932
Label 1: 0.916, 0.908, 0.912
Acc. (Correct/Total): 0.9231 (1261/1366) 
Final evaluation on the test dataset.
Loading sentences from ./datasets/suicidio/test.tsv
There are 1367 sentence in total. We use 1 processes to inject knowledge into sentences.
Progress of process 0: 0/1367
Progress of process 0: 1000/1367
The number of evaluation instances:  1367
Confusion matrix:
tensor([[726,  78],
        [ 41, 522]])
Report precision, recall, and f1:
Label 0: 0.903, 0.947, 0.924
Label 1: 0.927, 0.870, 0.898
Acc. (Correct/Total): 0.9129 (1248/1367) 
Tiempo total de ejecución: 1221.19 segundos.
