nohup: ignoring input
Vocabulary Size:  30522
[BertClassifier] use visible_matrix: True
[KnowledgeGraph] Loading spo from brain/kgs/conceptnet_suicidio.spo
Start training.
Loading sentences from ./datasets/suicidio/train.tsv
There are 1000 sentence in total. We use 1 processes to inject knowledge into sentences.
Progress of process 0: 0/1000
Shuffling dataset
Trans data to tensor.
input_ids
label_ids
mask_ids
pos_ids
vms
Batch size:  32
The number of training instances: 1000
Start evaluation on dev dataset.
Loading sentences from ./datasets/suicidio/dev.tsv
There are 1366 sentence in total. We use 1 processes to inject knowledge into sentences.
Progress of process 0: 0/1366
Progress of process 0: 1000/1366
Label 0: 0.804, 0.997, 0.890
Label 1: 0.995, 0.690, 0.815
Acc. (Correct/Total): 0.8624 (1178/1366) 
Start evaluation on test dataset.
Loading sentences from ./datasets/suicidio/test.tsv
There are 1367 sentence in total. We use 1 processes to inject knowledge into sentences.
Progress of process 0: 0/1367
Progress of process 0: 1000/1367
The number of evaluation instances:  1367
Confusion matrix:
tensor([[762, 180],
        [  5, 420]])
Report precision, recall, and f1:
Label 0: 0.809, 0.993, 0.892
Label 1: 0.988, 0.700, 0.820
Acc. (Correct/Total): 0.8647 (1182/1367) 
Start evaluation on dev dataset.
Loading sentences from ./datasets/suicidio/dev.tsv
There are 1366 sentence in total. We use 1 processes to inject knowledge into sentences.
Progress of process 0: 0/1366
Progress of process 0: 1000/1366
Label 0: 0.890, 0.966, 0.927
Label 1: 0.951, 0.848, 0.897
Acc. (Correct/Total): 0.9143 (1249/1366) 
Start evaluation on test dataset.
Loading sentences from ./datasets/suicidio/test.tsv
There are 1367 sentence in total. We use 1 processes to inject knowledge into sentences.
Progress of process 0: 0/1367
Progress of process 0: 1000/1367
The number of evaluation instances:  1367
Confusion matrix:
tensor([[727,  92],
        [ 40, 508]])
Report precision, recall, and f1:
Label 0: 0.888, 0.948, 0.917
Label 1: 0.927, 0.847, 0.885
Acc. (Correct/Total): 0.9034 (1235/1367) 
Start evaluation on dev dataset.
Loading sentences from ./datasets/suicidio/dev.tsv
There are 1366 sentence in total. We use 1 processes to inject knowledge into sentences.
Progress of process 0: 0/1366
Progress of process 0: 1000/1366
Label 0: 0.920, 0.945, 0.932
Label 1: 0.927, 0.895, 0.911
Acc. (Correct/Total): 0.9231 (1261/1366) 
Start evaluation on test dataset.
Loading sentences from ./datasets/suicidio/test.tsv
There are 1367 sentence in total. We use 1 processes to inject knowledge into sentences.
Progress of process 0: 0/1367
Progress of process 0: 1000/1367
The number of evaluation instances:  1367
Confusion matrix:
tensor([[707,  71],
        [ 60, 529]])
Report precision, recall, and f1:
Label 0: 0.909, 0.922, 0.915
Label 1: 0.898, 0.882, 0.890
Acc. (Correct/Total): 0.9042 (1236/1367) 
Start evaluation on dev dataset.
Loading sentences from ./datasets/suicidio/dev.tsv
There are 1366 sentence in total. We use 1 processes to inject knowledge into sentences.
Progress of process 0: 0/1366
Progress of process 0: 1000/1366
Label 0: 0.908, 0.965, 0.935
Label 1: 0.951, 0.875, 0.911
Acc. (Correct/Total): 0.9253 (1264/1366) 
Start evaluation on test dataset.
Loading sentences from ./datasets/suicidio/test.tsv
There are 1367 sentence in total. We use 1 processes to inject knowledge into sentences.
Progress of process 0: 0/1367
Progress of process 0: 1000/1367
The number of evaluation instances:  1367
Confusion matrix:
tensor([[724,  79],
        [ 43, 521]])
Report precision, recall, and f1:
Label 0: 0.902, 0.944, 0.922
Label 1: 0.924, 0.868, 0.895
Acc. (Correct/Total): 0.9108 (1245/1367) 
Start evaluation on dev dataset.
Loading sentences from ./datasets/suicidio/dev.tsv
There are 1366 sentence in total. We use 1 processes to inject knowledge into sentences.
Progress of process 0: 0/1366
Progress of process 0: 1000/1366
Label 0: 0.936, 0.920, 0.928
Label 1: 0.900, 0.920, 0.910
Acc. (Correct/Total): 0.9202 (1257/1366) 
Final evaluation on the test dataset.
Loading sentences from ./datasets/suicidio/test.tsv
There are 1367 sentence in total. We use 1 processes to inject knowledge into sentences.
Progress of process 0: 0/1367
Progress of process 0: 1000/1367
The number of evaluation instances:  1367
Confusion matrix:
tensor([[724,  79],
        [ 43, 521]])
Report precision, recall, and f1:
Label 0: 0.902, 0.944, 0.922
Label 1: 0.924, 0.868, 0.895
Acc. (Correct/Total): 0.9108 (1245/1367) 
Tiempo total de ejecución: 1217.97 segundos.
