nohup: ignoring input
Vocabulary Size:  30522
[BertClassifier] use visible_matrix: True
[KnowledgeGraph] Loading spo from brain/kgs/conceptnet_suicidio.spo
Start training.
Loading sentences from ./datasets/suicidio/train.tsv
There are 1000 sentence in total. We use 1 processes to inject knowledge into sentences.
Progress of process 0: 0/1000
Shuffling dataset
Trans data to tensor.
input_ids
label_ids
mask_ids
pos_ids
vms
Batch size:  32
The number of training instances: 1000
Start evaluation on dev dataset.
Loading sentences from ./datasets/suicidio/dev.tsv
There are 1366 sentence in total. We use 1 processes to inject knowledge into sentences.
Progress of process 0: 0/1366
Progress of process 0: 1000/1366
Label 0: 0.812, 0.995, 0.894
Label 1: 0.991, 0.707, 0.825
Acc. (Correct/Total): 0.8682 (1186/1366) 
Start evaluation on test dataset.
Loading sentences from ./datasets/suicidio/test.tsv
There are 1367 sentence in total. We use 1 processes to inject knowledge into sentences.
Progress of process 0: 0/1367
Progress of process 0: 1000/1367
The number of evaluation instances:  1367
Confusion matrix:
tensor([[760, 171],
        [  7, 429]])
Report precision, recall, and f1:
Label 0: 0.816, 0.991, 0.895
Label 1: 0.984, 0.715, 0.828
Acc. (Correct/Total): 0.8698 (1189/1367) 
Start evaluation on dev dataset.
Loading sentences from ./datasets/suicidio/dev.tsv
There are 1366 sentence in total. We use 1 processes to inject knowledge into sentences.
Progress of process 0: 0/1366
Progress of process 0: 1000/1366
Label 0: 0.903, 0.939, 0.921
Label 1: 0.918, 0.872, 0.894
Acc. (Correct/Total): 0.9092 (1242/1366) 
Start evaluation on test dataset.
Loading sentences from ./datasets/suicidio/test.tsv
There are 1367 sentence in total. We use 1 processes to inject knowledge into sentences.
Progress of process 0: 0/1367
Progress of process 0: 1000/1367
The number of evaluation instances:  1367
Confusion matrix:
tensor([[723,  85],
        [ 44, 515]])
Report precision, recall, and f1:
Label 0: 0.895, 0.943, 0.918
Label 1: 0.921, 0.858, 0.889
Acc. (Correct/Total): 0.9056 (1238/1367) 
Start evaluation on dev dataset.
Loading sentences from ./datasets/suicidio/dev.tsv
There are 1366 sentence in total. We use 1 processes to inject knowledge into sentences.
Progress of process 0: 0/1366
Progress of process 0: 1000/1366
Label 0: 0.938, 0.902, 0.919
Label 1: 0.881, 0.923, 0.902
Acc. (Correct/Total): 0.9114 (1245/1366) 
Start evaluation on test dataset.
Loading sentences from ./datasets/suicidio/test.tsv
There are 1367 sentence in total. We use 1 processes to inject knowledge into sentences.
Progress of process 0: 0/1367
Progress of process 0: 1000/1367
The number of evaluation instances:  1367
Confusion matrix:
tensor([[685,  49],
        [ 82, 551]])
Report precision, recall, and f1:
Label 0: 0.933, 0.893, 0.913
Label 1: 0.870, 0.918, 0.894
Acc. (Correct/Total): 0.9042 (1236/1367) 
Start evaluation on dev dataset.
Loading sentences from ./datasets/suicidio/dev.tsv
There are 1366 sentence in total. We use 1 processes to inject knowledge into sentences.
Progress of process 0: 0/1366
Progress of process 0: 1000/1366
Label 0: 0.944, 0.897, 0.920
Label 1: 0.876, 0.932, 0.903
Acc. (Correct/Total): 0.9122 (1246/1366) 
Start evaluation on test dataset.
Loading sentences from ./datasets/suicidio/test.tsv
There are 1367 sentence in total. We use 1 processes to inject knowledge into sentences.
Progress of process 0: 0/1367
Progress of process 0: 1000/1367
The number of evaluation instances:  1367
Confusion matrix:
tensor([[680,  43],
        [ 87, 557]])
Report precision, recall, and f1:
Label 0: 0.941, 0.887, 0.913
Label 1: 0.865, 0.928, 0.895
Acc. (Correct/Total): 0.9049 (1237/1367) 
Start evaluation on dev dataset.
Loading sentences from ./datasets/suicidio/dev.tsv
There are 1366 sentence in total. We use 1 processes to inject knowledge into sentences.
Progress of process 0: 0/1366
Progress of process 0: 1000/1366
Label 0: 0.924, 0.941, 0.933
Label 1: 0.923, 0.902, 0.912
Acc. (Correct/Total): 0.9239 (1262/1366) 
Start evaluation on test dataset.
Loading sentences from ./datasets/suicidio/test.tsv
There are 1367 sentence in total. We use 1 processes to inject knowledge into sentences.
Progress of process 0: 0/1367
Progress of process 0: 1000/1367
The number of evaluation instances:  1367
Confusion matrix:
tensor([[714,  72],
        [ 53, 528]])
Report precision, recall, and f1:
Label 0: 0.908, 0.931, 0.920
Label 1: 0.909, 0.880, 0.894
Acc. (Correct/Total): 0.9086 (1242/1367) 
Final evaluation on the test dataset.
Loading sentences from ./datasets/suicidio/test.tsv
There are 1367 sentence in total. We use 1 processes to inject knowledge into sentences.
Progress of process 0: 0/1367
Progress of process 0: 1000/1367
The number of evaluation instances:  1367
Confusion matrix:
tensor([[714,  72],
        [ 53, 528]])
Report precision, recall, and f1:
Label 0: 0.908, 0.931, 0.920
Label 1: 0.909, 0.880, 0.894
Acc. (Correct/Total): 0.9086 (1242/1367) 
Tiempo total de ejecución: 1310.71 segundos.
