nohup: ignoring input
Vocabulary Size:  30522
[BertClassifier] use visible_matrix: True
[KnowledgeGraph] Loading spo from brain/kgs/conceptnet_toxicidad.spo
Start training.
Loading sentences from ./datasets/toxicidad/train.tsv
There are 1000 sentence in total. We use 1 processes to inject knowledge into sentences.
Progress of process 0: 0/1000
Shuffling dataset
Trans data to tensor.
input_ids
label_ids
mask_ids
pos_ids
vms
Batch size:  32
The number of training instances: 1000
Start evaluation on dev dataset.
Loading sentences from ./datasets/toxicidad/dev.tsv
There are 1000 sentence in total. We use 1 processes to inject knowledge into sentences.
Progress of process 0: 0/1000
Label 0: 0.611, 0.994, 0.756
Label 1: 0.984, 0.366, 0.534
Acc. (Correct/Total): 0.6800 (680/1000) 
Start evaluation on test dataset.
Loading sentences from ./datasets/toxicidad/test.tsv
There are 1000 sentence in total. We use 1 processes to inject knowledge into sentences.
Progress of process 0: 0/1000
The number of evaluation instances:  1000
Confusion matrix:
tensor([[494, 300],
        [  6, 200]])
Report precision, recall, and f1:
Label 0: 0.622, 0.988, 0.764
Label 1: 0.971, 0.400, 0.567
Acc. (Correct/Total): 0.6940 (694/1000) 
Start evaluation on dev dataset.
Loading sentences from ./datasets/toxicidad/dev.tsv
There are 1000 sentence in total. We use 1 processes to inject knowledge into sentences.
Progress of process 0: 0/1000
Label 0: 0.835, 0.950, 0.889
Label 1: 0.942, 0.812, 0.872
Acc. (Correct/Total): 0.8810 (881/1000) 
Start evaluation on test dataset.
Loading sentences from ./datasets/toxicidad/test.tsv
There are 1000 sentence in total. We use 1 processes to inject knowledge into sentences.
Progress of process 0: 0/1000
The number of evaluation instances:  1000
Confusion matrix:
tensor([[477,  75],
        [ 23, 425]])
Report precision, recall, and f1:
Label 0: 0.864, 0.954, 0.907
Label 1: 0.949, 0.850, 0.897
Acc. (Correct/Total): 0.9020 (902/1000) 
Start evaluation on dev dataset.
Loading sentences from ./datasets/toxicidad/dev.tsv
There are 1000 sentence in total. We use 1 processes to inject knowledge into sentences.
Progress of process 0: 0/1000
Label 0: 0.881, 0.964, 0.921
Label 1: 0.960, 0.870, 0.913
Acc. (Correct/Total): 0.9170 (917/1000) 
Start evaluation on test dataset.
Loading sentences from ./datasets/toxicidad/test.tsv
There are 1000 sentence in total. We use 1 processes to inject knowledge into sentences.
Progress of process 0: 0/1000
The number of evaluation instances:  1000
Confusion matrix:
tensor([[477,  57],
        [ 23, 443]])
Report precision, recall, and f1:
Label 0: 0.893, 0.954, 0.923
Label 1: 0.951, 0.886, 0.917
Acc. (Correct/Total): 0.9200 (920/1000) 
Start evaluation on dev dataset.
Loading sentences from ./datasets/toxicidad/dev.tsv
There are 1000 sentence in total. We use 1 processes to inject knowledge into sentences.
Progress of process 0: 0/1000
Label 0: 0.900, 0.922, 0.911
Label 1: 0.920, 0.898, 0.909
Acc. (Correct/Total): 0.9100 (910/1000) 
Start evaluation on dev dataset.
Loading sentences from ./datasets/toxicidad/dev.tsv
There are 1000 sentence in total. We use 1 processes to inject knowledge into sentences.
Progress of process 0: 0/1000
Label 0: 0.909, 0.894, 0.901
Label 1: 0.896, 0.910, 0.903
Acc. (Correct/Total): 0.9020 (902/1000) 
Final evaluation on the test dataset.
Loading sentences from ./datasets/toxicidad/test.tsv
There are 1000 sentence in total. We use 1 processes to inject knowledge into sentences.
Progress of process 0: 0/1000
The number of evaluation instances:  1000
Confusion matrix:
tensor([[477,  57],
        [ 23, 443]])
Report precision, recall, and f1:
Label 0: 0.893, 0.954, 0.923
Label 1: 0.951, 0.886, 0.917
Acc. (Correct/Total): 0.9200 (920/1000) 
Tiempo total de ejecución: 710.59 segundos.
