nohup: ignoring input
Vocabulary Size:  30522
[BertClassifier] use visible_matrix: True
[KnowledgeGraph] Loading spo from brain/kgs/conceptnet_toxicidad.spo
Start training.
Loading sentences from ./datasets/toxicidad/train.tsv
There are 1000 sentence in total. We use 1 processes to inject knowledge into sentences.
Progress of process 0: 0/1000
Shuffling dataset
Trans data to tensor.
input_ids
label_ids
mask_ids
pos_ids
vms
Batch size:  32
The number of training instances: 1000
Start evaluation on dev dataset.
Loading sentences from ./datasets/toxicidad/dev.tsv
There are 1000 sentence in total. We use 1 processes to inject knowledge into sentences.
Progress of process 0: 0/1000
Label 0: 0.766, 0.778, 0.772
Label 1: 0.774, 0.762, 0.768
Acc. (Correct/Total): 0.7700 (770/1000) 
Start evaluation on test dataset.
Loading sentences from ./datasets/toxicidad/test.tsv
There are 1000 sentence in total. We use 1 processes to inject knowledge into sentences.
Progress of process 0: 0/1000
The number of evaluation instances:  1000
Confusion matrix:
tensor([[367,  99],
        [133, 401]])
Report precision, recall, and f1:
Label 0: 0.788, 0.734, 0.760
Label 1: 0.751, 0.802, 0.776
Acc. (Correct/Total): 0.7680 (768/1000) 
Start evaluation on dev dataset.
Loading sentences from ./datasets/toxicidad/dev.tsv
There are 1000 sentence in total. We use 1 processes to inject knowledge into sentences.
Progress of process 0: 0/1000
Label 0: 0.674, 0.966, 0.794
Label 1: 0.940, 0.532, 0.679
Acc. (Correct/Total): 0.7490 (749/1000) 
Start evaluation on dev dataset.
Loading sentences from ./datasets/toxicidad/dev.tsv
There are 1000 sentence in total. We use 1 processes to inject knowledge into sentences.
Progress of process 0: 0/1000
Label 0: 0.812, 0.958, 0.879
Label 1: 0.949, 0.778, 0.855
Acc. (Correct/Total): 0.8680 (868/1000) 
Start evaluation on test dataset.
Loading sentences from ./datasets/toxicidad/test.tsv
There are 1000 sentence in total. We use 1 processes to inject knowledge into sentences.
Progress of process 0: 0/1000
The number of evaluation instances:  1000
Confusion matrix:
tensor([[482,  93],
        [ 18, 407]])
Report precision, recall, and f1:
Label 0: 0.838, 0.964, 0.897
Label 1: 0.958, 0.814, 0.880
Acc. (Correct/Total): 0.8890 (889/1000) 
Start evaluation on dev dataset.
Loading sentences from ./datasets/toxicidad/dev.tsv
There are 1000 sentence in total. We use 1 processes to inject knowledge into sentences.
Progress of process 0: 0/1000
Label 0: 0.908, 0.844, 0.875
Label 1: 0.854, 0.914, 0.883
Acc. (Correct/Total): 0.8790 (879/1000) 
Start evaluation on test dataset.
Loading sentences from ./datasets/toxicidad/test.tsv
There are 1000 sentence in total. We use 1 processes to inject knowledge into sentences.
Progress of process 0: 0/1000
The number of evaluation instances:  1000
Confusion matrix:
tensor([[422,  35],
        [ 78, 465]])
Report precision, recall, and f1:
Label 0: 0.923, 0.844, 0.882
Label 1: 0.856, 0.930, 0.892
Acc. (Correct/Total): 0.8870 (887/1000) 
Start evaluation on dev dataset.
Loading sentences from ./datasets/toxicidad/dev.tsv
There are 1000 sentence in total. We use 1 processes to inject knowledge into sentences.
Progress of process 0: 0/1000
Label 0: 0.871, 0.946, 0.907
Label 1: 0.941, 0.860, 0.899
Acc. (Correct/Total): 0.9030 (903/1000) 
Start evaluation on test dataset.
Loading sentences from ./datasets/toxicidad/test.tsv
There are 1000 sentence in total. We use 1 processes to inject knowledge into sentences.
Progress of process 0: 0/1000
The number of evaluation instances:  1000
Confusion matrix:
tensor([[481,  56],
        [ 19, 444]])
Report precision, recall, and f1:
Label 0: 0.896, 0.962, 0.928
Label 1: 0.959, 0.888, 0.922
Acc. (Correct/Total): 0.9250 (925/1000) 
Final evaluation on the test dataset.
Loading sentences from ./datasets/toxicidad/test.tsv
There are 1000 sentence in total. We use 1 processes to inject knowledge into sentences.
Progress of process 0: 0/1000
The number of evaluation instances:  1000
Confusion matrix:
tensor([[481,  56],
        [ 19, 444]])
Report precision, recall, and f1:
Label 0: 0.896, 0.962, 0.928
Label 1: 0.959, 0.888, 0.922
Acc. (Correct/Total): 0.9250 (925/1000) 
Tiempo total de ejecución: 748.83 segundos.
