nohup: ignoring input
Vocabulary Size:  30522
[BertClassifier] use visible_matrix: True
[KnowledgeGraph] Loading spo from brain/kgs/conceptnet_toxicidad.spo
Start training.
Loading sentences from ./datasets/toxicidad/train.tsv
There are 1000 sentence in total. We use 1 processes to inject knowledge into sentences.
Progress of process 0: 0/1000
Shuffling dataset
Trans data to tensor.
input_ids
label_ids
mask_ids
pos_ids
vms
Batch size:  32
The number of training instances: 1000
Start evaluation on dev dataset.
Loading sentences from ./datasets/toxicidad/dev.tsv
There are 1000 sentence in total. We use 1 processes to inject knowledge into sentences.
Progress of process 0: 0/1000
Label 0: 0.792, 0.878, 0.833
Label 1: 0.863, 0.770, 0.814
Acc. (Correct/Total): 0.8240 (824/1000) 
Start evaluation on test dataset.
Loading sentences from ./datasets/toxicidad/test.tsv
There are 1000 sentence in total. We use 1 processes to inject knowledge into sentences.
Progress of process 0: 0/1000
The number of evaluation instances:  1000
Confusion matrix:
tensor([[416,  93],
        [ 84, 407]])
Report precision, recall, and f1:
Label 0: 0.817, 0.832, 0.825
Label 1: 0.829, 0.814, 0.821
Acc. (Correct/Total): 0.8230 (823/1000) 
Start evaluation on dev dataset.
Loading sentences from ./datasets/toxicidad/dev.tsv
There are 1000 sentence in total. We use 1 processes to inject knowledge into sentences.
Progress of process 0: 0/1000
Label 0: 0.854, 0.898, 0.875
Label 1: 0.892, 0.846, 0.869
Acc. (Correct/Total): 0.8720 (872/1000) 
Start evaluation on test dataset.
Loading sentences from ./datasets/toxicidad/test.tsv
There are 1000 sentence in total. We use 1 processes to inject knowledge into sentences.
Progress of process 0: 0/1000
The number of evaluation instances:  1000
Confusion matrix:
tensor([[455,  62],
        [ 45, 438]])
Report precision, recall, and f1:
Label 0: 0.880, 0.910, 0.895
Label 1: 0.907, 0.876, 0.891
Acc. (Correct/Total): 0.8930 (893/1000) 
Start evaluation on dev dataset.
Loading sentences from ./datasets/toxicidad/dev.tsv
There are 1000 sentence in total. We use 1 processes to inject knowledge into sentences.
Progress of process 0: 0/1000
Label 0: 0.875, 0.962, 0.916
Label 1: 0.958, 0.862, 0.907
Acc. (Correct/Total): 0.9120 (912/1000) 
Start evaluation on test dataset.
Loading sentences from ./datasets/toxicidad/test.tsv
There are 1000 sentence in total. We use 1 processes to inject knowledge into sentences.
Progress of process 0: 0/1000
The number of evaluation instances:  1000
Confusion matrix:
tensor([[473,  59],
        [ 27, 441]])
Report precision, recall, and f1:
Label 0: 0.889, 0.946, 0.917
Label 1: 0.942, 0.882, 0.911
Acc. (Correct/Total): 0.9140 (914/1000) 
Start evaluation on dev dataset.
Loading sentences from ./datasets/toxicidad/dev.tsv
There are 1000 sentence in total. We use 1 processes to inject knowledge into sentences.
Progress of process 0: 0/1000
Label 0: 0.902, 0.938, 0.920
Label 1: 0.935, 0.898, 0.916
Acc. (Correct/Total): 0.9180 (918/1000) 
Start evaluation on test dataset.
Loading sentences from ./datasets/toxicidad/test.tsv
There are 1000 sentence in total. We use 1 processes to inject knowledge into sentences.
Progress of process 0: 0/1000
The number of evaluation instances:  1000
Confusion matrix:
tensor([[468,  45],
        [ 32, 455]])
Report precision, recall, and f1:
Label 0: 0.912, 0.936, 0.924
Label 1: 0.934, 0.910, 0.922
Acc. (Correct/Total): 0.9230 (923/1000) 
Start evaluation on dev dataset.
Loading sentences from ./datasets/toxicidad/dev.tsv
There are 1000 sentence in total. We use 1 processes to inject knowledge into sentences.
Progress of process 0: 0/1000
Label 0: 0.902, 0.934, 0.917
Label 1: 0.932, 0.898, 0.914
Acc. (Correct/Total): 0.9160 (916/1000) 
Final evaluation on the test dataset.
Loading sentences from ./datasets/toxicidad/test.tsv
There are 1000 sentence in total. We use 1 processes to inject knowledge into sentences.
Progress of process 0: 0/1000
The number of evaluation instances:  1000
Confusion matrix:
tensor([[468,  45],
        [ 32, 455]])
Report precision, recall, and f1:
Label 0: 0.912, 0.936, 0.924
Label 1: 0.934, 0.910, 0.922
Acc. (Correct/Total): 0.9230 (923/1000) 
Tiempo total de ejecución: 748.40 segundos.
