nohup: ignoring input
Vocabulary Size:  30522
[BertClassifier] use visible_matrix: True
[KnowledgeGraph] Loading spo from brain/kgs/conceptnet_toxicidad.spo
Start training.
Loading sentences from ./datasets/toxicidad/train.tsv
There are 1000 sentence in total. We use 1 processes to inject knowledge into sentences.
Progress of process 0: 0/1000
Shuffling dataset
Trans data to tensor.
input_ids
label_ids
mask_ids
pos_ids
vms
Batch size:  32
The number of training instances: 1000
Start evaluation on dev dataset.
Loading sentences from ./datasets/toxicidad/dev.tsv
There are 1000 sentence in total. We use 1 processes to inject knowledge into sentences.
Progress of process 0: 0/1000
Label 0: 0.793, 0.714, 0.752
Label 1: 0.740, 0.814, 0.775
Acc. (Correct/Total): 0.7640 (764/1000) 
Start evaluation on test dataset.
Loading sentences from ./datasets/toxicidad/test.tsv
There are 1000 sentence in total. We use 1 processes to inject knowledge into sentences.
Progress of process 0: 0/1000
The number of evaluation instances:  1000
Confusion matrix:
tensor([[338,  63],
        [162, 437]])
Report precision, recall, and f1:
Label 0: 0.843, 0.676, 0.750
Label 1: 0.730, 0.874, 0.795
Acc. (Correct/Total): 0.7750 (775/1000) 
Start evaluation on dev dataset.
Loading sentences from ./datasets/toxicidad/dev.tsv
There are 1000 sentence in total. We use 1 processes to inject knowledge into sentences.
Progress of process 0: 0/1000
Label 0: 0.846, 0.858, 0.852
Label 1: 0.856, 0.844, 0.850
Acc. (Correct/Total): 0.8510 (851/1000) 
Start evaluation on test dataset.
Loading sentences from ./datasets/toxicidad/test.tsv
There are 1000 sentence in total. We use 1 processes to inject knowledge into sentences.
Progress of process 0: 0/1000
The number of evaluation instances:  1000
Confusion matrix:
tensor([[415,  56],
        [ 85, 444]])
Report precision, recall, and f1:
Label 0: 0.881, 0.830, 0.855
Label 1: 0.839, 0.888, 0.863
Acc. (Correct/Total): 0.8590 (859/1000) 
Start evaluation on dev dataset.
Loading sentences from ./datasets/toxicidad/dev.tsv
There are 1000 sentence in total. We use 1 processes to inject knowledge into sentences.
Progress of process 0: 0/1000
Label 0: 0.866, 0.960, 0.911
Label 1: 0.955, 0.852, 0.901
Acc. (Correct/Total): 0.9060 (906/1000) 
Start evaluation on test dataset.
Loading sentences from ./datasets/toxicidad/test.tsv
There are 1000 sentence in total. We use 1 processes to inject knowledge into sentences.
Progress of process 0: 0/1000
The number of evaluation instances:  1000
Confusion matrix:
tensor([[487,  64],
        [ 13, 436]])
Report precision, recall, and f1:
Label 0: 0.884, 0.974, 0.927
Label 1: 0.971, 0.872, 0.919
Acc. (Correct/Total): 0.9230 (923/1000) 
Start evaluation on dev dataset.
Loading sentences from ./datasets/toxicidad/dev.tsv
There are 1000 sentence in total. We use 1 processes to inject knowledge into sentences.
Progress of process 0: 0/1000
Label 0: 0.895, 0.902, 0.898
Label 1: 0.901, 0.894, 0.898
Acc. (Correct/Total): 0.8980 (898/1000) 
Start evaluation on dev dataset.
Loading sentences from ./datasets/toxicidad/dev.tsv
There are 1000 sentence in total. We use 1 processes to inject knowledge into sentences.
Progress of process 0: 0/1000
Label 0: 0.904, 0.908, 0.906
Label 1: 0.908, 0.904, 0.906
Acc. (Correct/Total): 0.9060 (906/1000) 
Final evaluation on the test dataset.
Loading sentences from ./datasets/toxicidad/test.tsv
There are 1000 sentence in total. We use 1 processes to inject knowledge into sentences.
Progress of process 0: 0/1000
The number of evaluation instances:  1000
Confusion matrix:
tensor([[487,  64],
        [ 13, 436]])
Report precision, recall, and f1:
Label 0: 0.884, 0.974, 0.927
Label 1: 0.971, 0.872, 0.919
Acc. (Correct/Total): 0.9230 (923/1000) 
Tiempo total de ejecución: 715.10 segundos.
