nohup: ignoring input
Vocabulary Size:  30522
[BertClassifier] use visible_matrix: True
[KnowledgeGraph] Loading spo from brain/kgs/conceptnet_toxicidad.spo
Start training.
Loading sentences from ./datasets/toxicidad/train.tsv
There are 1000 sentence in total. We use 1 processes to inject knowledge into sentences.
Progress of process 0: 0/1000
Shuffling dataset
Trans data to tensor.
input_ids
label_ids
mask_ids
pos_ids
vms
Batch size:  32
The number of training instances: 1000
Start evaluation on dev dataset.
Loading sentences from ./datasets/toxicidad/dev.tsv
There are 1000 sentence in total. We use 1 processes to inject knowledge into sentences.
Progress of process 0: 0/1000
Label 0: 0.821, 0.670, 0.738
Label 1: 0.721, 0.854, 0.782
Acc. (Correct/Total): 0.7620 (762/1000) 
Start evaluation on test dataset.
Loading sentences from ./datasets/toxicidad/test.tsv
There are 1000 sentence in total. We use 1 processes to inject knowledge into sentences.
Progress of process 0: 0/1000
The number of evaluation instances:  1000
Confusion matrix:
tensor([[315,  56],
        [185, 444]])
Report precision, recall, and f1:
Label 0: 0.849, 0.630, 0.723
Label 1: 0.706, 0.888, 0.787
Acc. (Correct/Total): 0.7590 (759/1000) 
Start evaluation on dev dataset.
Loading sentences from ./datasets/toxicidad/dev.tsv
There are 1000 sentence in total. We use 1 processes to inject knowledge into sentences.
Progress of process 0: 0/1000
Label 0: 0.836, 0.926, 0.879
Label 1: 0.917, 0.818, 0.865
Acc. (Correct/Total): 0.8720 (872/1000) 
Start evaluation on test dataset.
Loading sentences from ./datasets/toxicidad/test.tsv
There are 1000 sentence in total. We use 1 processes to inject knowledge into sentences.
Progress of process 0: 0/1000
The number of evaluation instances:  1000
Confusion matrix:
tensor([[469,  83],
        [ 31, 417]])
Report precision, recall, and f1:
Label 0: 0.850, 0.938, 0.892
Label 1: 0.931, 0.834, 0.880
Acc. (Correct/Total): 0.8860 (886/1000) 
Start evaluation on dev dataset.
Loading sentences from ./datasets/toxicidad/dev.tsv
There are 1000 sentence in total. We use 1 processes to inject knowledge into sentences.
Progress of process 0: 0/1000
Label 0: 0.906, 0.866, 0.885
Label 1: 0.872, 0.910, 0.890
Acc. (Correct/Total): 0.8880 (888/1000) 
Start evaluation on test dataset.
Loading sentences from ./datasets/toxicidad/test.tsv
There are 1000 sentence in total. We use 1 processes to inject knowledge into sentences.
Progress of process 0: 0/1000
The number of evaluation instances:  1000
Confusion matrix:
tensor([[439,  41],
        [ 61, 459]])
Report precision, recall, and f1:
Label 0: 0.915, 0.878, 0.896
Label 1: 0.883, 0.918, 0.900
Acc. (Correct/Total): 0.8980 (898/1000) 
Start evaluation on dev dataset.
Loading sentences from ./datasets/toxicidad/dev.tsv
There are 1000 sentence in total. We use 1 processes to inject knowledge into sentences.
Progress of process 0: 0/1000
Label 0: 0.921, 0.904, 0.912
Label 1: 0.906, 0.922, 0.914
Acc. (Correct/Total): 0.9130 (913/1000) 
Start evaluation on test dataset.
Loading sentences from ./datasets/toxicidad/test.tsv
There are 1000 sentence in total. We use 1 processes to inject knowledge into sentences.
Progress of process 0: 0/1000
The number of evaluation instances:  1000
Confusion matrix:
tensor([[463,  37],
        [ 37, 463]])
Report precision, recall, and f1:
Label 0: 0.926, 0.926, 0.926
Label 1: 0.926, 0.926, 0.926
Acc. (Correct/Total): 0.9260 (926/1000) 
Start evaluation on dev dataset.
Loading sentences from ./datasets/toxicidad/dev.tsv
There are 1000 sentence in total. We use 1 processes to inject knowledge into sentences.
Progress of process 0: 0/1000
Label 0: 0.911, 0.936, 0.923
Label 1: 0.934, 0.908, 0.921
Acc. (Correct/Total): 0.9220 (922/1000) 
Start evaluation on test dataset.
Loading sentences from ./datasets/toxicidad/test.tsv
There are 1000 sentence in total. We use 1 processes to inject knowledge into sentences.
Progress of process 0: 0/1000
The number of evaluation instances:  1000
Confusion matrix:
tensor([[471,  41],
        [ 29, 459]])
Report precision, recall, and f1:
Label 0: 0.920, 0.942, 0.931
Label 1: 0.941, 0.918, 0.929
Acc. (Correct/Total): 0.9300 (930/1000) 
Final evaluation on the test dataset.
Loading sentences from ./datasets/toxicidad/test.tsv
There are 1000 sentence in total. We use 1 processes to inject knowledge into sentences.
Progress of process 0: 0/1000
The number of evaluation instances:  1000
Confusion matrix:
tensor([[471,  41],
        [ 29, 459]])
Report precision, recall, and f1:
Label 0: 0.920, 0.942, 0.931
Label 1: 0.941, 0.918, 0.929
Acc. (Correct/Total): 0.9300 (930/1000) 
Tiempo total de ejecución: 801.25 segundos.
