nohup: ignoring input
Vocabulary Size:  30522
[BertClassifier] use visible_matrix: True
[KnowledgeGraph] Loading spo from brain/kgs/conceptnet_general.spo
Start training.
Loading sentences from ./datasets/emociones/train.tsv
There are 1000 sentence in total. We use 1 processes to inject knowledge into sentences.
Progress of process 0: 0/1000
Shuffling dataset
Trans data to tensor.
input_ids
label_ids
mask_ids
pos_ids
vms
Batch size:  32
The number of training instances: 1000
Start evaluation on dev dataset.
Loading sentences from ./datasets/emociones/dev.tsv
There are 1000 sentence in total. We use 1 processes to inject knowledge into sentences.
Progress of process 0: 0/1000
Label 0: 0.442, 1.000, 0.613
Label 1: 0.000, 0.000, 0.000
Acc. (Correct/Total): 0.4420 (442/1000) 
Start evaluation on test dataset.
Loading sentences from ./datasets/emociones/test.tsv
There are 1000 sentence in total. We use 1 processes to inject knowledge into sentences.
Progress of process 0: 0/1000
The number of evaluation instances:  1000
Confusion matrix:
tensor([[442, 558],
        [  0,   0]])
Report precision, recall, and f1:
Label 0: 0.442, 1.000, 0.613
Label 1: 0.000, 0.000, 0.000
Acc. (Correct/Total): 0.4420 (442/1000) 
Start evaluation on dev dataset.
Loading sentences from ./datasets/emociones/dev.tsv
There are 1000 sentence in total. We use 1 processes to inject knowledge into sentences.
Progress of process 0: 0/1000
Label 0: 0.442, 1.000, 0.613
Label 1: 0.000, 0.000, 0.000
Acc. (Correct/Total): 0.4420 (442/1000) 
Start evaluation on dev dataset.
Loading sentences from ./datasets/emociones/dev.tsv
There are 1000 sentence in total. We use 1 processes to inject knowledge into sentences.
Progress of process 0: 0/1000
Label 0: 0.000, 0.000, 0.000
Label 1: 0.558, 1.000, 0.716
Acc. (Correct/Total): 0.5580 (558/1000) 
Start evaluation on test dataset.
Loading sentences from ./datasets/emociones/test.tsv
There are 1000 sentence in total. We use 1 processes to inject knowledge into sentences.
Progress of process 0: 0/1000
The number of evaluation instances:  1000
Confusion matrix:
tensor([[  0,   0],
        [442, 558]])
Report precision, recall, and f1:
Label 0: 0.000, 0.000, 0.000
Label 1: 0.558, 1.000, 0.716
Acc. (Correct/Total): 0.5580 (558/1000) 
Start evaluation on dev dataset.
Loading sentences from ./datasets/emociones/dev.tsv
There are 1000 sentence in total. We use 1 processes to inject knowledge into sentences.
Progress of process 0: 0/1000
Label 0: 0.625, 0.812, 0.707
Label 1: 0.805, 0.615, 0.697
Acc. (Correct/Total): 0.7020 (702/1000) 
Start evaluation on test dataset.
Loading sentences from ./datasets/emociones/test.tsv
There are 1000 sentence in total. We use 1 processes to inject knowledge into sentences.
Progress of process 0: 0/1000
The number of evaluation instances:  1000
Confusion matrix:
tensor([[352, 207],
        [ 90, 351]])
Report precision, recall, and f1:
Label 0: 0.630, 0.796, 0.703
Label 1: 0.796, 0.629, 0.703
Acc. (Correct/Total): 0.7030 (703/1000) 
Start evaluation on dev dataset.
Loading sentences from ./datasets/emociones/dev.tsv
There are 1000 sentence in total. We use 1 processes to inject knowledge into sentences.
Progress of process 0: 0/1000
Label 0: 0.664, 0.774, 0.715
Label 1: 0.794, 0.690, 0.738
Acc. (Correct/Total): 0.7270 (727/1000) 
Start evaluation on test dataset.
Loading sentences from ./datasets/emociones/test.tsv
There are 1000 sentence in total. We use 1 processes to inject knowledge into sentences.
Progress of process 0: 0/1000
The number of evaluation instances:  1000
Confusion matrix:
tensor([[344, 162],
        [ 98, 396]])
Report precision, recall, and f1:
Label 0: 0.680, 0.778, 0.726
Label 1: 0.802, 0.710, 0.753
Acc. (Correct/Total): 0.7400 (740/1000) 
Final evaluation on the test dataset.
Loading sentences from ./datasets/emociones/test.tsv
There are 1000 sentence in total. We use 1 processes to inject knowledge into sentences.
Progress of process 0: 0/1000
The number of evaluation instances:  1000
Confusion matrix:
tensor([[344, 162],
        [ 98, 396]])
Report precision, recall, and f1:
Label 0: 0.680, 0.778, 0.726
Label 1: 0.802, 0.710, 0.753
Acc. (Correct/Total): 0.7400 (740/1000) 
Tiempo total de ejecución: 735.46 segundos.
