nohup: ignoring input
Vocabulary Size:  30522
[BertClassifier] use visible_matrix: True
[KnowledgeGraph] Loading spo from brain/kgs/conceptnet_general.spo
Start training.
Loading sentences from ./datasets/emociones/train.tsv
There are 1000 sentence in total. We use 1 processes to inject knowledge into sentences.
Progress of process 0: 0/1000
Shuffling dataset
Trans data to tensor.
input_ids
label_ids
mask_ids
pos_ids
vms
Batch size:  32
The number of training instances: 1000
Start evaluation on dev dataset.
Loading sentences from ./datasets/emociones/dev.tsv
There are 1000 sentence in total. We use 1 processes to inject knowledge into sentences.
Progress of process 0: 0/1000
Label 0: 0.684, 0.328, 0.443
Label 1: 0.623, 0.880, 0.730
Acc. (Correct/Total): 0.6360 (636/1000) 
Start evaluation on test dataset.
Loading sentences from ./datasets/emociones/test.tsv
There are 1000 sentence in total. We use 1 processes to inject knowledge into sentences.
Progress of process 0: 0/1000
The number of evaluation instances:  1000
Confusion matrix:
tensor([[139,  68],
        [303, 490]])
Report precision, recall, and f1:
Label 0: 0.671, 0.314, 0.428
Label 1: 0.618, 0.878, 0.725
Acc. (Correct/Total): 0.6290 (629/1000) 
Start evaluation on dev dataset.
Loading sentences from ./datasets/emociones/dev.tsv
There are 1000 sentence in total. We use 1 processes to inject knowledge into sentences.
Progress of process 0: 0/1000
Label 0: 0.662, 0.896, 0.762
Label 1: 0.886, 0.638, 0.742
Acc. (Correct/Total): 0.7520 (752/1000) 
Start evaluation on test dataset.
Loading sentences from ./datasets/emociones/test.tsv
There are 1000 sentence in total. We use 1 processes to inject knowledge into sentences.
Progress of process 0: 0/1000
The number of evaluation instances:  1000
Confusion matrix:
tensor([[398, 203],
        [ 44, 355]])
Report precision, recall, and f1:
Label 0: 0.662, 0.900, 0.763
Label 1: 0.890, 0.636, 0.742
Acc. (Correct/Total): 0.7530 (753/1000) 
Start evaluation on dev dataset.
Loading sentences from ./datasets/emociones/dev.tsv
There are 1000 sentence in total. We use 1 processes to inject knowledge into sentences.
Progress of process 0: 0/1000
Label 0: 0.721, 0.860, 0.784
Label 1: 0.869, 0.737, 0.797
Acc. (Correct/Total): 0.7910 (791/1000) 
Start evaluation on test dataset.
Loading sentences from ./datasets/emociones/test.tsv
There are 1000 sentence in total. We use 1 processes to inject knowledge into sentences.
Progress of process 0: 0/1000
The number of evaluation instances:  1000
Confusion matrix:
tensor([[365, 146],
        [ 77, 412]])
Report precision, recall, and f1:
Label 0: 0.714, 0.826, 0.766
Label 1: 0.843, 0.738, 0.787
Acc. (Correct/Total): 0.7770 (777/1000) 
Start evaluation on dev dataset.
Loading sentences from ./datasets/emociones/dev.tsv
There are 1000 sentence in total. We use 1 processes to inject knowledge into sentences.
Progress of process 0: 0/1000
Label 0: 0.755, 0.758, 0.756
Label 1: 0.808, 0.805, 0.806
Acc. (Correct/Total): 0.7840 (784/1000) 
Start evaluation on dev dataset.
Loading sentences from ./datasets/emociones/dev.tsv
There are 1000 sentence in total. We use 1 processes to inject knowledge into sentences.
Progress of process 0: 0/1000
Label 0: 0.724, 0.848, 0.781
Label 1: 0.861, 0.744, 0.798
Acc. (Correct/Total): 0.7900 (790/1000) 
Final evaluation on the test dataset.
Loading sentences from ./datasets/emociones/test.tsv
There are 1000 sentence in total. We use 1 processes to inject knowledge into sentences.
Progress of process 0: 0/1000
The number of evaluation instances:  1000
Confusion matrix:
tensor([[365, 146],
        [ 77, 412]])
Report precision, recall, and f1:
Label 0: 0.714, 0.826, 0.766
Label 1: 0.843, 0.738, 0.787
Acc. (Correct/Total): 0.7770 (777/1000) 
Tiempo total de ejecución: 686.37 segundos.
