nohup: ignoring input
Vocabulary Size:  30522
[BertClassifier] use visible_matrix: True
[KnowledgeGraph] Loading spo from brain/kgs/conceptnet_general.spo
Start training.
Loading sentences from ./datasets/emociones/train.tsv
There are 1000 sentence in total. We use 1 processes to inject knowledge into sentences.
Progress of process 0: 0/1000
Shuffling dataset
Trans data to tensor.
input_ids
label_ids
mask_ids
pos_ids
vms
Batch size:  32
The number of training instances: 1000
Start evaluation on dev dataset.
Loading sentences from ./datasets/emociones/dev.tsv
There are 1000 sentence in total. We use 1 processes to inject knowledge into sentences.
Progress of process 0: 0/1000
Label 0: 0.582, 0.957, 0.724
Label 1: 0.930, 0.455, 0.611
Acc. (Correct/Total): 0.6770 (677/1000) 
Start evaluation on test dataset.
Loading sentences from ./datasets/emociones/test.tsv
There are 1000 sentence in total. We use 1 processes to inject knowledge into sentences.
Progress of process 0: 0/1000
The number of evaluation instances:  1000
Confusion matrix:
tensor([[421, 317],
        [ 21, 241]])
Report precision, recall, and f1:
Label 0: 0.570, 0.952, 0.714
Label 1: 0.920, 0.432, 0.588
Acc. (Correct/Total): 0.6620 (662/1000) 
Start evaluation on dev dataset.
Loading sentences from ./datasets/emociones/dev.tsv
There are 1000 sentence in total. We use 1 processes to inject knowledge into sentences.
Progress of process 0: 0/1000
Label 0: 0.655, 0.912, 0.763
Label 1: 0.899, 0.620, 0.734
Acc. (Correct/Total): 0.7490 (749/1000) 
Start evaluation on test dataset.
Loading sentences from ./datasets/emociones/test.tsv
There are 1000 sentence in total. We use 1 processes to inject knowledge into sentences.
Progress of process 0: 0/1000
The number of evaluation instances:  1000
Confusion matrix:
tensor([[397, 198],
        [ 45, 360]])
Report precision, recall, and f1:
Label 0: 0.667, 0.898, 0.766
Label 1: 0.889, 0.645, 0.748
Acc. (Correct/Total): 0.7570 (757/1000) 
Start evaluation on dev dataset.
Loading sentences from ./datasets/emociones/dev.tsv
There are 1000 sentence in total. We use 1 processes to inject knowledge into sentences.
Progress of process 0: 0/1000
Label 0: 0.671, 0.882, 0.762
Label 1: 0.876, 0.658, 0.751
Acc. (Correct/Total): 0.7570 (757/1000) 
Start evaluation on test dataset.
Loading sentences from ./datasets/emociones/test.tsv
There are 1000 sentence in total. We use 1 processes to inject knowledge into sentences.
Progress of process 0: 0/1000
The number of evaluation instances:  1000
Confusion matrix:
tensor([[389, 182],
        [ 53, 376]])
Report precision, recall, and f1:
Label 0: 0.681, 0.880, 0.768
Label 1: 0.876, 0.674, 0.762
Acc. (Correct/Total): 0.7650 (765/1000) 
Start evaluation on dev dataset.
Loading sentences from ./datasets/emociones/dev.tsv
There are 1000 sentence in total. We use 1 processes to inject knowledge into sentences.
Progress of process 0: 0/1000
Label 0: 0.730, 0.794, 0.761
Label 1: 0.825, 0.767, 0.795
Acc. (Correct/Total): 0.7790 (779/1000) 
Start evaluation on test dataset.
Loading sentences from ./datasets/emociones/test.tsv
There are 1000 sentence in total. We use 1 processes to inject knowledge into sentences.
Progress of process 0: 0/1000
The number of evaluation instances:  1000
Confusion matrix:
tensor([[343, 131],
        [ 99, 427]])
Report precision, recall, and f1:
Label 0: 0.724, 0.776, 0.749
Label 1: 0.812, 0.765, 0.788
Acc. (Correct/Total): 0.7700 (770/1000) 
Start evaluation on dev dataset.
Loading sentences from ./datasets/emociones/dev.tsv
There are 1000 sentence in total. We use 1 processes to inject knowledge into sentences.
Progress of process 0: 0/1000
Label 0: 0.706, 0.844, 0.769
Label 1: 0.854, 0.722, 0.783
Acc. (Correct/Total): 0.7760 (776/1000) 
Final evaluation on the test dataset.
Loading sentences from ./datasets/emociones/test.tsv
There are 1000 sentence in total. We use 1 processes to inject knowledge into sentences.
Progress of process 0: 0/1000
The number of evaluation instances:  1000
Confusion matrix:
tensor([[343, 131],
        [ 99, 427]])
Report precision, recall, and f1:
Label 0: 0.724, 0.776, 0.749
Label 1: 0.812, 0.765, 0.788
Acc. (Correct/Total): 0.7700 (770/1000) 
Tiempo total de ejecución: 750.39 segundos.
