nohup: ignoring input
Vocabulary Size:  30522
[BertClassifier] use visible_matrix: True
[KnowledgeGraph] Loading spo from brain/kgs/none.spo
Start training.
Loading sentences from ./datasets/salud_mental/train.tsv
There are 1000 sentence in total. We use 1 processes to inject knowledge into sentences.
Progress of process 0: 0/1000
Shuffling dataset
Trans data to tensor.
input_ids
label_ids
mask_ids
pos_ids
vms
Batch size:  32
The number of training instances: 1000
Start evaluation on dev dataset.
Loading sentences from ./datasets/salud_mental/dev.tsv
There are 1000 sentence in total. We use 1 processes to inject knowledge into sentences.
Progress of process 0: 0/1000
Label 0: 0.912, 0.788, 0.845
Label 1: 0.813, 0.924, 0.865
Acc. (Correct/Total): 0.8560 (856/1000) 
Start evaluation on test dataset.
Loading sentences from ./datasets/salud_mental/test.tsv
There are 1000 sentence in total. We use 1 processes to inject knowledge into sentences.
Progress of process 0: 0/1000
The number of evaluation instances:  1000
Confusion matrix:
tensor([[389,  42],
        [111, 458]])
Report precision, recall, and f1:
Label 0: 0.903, 0.778, 0.836
Label 1: 0.805, 0.916, 0.857
Acc. (Correct/Total): 0.8470 (847/1000) 
Start evaluation on dev dataset.
Loading sentences from ./datasets/salud_mental/dev.tsv
There are 1000 sentence in total. We use 1 processes to inject knowledge into sentences.
Progress of process 0: 0/1000
Label 0: 0.864, 0.912, 0.887
Label 1: 0.907, 0.856, 0.881
Acc. (Correct/Total): 0.8840 (884/1000) 
Start evaluation on test dataset.
Loading sentences from ./datasets/salud_mental/test.tsv
There are 1000 sentence in total. We use 1 processes to inject knowledge into sentences.
Progress of process 0: 0/1000
The number of evaluation instances:  1000
Confusion matrix:
tensor([[458,  72],
        [ 42, 428]])
Report precision, recall, and f1:
Label 0: 0.864, 0.916, 0.889
Label 1: 0.911, 0.856, 0.882
Acc. (Correct/Total): 0.8860 (886/1000) 
Start evaluation on dev dataset.
Loading sentences from ./datasets/salud_mental/dev.tsv
There are 1000 sentence in total. We use 1 processes to inject knowledge into sentences.
Progress of process 0: 0/1000
Label 0: 0.924, 0.826, 0.872
Label 1: 0.843, 0.932, 0.885
Acc. (Correct/Total): 0.8790 (879/1000) 
Start evaluation on dev dataset.
Loading sentences from ./datasets/salud_mental/dev.tsv
There are 1000 sentence in total. We use 1 processes to inject knowledge into sentences.
Progress of process 0: 0/1000
Label 0: 0.909, 0.882, 0.895
Label 1: 0.885, 0.912, 0.899
Acc. (Correct/Total): 0.8970 (897/1000) 
Start evaluation on test dataset.
Loading sentences from ./datasets/salud_mental/test.tsv
There are 1000 sentence in total. We use 1 processes to inject knowledge into sentences.
Progress of process 0: 0/1000
The number of evaluation instances:  1000
Confusion matrix:
tensor([[434,  48],
        [ 66, 452]])
Report precision, recall, and f1:
Label 0: 0.900, 0.868, 0.884
Label 1: 0.873, 0.904, 0.888
Acc. (Correct/Total): 0.8860 (886/1000) 
Start evaluation on dev dataset.
Loading sentences from ./datasets/salud_mental/dev.tsv
There are 1000 sentence in total. We use 1 processes to inject knowledge into sentences.
Progress of process 0: 0/1000
Label 0: 0.908, 0.884, 0.896
Label 1: 0.887, 0.910, 0.898
Acc. (Correct/Total): 0.8970 (897/1000) 
Final evaluation on the test dataset.
Loading sentences from ./datasets/salud_mental/test.tsv
There are 1000 sentence in total. We use 1 processes to inject knowledge into sentences.
Progress of process 0: 0/1000
The number of evaluation instances:  1000
Confusion matrix:
tensor([[434,  48],
        [ 66, 452]])
Report precision, recall, and f1:
Label 0: 0.900, 0.868, 0.884
Label 1: 0.873, 0.904, 0.888
Acc. (Correct/Total): 0.8860 (886/1000) 
Tiempo total de ejecución: 762.62 segundos.
