nohup: ignoring input
Vocabulary Size:  30522
[BertClassifier] use visible_matrix: True
[KnowledgeGraph] Loading spo from brain/kgs/none.spo
Start training.
Loading sentences from ./datasets/salud_mental/train.tsv
There are 1000 sentence in total. We use 1 processes to inject knowledge into sentences.
Progress of process 0: 0/1000
Shuffling dataset
Trans data to tensor.
input_ids
label_ids
mask_ids
pos_ids
vms
Batch size:  32
The number of training instances: 1000
Start evaluation on dev dataset.
Loading sentences from ./datasets/salud_mental/dev.tsv
There are 1000 sentence in total. We use 1 processes to inject knowledge into sentences.
Progress of process 0: 0/1000
Label 0: 0.894, 0.794, 0.841
Label 1: 0.815, 0.906, 0.858
Acc. (Correct/Total): 0.8500 (850/1000) 
Start evaluation on test dataset.
Loading sentences from ./datasets/salud_mental/test.tsv
There are 1000 sentence in total. We use 1 processes to inject knowledge into sentences.
Progress of process 0: 0/1000
The number of evaluation instances:  1000
Confusion matrix:
tensor([[396,  51],
        [104, 449]])
Report precision, recall, and f1:
Label 0: 0.886, 0.792, 0.836
Label 1: 0.812, 0.898, 0.853
Acc. (Correct/Total): 0.8450 (845/1000) 
Start evaluation on dev dataset.
Loading sentences from ./datasets/salud_mental/dev.tsv
There are 1000 sentence in total. We use 1 processes to inject knowledge into sentences.
Progress of process 0: 0/1000
Label 0: 0.879, 0.916, 0.897
Label 1: 0.912, 0.874, 0.893
Acc. (Correct/Total): 0.8950 (895/1000) 
Start evaluation on test dataset.
Loading sentences from ./datasets/salud_mental/test.tsv
There are 1000 sentence in total. We use 1 processes to inject knowledge into sentences.
Progress of process 0: 0/1000
The number of evaluation instances:  1000
Confusion matrix:
tensor([[456,  66],
        [ 44, 434]])
Report precision, recall, and f1:
Label 0: 0.874, 0.912, 0.892
Label 1: 0.908, 0.868, 0.888
Acc. (Correct/Total): 0.8900 (890/1000) 
Start evaluation on dev dataset.
Loading sentences from ./datasets/salud_mental/dev.tsv
There are 1000 sentence in total. We use 1 processes to inject knowledge into sentences.
Progress of process 0: 0/1000
Label 0: 0.873, 0.890, 0.881
Label 1: 0.888, 0.870, 0.879
Acc. (Correct/Total): 0.8800 (880/1000) 
Start evaluation on dev dataset.
Loading sentences from ./datasets/salud_mental/dev.tsv
There are 1000 sentence in total. We use 1 processes to inject knowledge into sentences.
Progress of process 0: 0/1000
Label 0: 0.883, 0.910, 0.897
Label 1: 0.907, 0.880, 0.893
Acc. (Correct/Total): 0.8950 (895/1000) 
Start evaluation on dev dataset.
Loading sentences from ./datasets/salud_mental/dev.tsv
There are 1000 sentence in total. We use 1 processes to inject knowledge into sentences.
Progress of process 0: 0/1000
Label 0: 0.920, 0.856, 0.887
Label 1: 0.865, 0.926, 0.895
Acc. (Correct/Total): 0.8910 (891/1000) 
Final evaluation on the test dataset.
Loading sentences from ./datasets/salud_mental/test.tsv
There are 1000 sentence in total. We use 1 processes to inject knowledge into sentences.
Progress of process 0: 0/1000
The number of evaluation instances:  1000
Confusion matrix:
tensor([[456,  66],
        [ 44, 434]])
Report precision, recall, and f1:
Label 0: 0.874, 0.912, 0.892
Label 1: 0.908, 0.868, 0.888
Acc. (Correct/Total): 0.8900 (890/1000) 
Tiempo total de ejecución: 715.21 segundos.
