nohup: ignoring input
Vocabulary Size:  30522
[BertClassifier] use visible_matrix: True
[KnowledgeGraph] Loading spo from brain/kgs/none.spo
Start training.
Loading sentences from ./datasets/salud_mental/train.tsv
There are 1000 sentence in total. We use 1 processes to inject knowledge into sentences.
Progress of process 0: 0/1000
Shuffling dataset
Trans data to tensor.
input_ids
label_ids
mask_ids
pos_ids
vms
Batch size:  32
The number of training instances: 1000
Start evaluation on dev dataset.
Loading sentences from ./datasets/salud_mental/dev.tsv
There are 1000 sentence in total. We use 1 processes to inject knowledge into sentences.
Progress of process 0: 0/1000
Label 0: 0.758, 0.942, 0.840
Label 1: 0.923, 0.700, 0.796
Acc. (Correct/Total): 0.8210 (821/1000) 
Start evaluation on test dataset.
Loading sentences from ./datasets/salud_mental/test.tsv
There are 1000 sentence in total. We use 1 processes to inject knowledge into sentences.
Progress of process 0: 0/1000
The number of evaluation instances:  1000
Confusion matrix:
tensor([[478, 148],
        [ 22, 352]])
Report precision, recall, and f1:
Label 0: 0.764, 0.956, 0.849
Label 1: 0.941, 0.704, 0.805
Acc. (Correct/Total): 0.8300 (830/1000) 
Start evaluation on dev dataset.
Loading sentences from ./datasets/salud_mental/dev.tsv
There are 1000 sentence in total. We use 1 processes to inject knowledge into sentences.
Progress of process 0: 0/1000
Label 0: 0.859, 0.928, 0.892
Label 1: 0.922, 0.848, 0.883
Acc. (Correct/Total): 0.8880 (888/1000) 
Start evaluation on test dataset.
Loading sentences from ./datasets/salud_mental/test.tsv
There are 1000 sentence in total. We use 1 processes to inject knowledge into sentences.
Progress of process 0: 0/1000
The number of evaluation instances:  1000
Confusion matrix:
tensor([[463,  74],
        [ 37, 426]])
Report precision, recall, and f1:
Label 0: 0.862, 0.926, 0.893
Label 1: 0.920, 0.852, 0.885
Acc. (Correct/Total): 0.8890 (889/1000) 
Start evaluation on dev dataset.
Loading sentences from ./datasets/salud_mental/dev.tsv
There are 1000 sentence in total. We use 1 processes to inject knowledge into sentences.
Progress of process 0: 0/1000
Label 0: 0.929, 0.806, 0.863
Label 1: 0.829, 0.938, 0.880
Acc. (Correct/Total): 0.8720 (872/1000) 
Start evaluation on dev dataset.
Loading sentences from ./datasets/salud_mental/dev.tsv
There are 1000 sentence in total. We use 1 processes to inject knowledge into sentences.
Progress of process 0: 0/1000
Label 0: 0.874, 0.916, 0.895
Label 1: 0.912, 0.868, 0.889
Acc. (Correct/Total): 0.8920 (892/1000) 
Start evaluation on test dataset.
Loading sentences from ./datasets/salud_mental/test.tsv
There are 1000 sentence in total. We use 1 processes to inject knowledge into sentences.
Progress of process 0: 0/1000
The number of evaluation instances:  1000
Confusion matrix:
tensor([[454,  61],
        [ 46, 439]])
Report precision, recall, and f1:
Label 0: 0.882, 0.908, 0.895
Label 1: 0.905, 0.878, 0.891
Acc. (Correct/Total): 0.8930 (893/1000) 
Start evaluation on dev dataset.
Loading sentences from ./datasets/salud_mental/dev.tsv
There are 1000 sentence in total. We use 1 processes to inject knowledge into sentences.
Progress of process 0: 0/1000
Label 0: 0.910, 0.852, 0.880
Label 1: 0.861, 0.916, 0.888
Acc. (Correct/Total): 0.8840 (884/1000) 
Final evaluation on the test dataset.
Loading sentences from ./datasets/salud_mental/test.tsv
There are 1000 sentence in total. We use 1 processes to inject knowledge into sentences.
Progress of process 0: 0/1000
The number of evaluation instances:  1000
Confusion matrix:
tensor([[454,  61],
        [ 46, 439]])
Report precision, recall, and f1:
Label 0: 0.882, 0.908, 0.895
Label 1: 0.905, 0.878, 0.891
Acc. (Correct/Total): 0.8930 (893/1000) 
Tiempo total de ejecución: 772.78 segundos.
