nohup: ignoring input
Vocabulary Size:  30522
[BertClassifier] use visible_matrix: True
[KnowledgeGraph] Loading spo from brain/kgs/none.spo
Start training.
Loading sentences from ./datasets/salud_mental/train.tsv
There are 1000 sentence in total. We use 1 processes to inject knowledge into sentences.
Progress of process 0: 0/1000
Shuffling dataset
Trans data to tensor.
input_ids
label_ids
mask_ids
pos_ids
vms
Batch size:  32
The number of training instances: 1000
Start evaluation on dev dataset.
Loading sentences from ./datasets/salud_mental/dev.tsv
There are 1000 sentence in total. We use 1 processes to inject knowledge into sentences.
Progress of process 0: 0/1000
Label 0: 0.889, 0.868, 0.879
Label 1: 0.871, 0.892, 0.881
Acc. (Correct/Total): 0.8800 (880/1000) 
Start evaluation on test dataset.
Loading sentences from ./datasets/salud_mental/test.tsv
There are 1000 sentence in total. We use 1 processes to inject knowledge into sentences.
Progress of process 0: 0/1000
The number of evaluation instances:  1000
Confusion matrix:
tensor([[432,  48],
        [ 68, 452]])
Report precision, recall, and f1:
Label 0: 0.900, 0.864, 0.882
Label 1: 0.869, 0.904, 0.886
Acc. (Correct/Total): 0.8840 (884/1000) 
Start evaluation on dev dataset.
Loading sentences from ./datasets/salud_mental/dev.tsv
There are 1000 sentence in total. We use 1 processes to inject knowledge into sentences.
Progress of process 0: 0/1000
Label 0: 0.894, 0.896, 0.895
Label 1: 0.896, 0.894, 0.895
Acc. (Correct/Total): 0.8950 (895/1000) 
Start evaluation on test dataset.
Loading sentences from ./datasets/salud_mental/test.tsv
There are 1000 sentence in total. We use 1 processes to inject knowledge into sentences.
Progress of process 0: 0/1000
The number of evaluation instances:  1000
Confusion matrix:
tensor([[444,  48],
        [ 56, 452]])
Report precision, recall, and f1:
Label 0: 0.902, 0.888, 0.895
Label 1: 0.890, 0.904, 0.897
Acc. (Correct/Total): 0.8960 (896/1000) 
Start evaluation on dev dataset.
Loading sentences from ./datasets/salud_mental/dev.tsv
There are 1000 sentence in total. We use 1 processes to inject knowledge into sentences.
Progress of process 0: 0/1000
Label 0: 0.872, 0.942, 0.906
Label 1: 0.937, 0.862, 0.898
Acc. (Correct/Total): 0.9020 (902/1000) 
Start evaluation on test dataset.
Loading sentences from ./datasets/salud_mental/test.tsv
There are 1000 sentence in total. We use 1 processes to inject knowledge into sentences.
Progress of process 0: 0/1000
The number of evaluation instances:  1000
Confusion matrix:
tensor([[464,  70],
        [ 36, 430]])
Report precision, recall, and f1:
Label 0: 0.869, 0.928, 0.897
Label 1: 0.923, 0.860, 0.890
Acc. (Correct/Total): 0.8940 (894/1000) 
Start evaluation on dev dataset.
Loading sentences from ./datasets/salud_mental/dev.tsv
There are 1000 sentence in total. We use 1 processes to inject knowledge into sentences.
Progress of process 0: 0/1000
Label 0: 0.898, 0.896, 0.897
Label 1: 0.896, 0.898, 0.897
Acc. (Correct/Total): 0.8970 (897/1000) 
Start evaluation on dev dataset.
Loading sentences from ./datasets/salud_mental/dev.tsv
There are 1000 sentence in total. We use 1 processes to inject knowledge into sentences.
Progress of process 0: 0/1000
Label 0: 0.918, 0.872, 0.894
Label 1: 0.878, 0.922, 0.900
Acc. (Correct/Total): 0.8970 (897/1000) 
Final evaluation on the test dataset.
Loading sentences from ./datasets/salud_mental/test.tsv
There are 1000 sentence in total. We use 1 processes to inject knowledge into sentences.
Progress of process 0: 0/1000
The number of evaluation instances:  1000
Confusion matrix:
tensor([[464,  70],
        [ 36, 430]])
Report precision, recall, and f1:
Label 0: 0.869, 0.928, 0.897
Label 1: 0.923, 0.860, 0.890
Acc. (Correct/Total): 0.8940 (894/1000) 
Tiempo total de ejecución: 773.43 segundos.
