nohup: ignoring input
Vocabulary Size:  30522
[BertClassifier] use visible_matrix: True
[KnowledgeGraph] Loading spo from brain/kgs/none.spo
Start training.
Loading sentences from ./datasets/salud_mental/train.tsv
There are 1000 sentence in total. We use 1 processes to inject knowledge into sentences.
Progress of process 0: 0/1000
Shuffling dataset
Trans data to tensor.
input_ids
label_ids
mask_ids
pos_ids
vms
Batch size:  32
The number of training instances: 1000
Start evaluation on dev dataset.
Loading sentences from ./datasets/salud_mental/dev.tsv
There are 1000 sentence in total. We use 1 processes to inject knowledge into sentences.
Progress of process 0: 0/1000
Label 0: 0.913, 0.796, 0.850
Label 1: 0.819, 0.924, 0.868
Acc. (Correct/Total): 0.8600 (860/1000) 
Start evaluation on test dataset.
Loading sentences from ./datasets/salud_mental/test.tsv
There are 1000 sentence in total. We use 1 processes to inject knowledge into sentences.
Progress of process 0: 0/1000
The number of evaluation instances:  1000
Confusion matrix:
tensor([[383,  32],
        [117, 468]])
Report precision, recall, and f1:
Label 0: 0.923, 0.766, 0.837
Label 1: 0.800, 0.936, 0.863
Acc. (Correct/Total): 0.8510 (851/1000) 
Start evaluation on dev dataset.
Loading sentences from ./datasets/salud_mental/dev.tsv
There are 1000 sentence in total. We use 1 processes to inject knowledge into sentences.
Progress of process 0: 0/1000
Label 0: 0.890, 0.892, 0.891
Label 1: 0.892, 0.890, 0.891
Acc. (Correct/Total): 0.8910 (891/1000) 
Start evaluation on test dataset.
Loading sentences from ./datasets/salud_mental/test.tsv
There are 1000 sentence in total. We use 1 processes to inject knowledge into sentences.
Progress of process 0: 0/1000
The number of evaluation instances:  1000
Confusion matrix:
tensor([[446,  57],
        [ 54, 443]])
Report precision, recall, and f1:
Label 0: 0.887, 0.892, 0.889
Label 1: 0.891, 0.886, 0.889
Acc. (Correct/Total): 0.8890 (889/1000) 
Start evaluation on dev dataset.
Loading sentences from ./datasets/salud_mental/dev.tsv
There are 1000 sentence in total. We use 1 processes to inject knowledge into sentences.
Progress of process 0: 0/1000
Label 0: 0.890, 0.892, 0.891
Label 1: 0.892, 0.890, 0.891
Acc. (Correct/Total): 0.8910 (891/1000) 
Start evaluation on dev dataset.
Loading sentences from ./datasets/salud_mental/dev.tsv
There are 1000 sentence in total. We use 1 processes to inject knowledge into sentences.
Progress of process 0: 0/1000
Label 0: 0.893, 0.914, 0.903
Label 1: 0.912, 0.890, 0.901
Acc. (Correct/Total): 0.9020 (902/1000) 
Start evaluation on test dataset.
Loading sentences from ./datasets/salud_mental/test.tsv
There are 1000 sentence in total. We use 1 processes to inject knowledge into sentences.
Progress of process 0: 0/1000
The number of evaluation instances:  1000
Confusion matrix:
tensor([[455,  52],
        [ 45, 448]])
Report precision, recall, and f1:
Label 0: 0.897, 0.910, 0.904
Label 1: 0.909, 0.896, 0.902
Acc. (Correct/Total): 0.9030 (903/1000) 
Start evaluation on dev dataset.
Loading sentences from ./datasets/salud_mental/dev.tsv
There are 1000 sentence in total. We use 1 processes to inject knowledge into sentences.
Progress of process 0: 0/1000
Label 0: 0.889, 0.914, 0.901
Label 1: 0.912, 0.886, 0.899
Acc. (Correct/Total): 0.9000 (900/1000) 
Final evaluation on the test dataset.
Loading sentences from ./datasets/salud_mental/test.tsv
There are 1000 sentence in total. We use 1 processes to inject knowledge into sentences.
Progress of process 0: 0/1000
The number of evaluation instances:  1000
Confusion matrix:
tensor([[455,  52],
        [ 45, 448]])
Report precision, recall, and f1:
Label 0: 0.897, 0.910, 0.904
Label 1: 0.909, 0.896, 0.902
Acc. (Correct/Total): 0.9030 (903/1000) 
Tiempo total de ejecución: 771.09 segundos.
