nohup: ignoring input
Vocabulary Size:  30522
[BertClassifier] use visible_matrix: True
[KnowledgeGraph] Loading spo from brain/kgs/none.spo
Start training.
Loading sentences from ./datasets/salud_mental/train.tsv
There are 1000 sentence in total. We use 1 processes to inject knowledge into sentences.
Progress of process 0: 0/1000
Shuffling dataset
Trans data to tensor.
input_ids
label_ids
mask_ids
pos_ids
vms
Batch size:  32
The number of training instances: 1000
Start evaluation on dev dataset.
Loading sentences from ./datasets/salud_mental/dev.tsv
There are 1000 sentence in total. We use 1 processes to inject knowledge into sentences.
Progress of process 0: 0/1000
Label 0: 0.912, 0.824, 0.866
Label 1: 0.839, 0.920, 0.878
Acc. (Correct/Total): 0.8720 (872/1000) 
Start evaluation on test dataset.
Loading sentences from ./datasets/salud_mental/test.tsv
There are 1000 sentence in total. We use 1 processes to inject knowledge into sentences.
Progress of process 0: 0/1000
The number of evaluation instances:  1000
Confusion matrix:
tensor([[408,  35],
        [ 92, 465]])
Report precision, recall, and f1:
Label 0: 0.921, 0.816, 0.865
Label 1: 0.835, 0.930, 0.880
Acc. (Correct/Total): 0.8730 (873/1000) 
Start evaluation on dev dataset.
Loading sentences from ./datasets/salud_mental/dev.tsv
There are 1000 sentence in total. We use 1 processes to inject knowledge into sentences.
Progress of process 0: 0/1000
Label 0: 0.897, 0.886, 0.891
Label 1: 0.887, 0.898, 0.893
Acc. (Correct/Total): 0.8920 (892/1000) 
Start evaluation on test dataset.
Loading sentences from ./datasets/salud_mental/test.tsv
There are 1000 sentence in total. We use 1 processes to inject knowledge into sentences.
Progress of process 0: 0/1000
The number of evaluation instances:  1000
Confusion matrix:
tensor([[441,  50],
        [ 59, 450]])
Report precision, recall, and f1:
Label 0: 0.898, 0.882, 0.890
Label 1: 0.884, 0.900, 0.892
Acc. (Correct/Total): 0.8910 (891/1000) 
Start evaluation on dev dataset.
Loading sentences from ./datasets/salud_mental/dev.tsv
There are 1000 sentence in total. We use 1 processes to inject knowledge into sentences.
Progress of process 0: 0/1000
Label 0: 0.896, 0.894, 0.895
Label 1: 0.894, 0.896, 0.895
Acc. (Correct/Total): 0.8950 (895/1000) 
Start evaluation on test dataset.
Loading sentences from ./datasets/salud_mental/test.tsv
There are 1000 sentence in total. We use 1 processes to inject knowledge into sentences.
Progress of process 0: 0/1000
The number of evaluation instances:  1000
Confusion matrix:
tensor([[440,  52],
        [ 60, 448]])
Report precision, recall, and f1:
Label 0: 0.894, 0.880, 0.887
Label 1: 0.882, 0.896, 0.889
Acc. (Correct/Total): 0.8880 (888/1000) 
Start evaluation on dev dataset.
Loading sentences from ./datasets/salud_mental/dev.tsv
There are 1000 sentence in total. We use 1 processes to inject knowledge into sentences.
Progress of process 0: 0/1000
Label 0: 0.904, 0.900, 0.902
Label 1: 0.900, 0.904, 0.902
Acc. (Correct/Total): 0.9020 (902/1000) 
Start evaluation on test dataset.
Loading sentences from ./datasets/salud_mental/test.tsv
There are 1000 sentence in total. We use 1 processes to inject knowledge into sentences.
Progress of process 0: 0/1000
The number of evaluation instances:  1000
Confusion matrix:
tensor([[441,  48],
        [ 59, 452]])
Report precision, recall, and f1:
Label 0: 0.902, 0.882, 0.892
Label 1: 0.885, 0.904, 0.894
Acc. (Correct/Total): 0.8930 (893/1000) 
Start evaluation on dev dataset.
Loading sentences from ./datasets/salud_mental/dev.tsv
There are 1000 sentence in total. We use 1 processes to inject knowledge into sentences.
Progress of process 0: 0/1000
Label 0: 0.896, 0.900, 0.898
Label 1: 0.900, 0.896, 0.898
Acc. (Correct/Total): 0.8980 (898/1000) 
Final evaluation on the test dataset.
Loading sentences from ./datasets/salud_mental/test.tsv
There are 1000 sentence in total. We use 1 processes to inject knowledge into sentences.
Progress of process 0: 0/1000
The number of evaluation instances:  1000
Confusion matrix:
tensor([[441,  48],
        [ 59, 452]])
Report precision, recall, and f1:
Label 0: 0.902, 0.882, 0.892
Label 1: 0.885, 0.904, 0.894
Acc. (Correct/Total): 0.8930 (893/1000) 
Tiempo total de ejecución: 823.28 segundos.
