nohup: ignoring input
Vocabulary Size:  30522
[BertClassifier] use visible_matrix: True
[KnowledgeGraph] Loading spo from brain/kgs/none.spo
Start training.
Loading sentences from ./datasets/salud_mental/train.tsv
There are 1000 sentence in total. We use 1 processes to inject knowledge into sentences.
Progress of process 0: 0/1000
Shuffling dataset
Trans data to tensor.
input_ids
label_ids
mask_ids
pos_ids
vms
Batch size:  32
The number of training instances: 1000
Start evaluation on dev dataset.
Loading sentences from ./datasets/salud_mental/dev.tsv
There are 1000 sentence in total. We use 1 processes to inject knowledge into sentences.
Progress of process 0: 0/1000
Label 0: 0.919, 0.724, 0.810
Label 1: 0.772, 0.936, 0.846
Acc. (Correct/Total): 0.8300 (830/1000) 
Start evaluation on test dataset.
Loading sentences from ./datasets/salud_mental/test.tsv
There are 1000 sentence in total. We use 1 processes to inject knowledge into sentences.
Progress of process 0: 0/1000
The number of evaluation instances:  1000
Confusion matrix:
tensor([[362,  20],
        [138, 480]])
Report precision, recall, and f1:
Label 0: 0.948, 0.724, 0.821
Label 1: 0.777, 0.960, 0.859
Acc. (Correct/Total): 0.8420 (842/1000) 
Start evaluation on dev dataset.
Loading sentences from ./datasets/salud_mental/dev.tsv
There are 1000 sentence in total. We use 1 processes to inject knowledge into sentences.
Progress of process 0: 0/1000
Label 0: 0.878, 0.890, 0.884
Label 1: 0.888, 0.876, 0.882
Acc. (Correct/Total): 0.8830 (883/1000) 
Start evaluation on test dataset.
Loading sentences from ./datasets/salud_mental/test.tsv
There are 1000 sentence in total. We use 1 processes to inject knowledge into sentences.
Progress of process 0: 0/1000
The number of evaluation instances:  1000
Confusion matrix:
tensor([[452,  59],
        [ 48, 441]])
Report precision, recall, and f1:
Label 0: 0.885, 0.904, 0.894
Label 1: 0.902, 0.882, 0.892
Acc. (Correct/Total): 0.8930 (893/1000) 
Start evaluation on dev dataset.
Loading sentences from ./datasets/salud_mental/dev.tsv
There are 1000 sentence in total. We use 1 processes to inject knowledge into sentences.
Progress of process 0: 0/1000
Label 0: 0.871, 0.920, 0.895
Label 1: 0.915, 0.864, 0.889
Acc. (Correct/Total): 0.8920 (892/1000) 
Start evaluation on test dataset.
Loading sentences from ./datasets/salud_mental/test.tsv
There are 1000 sentence in total. We use 1 processes to inject knowledge into sentences.
Progress of process 0: 0/1000
The number of evaluation instances:  1000
Confusion matrix:
tensor([[465,  67],
        [ 35, 433]])
Report precision, recall, and f1:
Label 0: 0.874, 0.930, 0.901
Label 1: 0.925, 0.866, 0.895
Acc. (Correct/Total): 0.8980 (898/1000) 
Start evaluation on dev dataset.
Loading sentences from ./datasets/salud_mental/dev.tsv
There are 1000 sentence in total. We use 1 processes to inject knowledge into sentences.
Progress of process 0: 0/1000
Label 0: 0.920, 0.830, 0.873
Label 1: 0.845, 0.928, 0.885
Acc. (Correct/Total): 0.8790 (879/1000) 
Start evaluation on dev dataset.
Loading sentences from ./datasets/salud_mental/dev.tsv
There are 1000 sentence in total. We use 1 processes to inject knowledge into sentences.
Progress of process 0: 0/1000
Label 0: 0.893, 0.898, 0.895
Label 1: 0.897, 0.892, 0.895
Acc. (Correct/Total): 0.8950 (895/1000) 
Start evaluation on test dataset.
Loading sentences from ./datasets/salud_mental/test.tsv
There are 1000 sentence in total. We use 1 processes to inject knowledge into sentences.
Progress of process 0: 0/1000
The number of evaluation instances:  1000
Confusion matrix:
tensor([[444,  50],
        [ 56, 450]])
Report precision, recall, and f1:
Label 0: 0.899, 0.888, 0.893
Label 1: 0.889, 0.900, 0.895
Acc. (Correct/Total): 0.8940 (894/1000) 
Final evaluation on the test dataset.
Loading sentences from ./datasets/salud_mental/test.tsv
There are 1000 sentence in total. We use 1 processes to inject knowledge into sentences.
Progress of process 0: 0/1000
The number of evaluation instances:  1000
Confusion matrix:
tensor([[444,  50],
        [ 56, 450]])
Report precision, recall, and f1:
Label 0: 0.899, 0.888, 0.893
Label 1: 0.889, 0.900, 0.895
Acc. (Correct/Total): 0.8940 (894/1000) 
Tiempo total de ejecución: 820.03 segundos.
